bun test v1.4.2 (744846f84)

tests/discovery.test.ts:
(pass) bare bun test skips issues/** and still discovers tests/ and test/ [4.19ms]

tests/env.test.ts:
(pass) readR2Config > maps the four variables explicitly with region auto [0.12ms]
(pass) readR2Config > names every missing or blank variable, never values [0.12ms]
(pass) readR2Config > empty env names all four [0.08ms]
(pass) readR2Config > defaults to process.env; importing helpers needs no credentials [20.87ms]

tests/sites.test.ts:
(pass) loadSites valid input > normalizes literal YAML, preserves order, applies defaults [0.71ms]
(pass) loadSites valid input > empty sites list is allowed [0.04ms]
(pass) loadSites valid input > ratio bounds 0 and 1 are inclusive [0.10ms]
(pass) loadSites valid input > shipped sites.example.yaml loads [0.21ms]
(pass) loadSites required negative cases > duplicate slug [0.14ms]
(pass) loadSites required negative cases > missing url [0.04ms]
(pass) loadSites required negative cases > trailing-slash url [0.04ms]
(pass) loadSites required negative cases > empty pages [0.04ms]
(pass) loadSites required negative cases > unknown site key [0.08ms]
(pass) loadSites required negative cases > malformed masks [0.23ms]
(pass) loadSites broader validation > root shape and unknown root key [0.10ms]
(pass) loadSites broader validation > site entry must be a mapping [0.03ms]
(pass) loadSites broader validation > slug missing or malformed uses index [0.24ms]
(pass) loadSites broader validation > url wrong type, scheme, credentials, query, fragment [0.22ms]
(pass) loadSites broader validation > form_helper required boolean [0.10ms]
(pass) loadSites broader validation > ratio type and bounds [0.21ms]
(pass) loadSites broader validation > pages wrong type and bad page entries [0.16ms]
(pass) loadSites broader validation > bad page paths [0.21ms]
(pass) loadSites broader validation > paths that URL resolution would normalize off-site or into traversal [0.45ms]
(pass) loadSites broader validation > percent-encoded non-traversal paths stay valid [0.35ms]
(pass) loadSites broader validation > duplicate page paths and key collisions [0.14ms]
(pass) loadSites broader validation > same page across different sites is fine [0.06ms]
(pass) loadSites broader validation > read and YAML errors are wrapped without file contents [0.12ms]
(pass) loadSites broader validation > default path is sites.yaml in the working directory [10.25ms]
(pass) pageKey > mandated examples [0.05ms]
(pass) pageKey > deterministic and filename safe [0.14ms]

tests/store.test.ts:
(pass) run IDs > canonical millisecond UTC ISO with colons replaced [0.06ms]
(pass) run IDs > rejects noncanonical and malformed IDs [0.03ms]
(pass) expiredReportKeys > keeps the newest distinct runs and removes every object of older runs [0.14ms]
(pass) expiredReportKeys > default is 10 [0.09ms]
(pass) expiredReportKeys > zero removes all recognized reports, never sentinels [0.05ms]
(pass) expiredReportKeys > count at or below keep is a no-op [0.07ms]
(pass) expiredReportKeys > input order does not matter; runs count once regardless of object count [0.06ms]
(pass) expiredReportKeys > invalid keep throws [0.06ms]
(pass) store validation before any request > createStore validates root and page size [0.12ms]
(pass) store validation before any request > unsafe keys reject with StoreError, not a network error [0.68ms]
(pass) store validation before any request > root counts toward the key length limit [0.06ms]
(pass) store validation before any request > presign validates expiry and signs the scoped key for GET [0.16ms]
(pass) store validation before any request > external folder marker of an expired run is selected but rejected, never slash-trimmed [0.13ms]
(pass) store validation before any request > invalid keep rejects before listing [0.13ms]
(pass) lazy environment > importing store needs no env; first use names missing variables [13.20ms]
(pass) store:selftest missing configuration > all blank: nonzero, names all four, no artifact [9.53ms]
(pass) store:selftest missing configuration > one blank: names only it and prints no values [5.35ms]

tests/capture.test.ts:
(pass) locked viewports and readiness limits [0.21ms]
Failed navigation fixture: {"path":"/delayed-unreachable","state":"blocked","health":{"status":null,"finalUrl":"chrome-error://chromewebdata/","criticalError":false,"consoleErrors":[],"failedRequests":[],"mixedContent":[]},"hasImage":false,"writes":0} artifacts: /home/rudi/Work/Privatni/Pirax-Castrum-Maintenance/issues/worktrees/form-helper-plugin/runs/capture-test-2026-09-26T10-05-09.551Z
(pass) capture in real Chromium > failed later main-document navigation from /delayed-unreachable cannot reuse HTTP 200 [1620.16ms]
Failed navigation fixture: {"path":"/delayed-post","state":"blocked","health":{"status":null,"finalUrl":"chrome-error://chromewebdata/","criticalError":false,"consoleErrors":[],"failedRequests":[],"mixedContent":[]},"hasImage":false,"writes":0} artifacts: /home/rudi/Work/Privatni/Pirax-Castrum-Maintenance/issues/worktrees/form-helper-plugin/runs/capture-test-2026-09-26T10-05-09.551Z
(pass) capture in real Chromium > failed later main-document navigation from /delayed-post cannot reuse HTTP 200 [1600.60ms]
(pass) capture in real Chromium > delayed main-document navigation to /missing uses final health and classification [1629.43ms]
(pass) capture in real Chromium > delayed main-document navigation to /critical uses final health and classification [1630.34ms]
(pass) capture in real Chromium > delayed main-document navigation to /forbidden uses final health and classification [1587.42ms]
(pass) capture in real Chromium > delayed main-document navigation to /challenge uses final health and classification [1563.71ms]
(pass) capture in real Chromium > delayed main-document navigation to /header-only-challenge uses final health and classification [1565.68ms]
(pass) capture in real Chromium > direct HTTP redirect retains the final document status [775.67ms]
(pass) capture in real Chromium > navigation triggered by readiness scrolling reconciles the final document [1767.17ms]
WebSocket fixture: {"mutations":0,"connections":0} artifacts: /home/rudi/Work/Privatni/Pirax-Castrum-Maintenance/issues/worktrees/form-helper-plugin/runs/capture-test-2026-09-26T10-05-09.551Z
(pass) capture in real Chromium > read-only policy blocks real WebSocket mutations while GET content captures [741.54ms]
(pass) capture in real Chromium > full-page PNG at both viewports includes lazy content; trace saved [2547.52ms]
(pass) capture in real Chromium > site and page masks combine; masked captures are stable, unmasked ones change [6008.36ms]
(pass) capture in real Chromium > unmatched valid mask warns; invalid or non-CSS selectors are configuration errors [1533.44ms]
(pass) capture in real Chromium > health: console/pageerror, 404 assets, transport failure; policy aborts are warnings; CAPTCHA text is not blocked [758.73ms]
(pass) capture in real Chromium > 404 page and critical error are captured health failures, not blocked [1472.45ms]
(pass) capture in real Chromium > unreachable, 403 and challenge pages are blocked with reasons and a trace [2154.74ms]
(pass) capture in real Chromium > never-idle, infinitely scrolling page finishes within its limits with readiness warnings [3372.49ms]
(pass) TLS and mixed content on a real HTTPS fixture > self-signed certificate is blocked unless the internal test option is set [63.43ms]
(pass) TLS and mixed content on a real HTTPS fixture > HTTP resources on an HTTPS page are mixed content; plain HTTP links are not [1536.85ms]
(pass) challengeReason needs explicit markers [0.15ms]

tests/commands.test.ts:
(pass) command preflight without browser or storage > parses selection, optional sites and approve page; retains list order [0.16ms]
(pass) command preflight without browser or storage > rejects missing, extra, unsupported flags and approve all [0.06ms]
(pass) command preflight without browser or storage > exit 2 for configuration before work; empty all is zero with no credentials [0.52ms]
(pass) command preflight without browser or storage > CLI imports have no credential reads or exits and missing env is sanitized exit 2 [645.91ms]
(pass) only canonical completed run IDs qualify, in descending order [0.14ms]
(pass) latest containing site is selected, incomplete/unrelated evidence never replaces it [0.72ms]
(pass) latest valid containing site wins over unrelated newer history without falling back from blocked pages [0.75ms]
(pass) direct approval rejects an unlisted page before touching its real lazy Store [0.58ms]

tests/compare.test.ts:
(pass) comparePng with equal dimensions > identical images are same with ratio 0 and a decodable diff [4.94ms]
(pass) comparePng with equal dimensions > ratio below, equal to and above the allowance (100 px image, 1 px = 0.01) [2.19ms]
(pass) comparePng with equal dimensions > uses pixelmatch threshold 0.1: small colour deltas ignored, larger ones counted [1.13ms]
(pass) comparePng with different dimensions > height-only change is changed regardless of allowance, with padded diff [0.86ms]
(pass) comparePng with different dimensions > width-only change and both-axis change do not crash [1.51ms]
(pass) comparePng with undecodable input > corrupt baseline or actual PNG is an explicit error, not a crash [0.36ms]

tests/health.test.ts:
(pass) normalizeHealth > deduplicates and sorts without dropping query distinctions [0.08ms]
(pass) evaluateHealth > clean page has no findings [0.02ms]
(pass) evaluateHealth > without a baseline every console and request finding fails [0.05ms]
(pass) evaluateHealth > baselined console and URL/status pairs become warnings, new ones fail, removed ones vanish [0.11ms]
(pass) evaluateHealth > HTTP >= 400, critical error and mixed content fail even when baselined [0.08ms]
(pass) parseHealth > round-trips a valid snapshot and normalizes it [0.16ms]
(pass) parseHealth > rejects malformed shapes with a field name [0.19ms]

tests/report.test.ts:
(pass) private report > embeds images and escapes all untrusted text without external assets [2.24ms]
(pass) private report > renders exact future Forms outcomes only when supplied [0.14ms]
(pass) private report > aggregates blocked, failures and warnings while keeping capture separate [0.03ms]
(pass) manifest and exact approval evidence > accepts canonical manifest and derives safe encoded page keys [0.12ms]
(pass) manifest and exact approval evidence > rejects malformed schemas, shapes, duplicate sites, run mismatch and arbitrary artifact paths [0.24ms]
(pass) manifest and exact approval evidence > requires current URL, requested pages and both complete captures from the selected run [0.29ms]
(pass) manifest and exact approval evidence > validates actual PNG and raw health bytes against recorded dimensions [2.12ms]
(pass) manifest and exact approval evidence > approval accepts full-page horizontal overflow using recorded dimensions [1.09ms]
Report browser artifact: /home/rudi/Work/Privatni/Pirax-Castrum-Maintenance/issues/worktrees/form-helper-plugin/runs/2026-09-26T10-05-44.272Z/index.html
(pass) local report renders all embedded images and inert hostile text in real Chromium [243.13ms]

test/plugin/review-regressions.test.ts:
(pass) marked wp_mail: control-prefixed Cc/Bcc header names never reach the native envelope; ordinary mail keeps them [3872.89ms]
(pass) hourly sweep deletes old FF test entries whose marker field was later renamed or removed; controls stay [10842.34ms]

test/plugin/harness.test.ts:
(pass) preflight names missing or invalid credentials without their values [0.36ms]
(pass) loopback WordPress runs licensed Gravity Forms and pinned Fluent Forms with real PHP and database [3240.74ms]
(pass) browser logs in to real wp-admin and submits unmarked forms for both plugins [26770.77ms]
(pass) stop shuts the site down [155.89ms]

test/plugin/safety.test.ts:
(pass) FF: a later PHP_INT_MAX feed-type filter registered after the plugin cannot resurrect the ledger feed on a marked submission [19241.79ms]
(pass) FF queued: a marked notification that throws inside native mail processing does not redirect the next ordinary job in the same runner request [21281.17ms]
(pass) FF queued cleanup race: a marked entry deleted natively after the runner loaded it, with the token rotated, still sends only redirected mail; ordinary jobs stay ordinary [16106.53ms]
(pass) FF unsupported marked form with reCAPTCHA and failing siteverify is rejected with the blocked message before CAPTCHA [16098.03ms]
(pass) GF sweep: an old token entry's queued notifications (entry snapshots included) and feeds are removed before deletion; ordinary queued work runs; active worker defers [22291.20ms]
(pass) compatibility gate accepts exactly GF 3.1.2 and FF 6.2.14 [724.22ms]
(pass) retained evidence contains no token [2188.02ms]

test/plugin/adapters.test.ts:
(pass) GF marked browser submission: both notifications redirected synchronously, no feeds, entry deleted after mail [17252.64ms]
(pass) GF controls: unmarked, wrong-token and empty-token submissions keep recipients, feeds and entries [20966.72ms]
(pass) FF marked browser submission: both notifications redirected, only the email feed runs, entry and related rows deleted at request end [12766.16ms]
(pass) FF controls: unmarked, wrong-token and empty-token submissions keep recipients, feeds and entries [14516.95ms]
(pass) GF reCAPTCHA v2 with failing siteverify: marked passes, unmarked fails; other errors and honeypot still apply [21976.42ms]
(pass) FF reCAPTCHA with failing siteverify: marked passes, unmarked fails; other errors and honeypot still apply [22566.08ms]
(pass) an integration outside the suppressible feed paths blocks marked submissions; ordinary ones still run it [19870.21ms]
(pass) payment and post-creation paths are rejected for marked submissions [10239.43ms]
(pass) malformed or ambiguous markers and an invalid redirect reject safely; nothing reaches original recipients [21829.74ms]
(pass) FF queued email: marked entry kept until every job completes across requests; ordinary job in the same runner keeps its recipients [25596.25ms]
(pass) FF queued email: a job still processing elsewhere blocks FF's pending-only completion signal [18685.42ms]
(pass) FF queued email: rotating or clearing the token never turns queued test mail into client mail [24962.80ms]
(pass) FF legacy batch runner: marked and ordinary jobs in one request keep their own recipients; marked entry removed [18410.90ms]
(pass) hourly sweep: real cron deletes only old token entries across pages, with native cascade and queued-job removal, in a non-UTC site [20470.98ms]
(pass) sweep: literal token with SQL wildcards, empty token no-op, and strict one-hour boundary [10511.91ms]
(pass) retained evidence contains no token [2223.66ms]

test/plugin/core.test.ts:
(pass) build:plugin produces only the allowlisted uploadable ZIP with no tests, secrets or licensed code [19.51ms]
(pass) generated ZIP uploads and activates through wp-admin without Gravity Forms or Fluent Forms [14478.24ms]
(pass) settings mutate only for manage_options with a valid nonce and valid values [40523.72ms]
(pass) marker parser classifies submitted values: ordinary, marked(id) or invalid-marker [1631.90ms]
(pass) request marker and stacked worker context; nothing is inherited by another request [2444.75ms]
(pass) wp_mail in marked context is redirected, stripped and tagged; ordinary mail is untouched [7027.24ms]
(pass) a bad redirect fails before marking and marked mail is never delivered to original recipients [11422.26ms]
(pass) the core never marks a request from query strings, cookies or arbitrary POST data [2430.22ms]
(pass) deactivation unschedules, uninstall is guarded and removes options and owned events [5428.33ms]

 137 pass
 0 fail
 1482 expect() calls
Ran 137 tests across 14 files. [685.83s]
