Started 2026-10-06T20:15:39Z
Check head df7504e44d7215eea831a0cd3209233471473c21
$ bun scripts/build-plugin.ts
dist/pirax-form-test.zip (11 files, sha256 58c6ff664517170684876f1b7230105e5456e89c7b7ac9718bf387b393735b8a)
bun test v1.4.2 (744846f84)

tests/awaiting-audit.test.ts:
(pass) state key > accepts configured slugs only [3.67ms]
(pass) stored firstSeen > canonical, past or present timestamps are accepted [0.24ms]
(pass) stored firstSeen > malformed, wrong-shape, noncanonical and future values are rejected [0.20ms]
(pass) 72-hour decision > strictly greater than 72 hours fails [0.12ms]
(pass) 72-hour decision > notes state firstSeen, elapsed duration and threshold, distinguishing the boundary [0.04ms]
(pass) 72-hour decision > elapsed formatting [0.01ms]
(pass) unavailable storage > a sighting stays a first-sighting warning with safe diagnostics [8.62ms]
(pass) unavailable storage > clearing failure is disclosed on an existing row and returned; never fabricates rows [0.66ms]

tests/capture.test.ts:
(pass) locked viewports and readiness limits [0.09ms]
Failed navigation fixture: {"path":"/delayed-unreachable","state":"blocked","health":{"status":null,"finalUrl":"chrome-error://chromewebdata/","criticalError":false,"consoleErrors":[],"failedRequests":[],"mixedContent":[]},"hasImage":false,"writes":0} artifacts: /home/rudi/Work/Privatni/Pirax-Castrum-Maintenance/issues/worktrees/reaudit-job/runs/capture-test-2026-10-06T20-15-39.322Z
(pass) capture in real Chromium > failed later main-document navigation from /delayed-unreachable cannot reuse HTTP 200 [1652.92ms]
Failed navigation fixture: {"path":"/delayed-post","state":"blocked","health":{"status":null,"finalUrl":"chrome-error://chromewebdata/","criticalError":false,"consoleErrors":[],"failedRequests":[],"mixedContent":[]},"hasImage":false,"writes":0} artifacts: /home/rudi/Work/Privatni/Pirax-Castrum-Maintenance/issues/worktrees/reaudit-job/runs/capture-test-2026-10-06T20-15-39.322Z
(pass) capture in real Chromium > failed later main-document navigation from /delayed-post cannot reuse HTTP 200 [1592.07ms]
(pass) capture in real Chromium > delayed main-document navigation to /missing uses final health and classification [1650.15ms]
(pass) capture in real Chromium > delayed main-document navigation to /critical uses final health and classification [1631.24ms]
(pass) capture in real Chromium > delayed main-document navigation to /forbidden uses final health and classification [1586.09ms]
(pass) capture in real Chromium > delayed main-document navigation to /challenge uses final health and classification [1601.46ms]
(pass) capture in real Chromium > delayed main-document navigation to /header-only-challenge uses final health and classification [1596.64ms]
(pass) capture in real Chromium > direct HTTP redirect retains the final document status [747.00ms]
(pass) capture in real Chromium > navigation triggered by readiness scrolling reconciles the final document [1771.74ms]
WebSocket fixture: {"mutations":0,"connections":0} artifacts: /home/rudi/Work/Privatni/Pirax-Castrum-Maintenance/issues/worktrees/reaudit-job/runs/capture-test-2026-10-06T20-15-39.322Z
(pass) capture in real Chromium > read-only policy blocks real WebSocket mutations while GET content captures [762.58ms]
(pass) capture in real Chromium > full-page PNG at both viewports includes lazy content; trace saved [2554.84ms]
(pass) capture in real Chromium > site and page masks combine; masked captures are stable, unmasked ones change [6095.64ms]
(pass) capture in real Chromium > hides combine, remove elements from the full-page size, and warn or fail like masks [6855.70ms]
(pass) capture in real Chromium > unmatched valid mask warns; invalid or non-CSS selectors are configuration errors [1509.00ms]
(pass) capture in real Chromium > health: console/pageerror, 404 assets, transport failure; policy aborts are warnings; CAPTCHA text is not blocked [768.35ms]
(pass) capture in real Chromium > 404 page and critical error are captured health failures, not blocked [1471.03ms]
(pass) capture in real Chromium > unreachable, 403 and challenge pages are blocked with reasons and a trace [2171.50ms]
(pass) capture in real Chromium > never-idle, infinitely scrolling page finishes within its limits with readiness warnings [3388.14ms]
(pass) TLS and mixed content on a real HTTPS fixture > self-signed certificate is blocked unless the internal test option is set [79.78ms]
(pass) TLS and mixed content on a real HTTPS fixture > HTTP resources on an HTTPS page are mixed content; plain HTTP links are not [1573.68ms]
(pass) challengeReason needs explicit markers [0.15ms]

tests/commands.test.ts:
(pass) command preflight without browser or storage > parses selection, optional sites and approve page; retains list order [0.16ms]
(pass) command preflight without browser or storage > rejects missing, extra, unsupported flags and approve all [0.06ms]
(pass) command preflight without browser or storage > exit 2 for configuration before work; empty all is zero with no credentials [6.20ms]
(pass) command preflight without browser or storage > CLI imports have no credential reads or exits and missing env is sanitized exit 2 [725.26ms]
(pass) root forms alias invokes production entrypoint; empty/usage need no credentials or writes [776.02ms]
(pass) direct forms/check errors sanitize trusted messages and classify config as exit 2 [394.27ms]
(pass) only canonical completed run IDs qualify, in descending order [0.25ms]
(pass) latest containing site is selected, incomplete/unrelated evidence never replaces it [0.41ms]
(pass) latest valid containing site wins over unrelated newer history without falling back from blocked pages [0.77ms]
(pass) direct approval rejects an unlisted page before touching its real lazy Store [2.49ms]
(pass) newer valid forms-only runs are skipped; a malformed newer forms manifest is still an error [0.30ms]
(pass) baseline/check entrypoints finish after the lazy command import instead of deadlocking [994.12ms]

tests/compare.test.ts:
(pass) comparePng with equal dimensions > identical images are same with ratio 0 and a decodable diff [2.94ms]
(pass) comparePng with equal dimensions > ratio below, equal to and above the allowance (100 px image, 1 px = 0.01) [2.51ms]
(pass) comparePng with equal dimensions > uses pixelmatch threshold 0.1: small colour deltas ignored, larger ones counted [1.10ms]
(pass) comparePng with different dimensions > height-only change is changed regardless of allowance, with padded diff [0.88ms]
(pass) comparePng with different dimensions > width-only change and both-axis change do not crash [1.73ms]
(pass) comparePng with undecodable input > corrupt baseline or actual PNG is an explicit error, not a crash [0.49ms]

tests/discovery.test.ts:
(pass) bare bun test skips issues/** and still discovers tests/ and test/ [4.23ms]

tests/env.test.ts:
(pass) readR2Config > maps the four variables explicitly with region auto [0.08ms]
(pass) readR2Config > names every missing or blank variable, never values [0.10ms]
(pass) readR2Config > empty env names all four [0.10ms]
(pass) readR2Config > defaults to process.env; importing helpers needs no credentials [20.31ms]

tests/health.test.ts:
(pass) normalizeHealth > deduplicates and sorts without dropping query distinctions [0.11ms]
(pass) evaluateHealth > clean page has no findings [0.03ms]
(pass) evaluateHealth > without a baseline every console and request finding fails [0.07ms]
(pass) evaluateHealth > baselined console and URL/status pairs become warnings, new ones fail, removed ones vanish [0.12ms]
(pass) evaluateHealth > benign third-party noise is not reported; the raw snapshot keeps it [0.14ms]
(pass) evaluateHealth > HTTP >= 400, critical error and mixed content fail even when baselined [0.08ms]
(pass) parseHealth > round-trips a valid snapshot and normalizes it [0.18ms]
(pass) parseHealth > rejects malformed shapes with a field name [0.23ms]

tests/report.test.ts:
(pass) private report > embeds images and escapes all untrusted text without external assets [1.98ms]
(pass) private report > renders exact future Forms outcomes only when supplied [0.19ms]
(pass) private report > skipped forms are neutral, explained, and accepted by check manifests and approval [0.33ms]
(pass) private report > awaiting-audit is a warning with escaped versions, accepted by check manifests and approval; visual failures still fail [0.24ms]
(pass) private report > aggregates blocked, failures and warnings while keeping capture separate [0.04ms]
(pass) manifest and exact approval evidence > accepts canonical manifest and derives safe encoded page keys [0.09ms]
(pass) manifest and exact approval evidence > rejects malformed schemas, shapes, duplicate sites, run mismatch and arbitrary artifact paths [0.33ms]
(pass) manifest and exact approval evidence > requires current URL, requested pages and both complete captures from the selected run [0.28ms]
(pass) manifest and exact approval evidence > validates actual PNG and raw health bytes against recorded dimensions [1.82ms]
(pass) manifest and exact approval evidence > approval accepts full-page horizontal overflow using recorded dimensions [1.31ms]
Report browser artifact: /home/rudi/Work/Privatni/Pirax-Castrum-Maintenance/issues/worktrees/reaudit-job/runs/2026-10-06T20-16-23.446Z/index.html
(pass) local report renders all embedded images and inert hostile text in real Chromium [234.61ms]

tests/sites.test.ts:
(pass) loadSites valid input > normalizes literal YAML, preserves order, applies defaults [0.23ms]
(pass) loadSites valid input > empty sites list is allowed [0.03ms]
(pass) loadSites valid input > ratio bounds 0 and 1 are inclusive [0.09ms]
(pass) loadSites valid input > shipped sites.example.yaml loads [0.22ms]
(pass) loadSites valid input > committed sites.yaml designates exactly the operator's 12 test forms, offline [0.78ms]
(pass) test_form designation > string-page and object-page designations load; absence stays absent [0.18ms]
(pass) test_form designation > page must exactly match a listed normalized path [0.38ms]
(pass) test_form designation > plugin must be gravity or fluent [0.21ms]
(pass) test_form designation > id must be a numeric integer, never a coerced string [0.26ms]
(pass) test_form designation > unknown member and malformed shape name the site [0.27ms]
(pass) loadSites required negative cases > duplicate slug [0.05ms]
(pass) loadSites required negative cases > missing url [0.03ms]
(pass) loadSites required negative cases > trailing-slash url [0.03ms]
(pass) loadSites required negative cases > empty pages [0.04ms]
(pass) loadSites required negative cases > unknown site key [0.11ms]
(pass) loadSites required negative cases > malformed masks [0.19ms]
(pass) loadSites hide > optional site and page hide lists; absent means no key [0.11ms]
(pass) loadSites hide > malformed hides name the field [0.08ms]
(pass) loadSites broader validation > root shape and unknown root key [0.10ms]
(pass) loadSites broader validation > site entry must be a mapping [0.03ms]
(pass) loadSites broader validation > slug missing or malformed uses index [0.15ms]
(pass) loadSites broader validation > url wrong type, scheme, credentials, query, fragment [0.16ms]
(pass) loadSites broader validation > form_helper required boolean [0.06ms]
(pass) loadSites broader validation > ratio type and bounds [0.21ms]
(pass) loadSites broader validation > pages wrong type and bad page entries [0.14ms]
(pass) loadSites broader validation > bad page paths [0.20ms]
(pass) loadSites broader validation > paths that URL resolution would normalize off-site or into traversal [0.42ms]
(pass) loadSites broader validation > percent-encoded non-traversal paths stay valid [0.15ms]
(pass) loadSites broader validation > duplicate page paths and key collisions [0.14ms]
(pass) loadSites broader validation > same page across different sites is fine [0.06ms]
(pass) loadSites broader validation > read and YAML errors are wrapped without file contents [0.12ms]
(pass) loadSites broader validation > default path is sites.yaml in the working directory [6.77ms]
(pass) pageKey > mandated examples [0.04ms]
(pass) pageKey > deterministic and filename safe [0.11ms]

tests/store.test.ts:
(pass) run IDs > canonical millisecond UTC ISO with colons replaced [0.03ms]
(pass) run IDs > rejects noncanonical and malformed IDs [0.03ms]
(pass) expiredReportKeys > keeps the newest distinct runs and removes every object of older runs [0.15ms]
(pass) expiredReportKeys > default is 10 [0.07ms]
(pass) expiredReportKeys > zero removes all recognized reports, never sentinels [0.05ms]
(pass) expiredReportKeys > count at or below keep is a no-op [0.07ms]
(pass) expiredReportKeys > input order does not matter; runs count once regardless of object count [0.06ms]
(pass) expiredReportKeys > invalid keep throws [0.06ms]
(pass) store validation before any request > createStore validates root and page size [0.12ms]
(pass) store validation before any request > unsafe keys reject with StoreError, not a network error [0.51ms]
(pass) store validation before any request > root counts toward the key length limit [0.07ms]
(pass) store validation before any request > presign validates expiry and signs the scoped key for GET [0.11ms]
(pass) store validation before any request > external folder marker of an expired run is selected but rejected, never slash-trimmed [0.15ms]
(pass) store validation before any request > invalid keep rejects before listing [0.14ms]
(pass) lazy environment > importing store needs no env; first use names missing variables [9.27ms]
(pass) store:selftest missing configuration > all blank: nonzero, names all four, no artifact [6.66ms]
(pass) store:selftest missing configuration > one blank: names only it and prints no values [5.12ms]

tests/plugin-source.test.ts:
(pass) the shipping table holds exactly the five known pins as stable numeric versions [0.13ms]
(pass) the shipping helper header and VERSION constant agree with the reader [0.07ms]
(pass) importing the reader is side-effect free and its default source does not depend on the working directory [13.05ms]
(pass) malformed, incomplete, duplicate, unknown or nonliteral pins are refused by field, never by value [0.79ms]
(pass) readAuditedVersions reads the given source directory [1.74ms]
(pass) helper version refusals name the field, never the rejected value [1.72ms]
(pass) helper version fixtures survive two successive patch bumps [0.47ms]
(pass) wrong-version fixtures are genuinely different from every pin, now and after two pin bumps [0.24ms]
(pass) native plugin tests carry no fixed audited vendor version [1.25ms]

tests/reaudit-detect.test.ts:
(pass) compareVersions > orders numeric components, including multi-digit ones [0.14ms]
(pass) compareVersions > refuses unstable spelling "" [0.08ms]
(pass) compareVersions > refuses unstable spelling "6..2"
(pass) compareVersions > refuses unstable spelling "v6.2"
(pass) compareVersions > refuses unstable spelling "06.2"
(pass) compareVersions > refuses unstable spelling "6.02"
(pass) compareVersions > refuses unstable spelling " 6.2"
(pass) compareVersions > refuses unstable spelling "6.2 "
(pass) compareVersions > refuses unstable spelling "6.2.15-beta"
(pass) compareVersions > refuses unstable spelling "6.2.15."
(pass) compareVersions > refuses unstable spelling "1e3"
(pass) compareVersions > refuses unstable spelling "6,2"
(pass) compareVersions > refuses unstable spelling "-1.0"
(pass) validateVersions > accepts exactly the five keys [0.07ms]
(pass) validateVersions > refuses missing, unknown, non-string and malformed values, naming the field only [0.17ms]
(pass) assembleLatest > builds a complete matrix [0.05ms]
(pass) assembleLatest > refuses missing, duplicate and unknown products [0.09ms]
(pass) compareMatrix > an identical matrix is unchanged [0.05ms]
(pass) compareMatrix > Fluent Forms 6.2.14 → 6.2.15 is a change [0.02ms]
(pass) compareMatrix > multi-digit upgrades are changes in pin-key order [0.02ms]
(pass) compareMatrix > refuses downgrades and ambiguous equal spellings [0.08ms]
(pass) compareMatrix > refuses incomplete inputs instead of a partial decision [0.04ms]
(pass) parseWordpressOrgInfo > reads version and the selected plugin's HTTPS download link [0.05ms]
(pass) parseWordpressOrgInfo > refuses not an object [0.02ms]
(pass) parseWordpressOrgInfo > refuses an array
(pass) parseWordpressOrgInfo > refuses the not-found answer
(pass) parseWordpressOrgInfo > refuses a missing version
(pass) parseWordpressOrgInfo > refuses an unstable version
(pass) parseWordpressOrgInfo > refuses another slug
(pass) parseWordpressOrgInfo > refuses plain HTTP
(pass) parseWordpressOrgInfo > refuses another host [0.01ms]
(pass) parseWordpressOrgInfo > refuses another plugin's link
(pass) parseWordpressOrgInfo > refuses a link to another version
(pass) parseWordpressOrgInfo > refuses a link with a query
(pass) parseWordpressOrgInfo > refuses paid keys [0.03ms]
(pass) parseCatalog > normalizes the official client's catalog entries [0.12ms]
(pass) parseCatalog > refuses missing, duplicate and malformed products, naming the field only [0.14ms]
(pass) parseCatalog > ignores unrelated catalog products [0.02ms]

tests/reaudit-setup.test.ts:
(pass) setup > encrypts the official updater, verifies the round trip and streams each secret on stdin [663.74ms]
(pass) setup > rerunning with the same passphrase and source keeps the ciphertext byte-identical [680.30ms]
(pass) setup > refuses an existing ciphertext that the passphrase cannot open, without writing anything [665.19ms]
(pass) setup > refuses an existing ciphertext holding a different updater [513.54ms]
(pass) setup > refuses when the repository signing secret is absent, and never sets it [6.56ms]
(pass) setup > refuses missing or weak inputs by name only [0.73ms]
(pass) setup > refuses a ZIP that is not the official updater [1.31ms]
(pass) setup > decryptUpdater with a wrong passphrase fails without naming it [679.82ms]

tests/reaudit-bump.test.ts:
(pass) the checked-in plugin guide's marked section is exactly the rendering of the current pins and helper version (no drift) [0.73ms]
(pass) next helper patch is numeric, not lexical [0.10ms]
(pass) a plan needs a changed, non-downgraded matrix and names the next helper patch [0.49ms]
(pass) two successive bumps edit only the allowlisted lines, keep historical prose and are deterministic [7.72ms]
(pass) pins-only rewrite changes compatibility.php alone (the native audit gate runs before the helper bump) [0.43ms]
(pass) drift and ambiguity refuse the whole bump and write nothing [6.23ms]

tests/reaudit-decide.test.ts:
(pass) decideAudit > unchanged: a complete identical matrix with confirmed cleanup, verified current release and clean evidence [0.05ms]
(pass) decideAudit > unchanged never hides an incomplete, missing or unverified current release [0.27ms]
(pass) decideAudit > an 'unchanged' result whose versions differ from the pins is refused [0.02ms]
(pass) decideAudit > detection, GPL Vault, download and cleanup failures map to safe stages and reasons [0.28ms]
(pass) decideAudit > no gate may be missing or failed for a candidate, and never through a default [0.18ms]
(pass) decideAudit > a suite failure reports the candidate versions it audited [0.02ms]
(pass) decideAudit > incomplete package facts or a helper target other than the next patch are refused [0.33ms]
(pass) decideAudit > all gates passed: a strict candidate with digests but no paths or URLs [0.18ms]
(pass) parseCandidate > two attempts of one run: each attempt's candidate is accepted only by that attempt [0.12ms]
(pass) parseCandidate > refuses null with a fixed field message [0.09ms]
(pass) parseCandidate > refuses array with a fixed field message [0.05ms]
(pass) parseCandidate > refuses string with a fixed field message [0.05ms]
(pass) parseCandidate > refuses schema with a fixed field message [0.05ms]
(pass) parseCandidate > refuses repository with a fixed field message [0.04ms]
(pass) parseCandidate > refuses extra key with a fixed field message [0.06ms]
(pass) parseCandidate > refuses nested extra key with a fixed field message [0.09ms]
(pass) parseCandidate > refuses url with a fixed field message [0.08ms]
(pass) parseCandidate > refuses other run with a fixed field message [0.03ms]
(pass) parseCandidate > refuses earlier attempt of this run with a fixed field message [0.03ms]
(pass) parseCandidate > refuses missing attempt with a fixed field message [0.04ms]
(pass) parseCandidate > refuses attempt with leading zero with a fixed field message [0.04ms]
(pass) parseCandidate > refuses numeric attempt with a fixed field message [0.04ms]
(pass) parseCandidate > refuses short base with a fixed field message [0.03ms]
(pass) parseCandidate > refuses uppercase base with a fixed field message [0.04ms]
(pass) parseCandidate > refuses base with newline with a fixed field message [0.05ms]
(pass) parseCandidate > refuses missing new pin with a fixed field message [0.06ms]
(pass) parseCandidate > refuses prerelease pin with a fixed field message [0.06ms]
(pass) parseCandidate > refuses unchanged pins with a fixed field message [0.09ms]
(pass) parseCandidate > refuses downgrade with a fixed field message [0.04ms]
(pass) parseCandidate > refuses package version with a fixed field message [0.04ms]
(pass) parseCandidate > refuses package digest with a fixed field message [0.04ms]
(pass) parseCandidate > refuses missing package with a fixed field message [0.03ms]
(pass) parseCandidate > refuses helper skip with a fixed field message [0.04ms]
(pass) parseCandidate > refuses digest with a fixed field message [0.04ms]
(pass) parseCandidate > refuses failed gate with a fixed field message [0.05ms]
(pass) parseCandidate > refuses truthy gate with a fixed field message [0.04ms]
(pass) parseCandidate > refuses missing gate with a fixed field message [0.04ms]
(pass) decidePublication > proceeds only when every guard holds [0.05ms]
(pass) decidePublication > main advanced since the audit publishes nothing [0.03ms]
(pass) decidePublication > remote main unreadable publishes nothing
(pass) decidePublication > target tag or release exists publishes nothing
(pass) decidePublication > tag lookup unanswered publishes nothing
(pass) decidePublication > checkout is not the audited base publishes nothing
(pass) decidePublication > source pins drifted publishes nothing
(pass) decidePublication > helper version drifted publishes nothing
(pass) decidePublication > reconstruction differs publishes nothing
(pass) native evidence > every native manifest used the selected versions and digests, with at least one full stack [0.15ms]
(pass) native evidence > test counts: no failure, skip or todo is acceptable [0.14ms]
(pass) chooseNotice > one notice: the failed job's own valid summary, publication first [0.10ms]
(pass) chooseNotice > missing or invalid summaries fall back to fixed safe text per failed job [0.11ms]
(pass) chooseNotice > a rerun reads only its own attempt: attempt 1's confirmed-cleanup summary never describes attempt 2's missing one [0.36ms]
(pass) runAudit wiring (synthetic doubles) > changed and every gate passed: candidate written, scratch removed, children get scoped random inputs [20.05ms]
(pass) runAudit wiring (synthetic doubles) > a native suite failure writes a safe summary, no candidate, and never runs the helper bump checks [13.90ms]
(pass) runAudit wiring (synthetic doubles) > acquisition failure: summary carries the stage and cleanup state; scratch removed; no suite runs [12.97ms]
(pass) runAudit wiring (synthetic doubles) > unchanged: no suite, no candidate; a missing current release fails instead of passing silently [23.46ms]
(pass) runAudit wiring (synthetic doubles) > lifecycle evidence survives a failure: strict flags, unknown counts stay null, only a loopback site is kept and reaches the cleanup notice [35.19ms]
(pass) runAudit wiring (synthetic doubles) > confirmed cleanup keeps lifecycle evidence but no throwaway-site guidance; a missing site is null, never invented [13.43ms]
(pass) runAudit wiring (synthetic doubles) > retained native evidence containing a known secret is withheld and fails the privacy gate [13.87ms]

tests/reaudit-fetch.test.ts:
(pass) acquirePackages > no change: complete lifecycle, no form package downloaded [3.06ms]
(pass) acquirePackages > FF 6.2.14 → 6.2.15: all five packages, version-keyed free cache, private paid paths, digests [11.47ms]
(pass) acquirePackages > the official-client child gets only its own inputs [0.09ms]
(pass) acquirePackages > missing credentials fail before any activation, naming the variable [0.61ms]
(pass) acquirePackages > a lost activation response still triggers confirmed deactivation, then fails [0.45ms]
(pass) acquirePackages > a refused activation is a failure, with cleanup [0.37ms]
(pass) acquirePackages > a GPL Vault refusal during discovery fails closed with cleanup [0.46ms]
(pass) acquirePackages > a refused or unconfirmed deactivation fails even when acquisition succeeded, and removes paid files [4.79ms]
(pass) acquirePackages > deactivation is confirmed by status when its own answer is lost [0.45ms]
(pass) acquirePackages > a failure plus a failed cleanup reports cleanup as the stage [0.38ms]
(pass) acquirePackages > HTTP error fails closed [4.47ms]
(pass) acquirePackages > declared oversize fails closed [4.15ms]
(pass) acquirePackages > streamed oversize fails closed [4.38ms]
(pass) acquirePackages > network error fails closed [4.04ms]
(pass) acquirePackages > not a ZIP fails closed [5.89ms]
(pass) acquirePackages > a paid HTTP error fails closed [0.57ms]
(pass) acquirePackages > malformed wordpress.org info fails closed [0.30ms]
(pass) acquirePackages > oversize wordpress.org info fails closed [5.72ms]
(pass) acquirePackages > a main-file Version that differs from the selected version fails, and never substitutes the old package [15.27ms]
(pass) acquirePackages > a paid package with the wrong main-file Version fails [4.39ms]
(pass) acquirePackages > a non-HTTPS package URL from the official client is refused before any request [0.61ms]
(pass) acquirePackages > an empty package URL (official client refusal) fails [0.40ms]
(pass) acquirePackages > a catchable signal interrupts the pending step and still deactivates [0.41ms]
(pass) acquirePackages > an already-active or unreadable initial status fails before activate/deactivate, preserving a pre-existing seat [0.86ms]
(pass) acquirePackages > a truthy non-boolean activation receipt is a refusal, still followed by confirmed deactivation [0.68ms]
(pass) acquirePackages > a truthy non-boolean deactivation receipt with an unreachable status is not a confirmed cleanup [0.36ms]
(pass) acquirePackages > an interrupted paid download is drained before cleanup and never recreates the private directory [1007.93ms]
(pass) acquirePackages > a downgrade from the official catalog fails closed after cleanup [0.99ms]
(pass) the official-vault driver runs every PHP step in a real Playground child [12756.26ms]
(pass) real Playground child: only explicit booleans count as activation, deactivation or status facts [14657.37ms]
(pass) real Playground child: a final status without data.activated does not confirm cleanup [13004.71ms]
(pass) real Playground child: a truthy malformed deactivation receipt plus an unreachable status does not confirm cleanup [13087.71ms]
(pass) real Playground child: an already-active initial status is refused before any activate or deactivate [9053.02ms]
(pass) runAudit's private directory reaches the real official driver; lifecycle evidence keeps flags, counts, updater versions and the loopback site [13058.11ms]

tests/reaudit-operations.test.ts:
(pass) failure summary validation > accepts complete safe facts and renders every one [0.29ms]
(pass) failure summary validation > a loopback throwaway site is rendered as recovery guidance; any other site is refused [0.16ms]
(pass) failure summary validation > absent cleanup/publication are explicit unknowns, never 'nothing published' [0.09ms]
(pass) failure summary validation > partial publication states carry inspection guidance [0.06ms]
(pass) failure summary validation > rejects injection, private URLs, unknown keys and nonnumeric versions [0.30ms]
(pass) failure summary validation > validation errors name fields, never the rejected value [0.08ms]
(pass) failure summary validation > unknown keys are never echoed, even purely alphabetic ones [0.06ms]
(pass) failure summary validation > intended commit and tag for partial publication are validated and rendered [0.45ms]
(pass) failure summary validation > run URL comes only from the fixed official repository [0.10ms]
(pass) sendFailure > missing credentials fail by name before any transport [0.39ms]
(pass) sendFailure > fixed Gmail implicit TLS, bounded timeouts, no logging, fixed recipient, one attempt [0.28ms]
(pass) sendFailure > transport errors become safe codes: no raw message, secret, URL or retry [0.24ms]
(pass) sendFailure > unsafe error codes are dropped [0.11ms]
(pass) sendFailure > only allowlisted public codes and built-in error names are reported [0.18ms]
(pass) sendFailure > a hanging send is bounded and closed [50.31ms]
(pass) sendFailure > a recipient not accepted is a failure [0.21ms]
(pass) sendFailure > CLI: usage, invalid summary and missing credentials exit nonzero by name only [204.21ms]
(pass) time parsing > strict ISO instants with offsets [0.31ms]
(pass) heartbeat due predicate > due at exactly 30 days, not one millisecond before [0.07ms]
(pass) heartbeat due predicate > small clock skew is not due; real future and malformed dates fail closed [0.04ms]
(pass) heartbeat due predicate > a nonfinite injected clock throws rather than answering not due [0.05ms]
(pass) safe child environment > only allowlisted names reach git/gh children, prompts disabled [0.09ms]
(pass) git authentication without persisted credentials > git gets github.com credentials from gh and GH_TOKEN; other helpers are reset and nothing is stored [85.77ms]
(pass) heartbeat operation against a local temp remote > due: commits only the heartbeat file and fast-forwards remote main without tags [63.46ms]
(pass) heartbeat operation against a local temp remote > due: remote git commands carry GIT_AUTH and GH_TOKEN in their environment, never the token on argv [55.26ms]
(pass) heartbeat operation against a local temp remote > due with an already tracked heartbeat: updates only that file and pushes without tags [43.44ms]
(pass) heartbeat operation against a local temp remote > a nonfinite clock is refused before any commit [22.32ms]
(pass) heartbeat operation against a local temp remote > not due: no commit, remote unchanged [45.73ms]
(pass) heartbeat operation against a local temp remote > dirty checkout, other branch and stale HEAD are refused without pushing [52.74ms]
(pass) heartbeat operation against a local temp remote > main advancing before push is refused; nothing force-pushed [54.96ms]
(pass) heartbeat operation against a local temp remote > git failures report a fixed stage, not stderr or paths [21.25ms]
(pass) watchdog > latest started schedule/manual run decides overdue at >48h exactly [0.33ms]
(pass) watchdog > newest schedule or manual run counts; other events are ignored; a failed audit means the scheduler is alive [0.06ms]
(pass) watchdog > disabled workflow alerts even with a recent run [0.06ms]
(pass) watchdog > no history: initial installation grace for 48h, then alert [0.05ms]
(pass) watchdog > malformed, unknown or future facts are not healthy [0.19ms]
(pass) watchdog > a nonfinite injected clock is never healthy [0.09ms]
(pass) watchdog > observe uses read-only GET lookups on the fixed repository [0.30ms]
(pass) watchdog > missing workflow, API failure and unparsable output are unhealthy [0.11ms]
watchdog: notice not sent: Error
(pass) watchdog > healthy sends nothing; unhealthy sends one safe notice; notice failure is reported without retry [0.45ms]
(pass) imports are inert > no output, network, mail or git on import [144.09ms]

tests/reaudit-privacy.test.ts:
(pass) secretValues names every credential class; the public recipient address is not a secret [0.13ms]
(pass) scopedEnv passes only the base allowlist plus the named inputs [0.13ms]
(pass) Bun children never load a local environment file [0.02ms]
(pass) sanitizeLine redacts raw, URL-encoded and JSON-escaped secrets, private URL credentials and queries [0.21ms]
(pass) runChild captures, sanitizes and rescans output before writing its log, with the scoped environment only [4.36ms]
(pass) runChild bounds a hung child and reports the timeout [501.50ms]
(pass) scanEvidence finds secrets in files and inside ZIP entries (traces) and withholds those files [3.76ms]
(pass) scanEvidence's unzip child inherits no credential, even when the scan finds nothing [9.21ms]

tests/reaudit-publish.test.ts:
(pass) real read-only lookup: an absent release is reported missing, never healthy [510.38ms]
v0.3.1: dist/pirax-form-test.zip sha256 f9b6a2e1f1d90dc9913c00ea3e2fc5d4d7bda7aa3d9bbeb50664b7f2dc8aeba7, signed by public key /yHCVdMcqvfO79NZdpKnm7Ru0LtgYhARJUA5IXyCQvc=
{"synthesized":true}
published v0.3.1 on CastrumS/pirax-castrum-maintenance
(pass) publishes this run's candidate: reconstructed allowlisted commit, normal push, existing release CLI, independent verification [1921.21ms]
(pass) main advanced since the audit: nothing is committed, pushed, claimed or released [1176.81ms]
(pass) main advancing between the preflight and the push is refused by the normal push [975.75ms]
(pass) an existing target tag (synthetic remote state) publishes nothing [44.18ms]
(pass) a candidate from another run, a corrupt candidate or a changed source publishes nothing [966.58ms]
(pass) a rerun attempt never publishes an earlier attempt's candidate of the same run [36.46ms]
(pass) an unreadable new commit is refused before any push: no empty commit can disable the tag-commit check [990.42ms]
v0.3.1: dist/pirax-form-test.zip sha256 d8580879115a1c8d30d64f44a9102fa2c00de2d4badb2c52eb6749c309e7e338, signed by public key YB5IjJq5cia36G4WFu+W4uht6bRbJ5Bv1lDCX0dhlI4=
HTTP 502: Bad Gateway
release-plugin: gh release create failed (exit 1); tag v0.3.1 was claimed on CastrumS/pirax-castrum-maintenance at 27e013e325b2136374ae87d7e3d4854eb67df688; inspect remote tag and release state before recovery: creation or upload may have partially succeeded; do not retry or delete blindly
(pass) a release failure after the claim reports the pushed commit and claimed tag as uncertain, without retry or deletion [2131.61ms]
v0.3.1: dist/pirax-form-test.zip sha256 6da372884ae1a57d25b24ee882377e9eb8320203f732583e4ac94438e4e28004, signed by public key PflioAIx1WmkxXrdoJpax0uK8sm+mQ3qds0eZvS6T+s=
{"synthesized":true}
published v0.3.1 on CastrumS/pirax-castrum-maintenance
(pass) a published release whose manifest does not verify is reported incomplete [1856.05ms]
(pass) a signed, hash-consistent release whose plugin Version header disagrees is refused; the matching control verifies [114.96ms]

tests/reaudit-workflow.test.ts:
(pass) triggers: daily off-the-hour UTC schedule and manual dispatch only; fixed repository-wide concurrency, never cancelled [0.09ms]
(pass) every job is guarded to main of the fixed repository, bounded and explicitly permissioned [0.07ms]
(pass) no expression is interpolated into shell; every action is pinned to a commit [0.17ms]
(pass) audit: read-only, no persisted credentials, explicit Node 24/Bun 1.4.2/native tools/Chromium, frozen install, >=90 min budget, vendor secrets only on the audit step [0.19ms]
(pass) plan D5: no checkout persists credentials; publish and heartbeat push with the run token on their own step only [0.09ms]
(pass) publish: only after this run's successful audited candidate, write-capable, no install/vendor code, trusted checkout, signing key on one step [0.11ms]
(pass) reruns keep run_id and earlier artifacts: every artifact upload/download is bound to this run attempt [0.08ms]
(pass) heartbeat: independent final job, runs even after failures, fresh main and write token only [0.04ms]
(pass) notice: one always() job observing every other job, with mail credentials only on its send step [0.05ms]
(pass) watchdog: separate daily/manual workflow with actions:read, Gmail secrets only, its own concurrency [0.05ms]
(pass) every referenced script exists; the initial heartbeat payload is a valid instant [0.24ms]
(pass) the four guides document the workflows, the manual dispatch and only scripts that exist [0.50ms]
(pass) documented CLIs refuse unknown arguments with usage (exit 2) and do nothing else [273.35ms]
(pass) notify --jobs picks the failed job's summary and, without mail credentials, fails safely before any SMTP attempt [261.45ms]
(pass) publish and heartbeat jobs install nothing: their scripts load without node_modules [23.23ms]

test/forms/awaiting-audit-commands.test.ts:
Awaiting-audit command evidence: /home/rudi/Work/Privatni/Pirax-Castrum-Maintenance/issues/worktrees/reaudit-job/runs/forms-awaiting-commands-6f754a25-40cc-43ae-b962-cc199e5e6eeb/summary.json
(pass) production forms/check age, escalate, share and clear the awaiting-audit clock against real scoped R2 [71900.20ms]

test/forms/awaiting-audit.test.ts:
Awaiting-audit state evidence: /home/rudi/Work/Privatni/Pirax-Castrum-Maintenance/issues/worktrees/reaudit-job/runs/forms-awaiting-16668f0c-410b-44f8-8a4c-78e53192d7d9/summary.json
(pass) awaiting-audit clock persists, ages, clears and degrades against real scoped R2 [20925.31ms]

test/forms/browser.test.ts:
(pass) detects actual distinct plugin forms once and preserves unknown identities [66.82ms]
(pass) fills basic controls with full random marker, preserving hidden/honeypot data [193.43ms]
(pass) native required checkbox groups choose one usable option; individual required and optional choices are preserved [585.24ms]
(pass) HTTP-200 explicit challenges fail discovery, ordinary CAPTCHA/Cloudflare mentions remain empty [1189.20ms]
(pass) preinspects whole form: hidden upload, marker constraints and custom flows never type [564.93ms]
(pass) no-helper blocks autonomous input/change GET/POST/image/navigation and sockets [5593.19ms]
Submission fixture /plain: confirmed
Submission fixture /ff: confirmed
Submission fixture /gf-ajax: confirmed
Submission fixture /save-trap: failed
Submission fixture /reject: rejected
Submission fixture /foreign: failed
Submission fixture /no-confirmation: failed
Submission fixture /stale: failed
Submission fixture /ff-stale: failed
Submission fixture /ff-foreign: failed
Submission fixture /ff-redirect: confirmed
Submission fixture /ff-redirect-no-entry: failed
(pass) specific new GF and associated FF confirmations; errors sanitized; no retry [6688.74ms]
Awaiting-audit fixture /gf-awaiting: awaiting-audit
Awaiting-audit fixture /gf-awaiting-multi: awaiting-audit
Awaiting-audit fixture /gf-awaiting-nested: awaiting-audit
Awaiting-audit fixture /ff-awaiting: awaiting-audit
Awaiting-audit fixture /gf-awaiting-generic-in-container: rejected
Awaiting-audit fixture /gf-awaiting-extra-in-container: rejected
Awaiting-audit fixture /gf-summary-only: rejected
Awaiting-audit fixture /gf-awaiting-only-container: awaiting-audit
Awaiting-audit fixture /gf-awaiting-field: rejected
Awaiting-audit fixture /gf-awaiting-second-helper: rejected
Awaiting-audit fixture /ff-awaiting-field: rejected
Awaiting-audit fixture /gf-awaiting-invalid: rejected
Awaiting-audit fixture /ff-awaiting-invalid: rejected
Awaiting-audit fixture /gf-generic: rejected
Awaiting-audit fixture /ff-generic: rejected
Awaiting-audit fixture /gf-lowercase: rejected
Awaiting-audit fixture /gf-blank: rejected
Awaiting-audit fixture /ff-blank: rejected
Awaiting-audit fixture /gf-no-version: rejected
Awaiting-audit fixture /gf-bad-separator: rejected
Awaiting-audit fixture /gf-mid-sentence: rejected
Awaiting-audit fixture /gf-foreign-awaiting: failed
Awaiting-audit fixture /ff-stale-awaiting: failed
Awaiting-audit fixture /ff-foreign-awaiting: failed
(pass) exact awaiting-audit refusals are classified per message; near matches, extra refusals, stale and foreign messages are not [9569.15ms]
(pass) scanner forwards awaiting-audit without polling the mailbox [2530.62ms]
(pass) marker changed after preparation is never submitted; native invalidity is rejection [402.27ms]
(pass) scanner no forms is empty, navigation error is failed, CAPTCHA is not-verified, each designation is filled in its own scan [3116.65ms]
(pass) selected submit blocks unrelated same-origin writes/GETs and autonomous native GET submit [319.44ms]
(pass) no-marker/unknown/upload requires no credentials; opted-in IMAP preflight happens before POST [43823.98ms]
(pass) omitted designation skips every form, helper true or false, with no credentials, typing or POST [2047.70ms]
(pass) the designated form on the second listed page is the only attempt, in either page order [2150.16ms]
(pass) helper false fills only the designated plugin/id: same-number GF/FF differ, other forms get no events or POST [2149.90ms]
(pass) missing, wrong-plugin, elsewhere-only, GF #0 and empty-page designations fail once on their page; scan failures stay scan failures [4554.47ms]
(pass) duplicate designated instances: only the first is attempted; rejected, unsupported and changed selections never fall through [2749.03ms]
(pass) distinct sites and a second invocation each keep their own single attempt [3063.41ms]
(pass) encoded URLs and browser exceptions are scrubbed from retained action traces [35.05ms]
(pass) direct forms command writes a truthful local report without form credentials or visual/baseline access [631.71ms]
Forms browser evidence: /home/rudi/Work/Privatni/Pirax-Castrum-Maintenance/issues/worktrees/reaudit-job/runs/forms-browser-4e2e64d2-f667-4b17-9bd9-e58f1f15cf61
(pass) retained action traces are secret-free with no image/DOM/source payloads [299.73ms]

test/forms/config.test.ts:
(pass) readFormConfig > returns the exact token and single address without trimming or transforming [0.10ms]
(pass) readFormConfig > missing or blank names are EnvError naming each variable [0.10ms]
(pass) readFormConfig > invalid token and address formats are value-free configuration errors [10.27ms]
(pass) readImapConfig > 993 is implicit TLS, other ports require STARTTLS; password and folders are literal [0.10ms]
(pass) readImapConfig > missing or blank names list every variable [0.06ms]
(pass) readImapConfig > invalid host, port, user and non-literal folders are value-free errors [0.17ms]
(pass) importing readers needs no environment; process.env default reads lazily [77.18ms]

test/forms/evidence.test.ts:
(pass) sanitizer removes raw, percent, JSON/unicode, HTML and nested encodings [12.08ms]
(pass) automatic redaction distinguishes credentials from nonsecret configuration labels [2.50ms]
(pass) sanitized trace JSON independently decodes without astral or mixed-escaped credentials [8.77ms]
(pass) trace sanitation fails closed, deletes raw and unsafe output on invalid archive [3.80ms]

test/forms/imap.test.ts:
(pass) pollDelivery input and deadline > rejects non-canonical IDs and deadlines before any network access [0.58ms]
(pass) pollDelivery input and deadline > a silent server cannot outlive the deadline; the connection is closed and not reported as absent mail [1553.50ms]
(pass) pollDelivery input and deadline > STARTTLS is required off port 993: no credentials are ever sent in plaintext [56.13ms]
(pass) pollDelivery input and deadline > refused and dropped connections are explicit sanitized failures [1.31ms]
(pass) installed ImapFlow contract (pure command/encoding diagnostics, not authentication) > esm: startup discovery is opt-in suppressed, including no-NAMESPACE LIST fallback [0.81ms]
(pass) installed ImapFlow contract (pure command/encoding diagnostics, not authentication) > esm: literal EXAMINE skips metadata LIST, preserves encoding and has no failed-open fallback [14.45ms]
(pass) installed ImapFlow contract (pure command/encoding diagnostics, not authentication) > esm: installed fetch compiler requests only candidate UID and Subject PEEK [0.84ms]
(pass) installed ImapFlow contract (pure command/encoding diagnostics, not authentication) > cjs: startup discovery is opt-in suppressed, including no-NAMESPACE LIST fallback [11.30ms]
(pass) installed ImapFlow contract (pure command/encoding diagnostics, not authentication) > cjs: literal EXAMINE skips metadata LIST, preserves encoding and has no failed-open fallback [1.72ms]
(pass) installed ImapFlow contract (pure command/encoding diagnostics, not authentication) > cjs: installed fetch compiler requests only candidate UID and Subject PEEK [1.27ms]
(pass) installed ImapFlow contract (pure command/encoding diagnostics, not authentication) > unfolds and MIME-decodes one Subject, rejecting malformed/duplicate fields and near tags [0.68ms]
(pass) tag matching and folder policy > rechecks the exact tag because IMAP SUBJECT search is a case-insensitive substring match [0.04ms]
(pass) tag matching and folder policy > equal configured names are opened once and treated conservatively as spam [0.03ms]
(pass) tag matching and folder policy > a match in both folders favors spam; no match waits [0.05ms]
(pass) tag matching and folder policy > protocol evidence keeps only command names and fetch data items [0.11ms]

test/forms/playground.test.ts:
(pass) helper false fills only each designated native form without changing mail, entries or feeds; warning-only publication never accesses baselines [11890.10ms]
(pass) native upload/no-marker are unsupported; required client/server rejection; a separately designated FF run still confirms [25604.26ms]
(pass) native required GF checkbox/consent and FF checkbox/terms confirm, redirect and clean entries; helper false never submits [29869.55ms]
(pass) native GF modern AJAX and FF AJAX retain separate confirmations and native cleanup [17332.25ms]
(pass) native FF designation over both repeated scope pages: production forms run submits once and skips five (short internal deadline) [12358.22ms]
(pass) scoped CLI without a designation, with a missing designated ID, or with helper false submits nothing and publishes truthful reports [33617.74ms]
(pass) scoped production bun run forms local CLI submits only the designated form on the second listed page, once, and truthfully fails after one default five-minute deadline [312236.55ms]
(pass) production check captures both widths unchanged on both scope pages and applies the same selection: one submission, five skips [36608.60ms]
Native forms evidence: /home/rudi/Work/Privatni/Pirax-Castrum-Maintenance/issues/worktrees/reaudit-job/runs/forms-playground-bceb7ab7-6fde-4c2c-9376-952918e43126/summary.json

test/forms/report.test.ts:
Forms collision evidence: /home/rudi/Work/Privatni/Pirax-Castrum-Maintenance/issues/worktrees/reaudit-job/runs/forms-collision-af7b1881-29be-4bc7-a777-7d447b2ddd99/synthetic-folder-collision/summary.json
(pass) production forms command publishes with a nonsecret folder in both run and site paths [1794.24ms]
(pass) forms-only manifest > parsePublishedManifest returns either validated mode; parseManifest stays check-only [0.39ms]
(pass) forms-only manifest > both manifest modes accept skipped and awaiting-audit; unknown outcomes still reject [0.69ms]
(pass) forms-only manifest > rejects fabricated viewports, missing forms, mixed discriminators and malformed identity [0.50ms]
(pass) form outcome gating > failed/rejected fail, spam/not-verified/unsupported/awaiting-audit warn, delivered passes, skipped is neutral [0.22ms]
(pass) form outcome gating > existing visual/health failures still fail with passing forms [0.03ms]
(pass) form outcome gating > forms-only HTML has page Forms data without image panels and escapes hostile text [0.13ms]
(pass) form outcome gating > forms-only HTML renders awaiting-audit as a warning with escaped versions and explains it [0.09ms]
(pass) form outcome gating > forms-only HTML renders skipped literally as neutral and explains it [0.07ms]
(pass) form outcome gating > check pages show form-aware page and site status [0.08ms]
(pass) forms-only local and published reports > local report has only HTML and manifest, excludes traces, and renders in real Chromium [127.17ms]
(pass) forms-only local and published reports > real R2: manifest last, traces excluded, approval still selects the older check [6032.46ms]
Forms report evidence: /home/rudi/Work/Privatni/Pirax-Castrum-Maintenance/issues/worktrees/reaudit-job/runs/forms-report-tests-00307eec-00cd-4526-9af0-e416c0ad001c/summary.json

test/plugin/adapters.test.ts:
(pass) GF marked browser submission: both notifications redirected synchronously, no feeds, entry deleted after mail [19092.12ms]
(pass) GF controls: unmarked, wrong-token and empty-token submissions keep recipients, feeds and entries [22478.11ms]
(pass) FF marked browser submission: both notifications redirected, only the email feed runs, entry and related rows deleted at request end [14223.95ms]
(pass) FF marked submission of an empty-type form (FF's activation demo form) is supported like type form; type post stays blocked [17480.12ms]
(pass) FF controls: unmarked, wrong-token and empty-token submissions keep recipients, feeds and entries [16535.98ms]
(pass) GF reCAPTCHA v2 with failing siteverify: marked passes, unmarked fails; other errors and honeypot still apply [24923.46ms]
(pass) FF reCAPTCHA with failing siteverify: marked passes, unmarked fails; other errors and honeypot still apply [25922.82ms]
(pass) an integration outside the suppressible feed paths blocks marked submissions; ordinary ones still run it [22969.44ms]
(pass) payment and post-creation paths are rejected for marked submissions [11546.15ms]
(pass) malformed or ambiguous markers and an invalid redirect reject safely; nothing reaches original recipients [24959.12ms]
(pass) FF queued email: marked entry kept until every job completes across requests; ordinary job in the same runner keeps its recipients [30836.26ms]
(pass) FF queued email: a job still processing elsewhere blocks FF's pending-only completion signal [21575.30ms]
(pass) FF queued email: rotating or clearing the token never turns queued test mail into client mail [29058.75ms]
(pass) FF legacy batch runner: marked and ordinary jobs in one request keep their own recipients; marked entry removed [21893.83ms]
(pass) hourly sweep: real cron deletes only old token entries across pages, with native cascade and queued-job removal, in a non-UTC site [26102.39ms]
(pass) sweep: literal token with SQL wildcards, empty token no-op, and strict one-hour boundary [12987.90ms]
(pass) retained evidence contains no token [5526.49ms]

test/plugin/review-regressions.test.ts:
(pass) marked wp_mail: control-prefixed Cc/Bcc header names never reach the native envelope; ordinary mail keeps them [4988.50ms]
(pass) hourly sweep deletes old FF test entries whose marker field was later renamed or removed; controls stay [16343.29ms]

test/plugin/core.test.ts:
(pass) build:plugin produces only the allowlisted uploadable ZIP with no tests, secrets or licensed code [26.21ms]
(pass) generated ZIP uploads and activates through wp-admin without Gravity Forms or Fluent Forms [17255.96ms]
(pass) settings mutate only for manage_options with a valid nonce and valid values [51843.06ms]
(pass) compatibility panel: admins only, read-only, every unaudited callback by hook with a real <script> closure file escaped [17909.67ms]
(pass) marker parser classifies submitted values: ordinary, marked(id) or invalid-marker [2080.51ms]
(pass) request marker and stacked worker context; nothing is inherited by another request [3156.95ms]
(pass) wp_mail in marked context is redirected, stripped and tagged; ordinary mail is untouched [8510.56ms]
(pass) a bad redirect fails before marking and marked mail is never delivered to original recipients [13234.84ms]
(pass) the core never marks a request from query strings, cookies or arbitrary POST data [2960.30ms]
(pass) deactivation unschedules, uninstall is guarded and removes options and owned events [9528.89ms]

test/plugin/release.test.ts:
(pass) offline: dry run signs the exact manifest bytes from source-derived facts and never calls GitHub [51.53ms]
(pass) offline: importing the release script has no side effects [22.04ms]
(pass) offline: a missing or malformed seed is refused by name, in both modes, before anything is built [186.57ms]
(pass) offline: publishing refuses a seed whose public key is not the committed production key [22.84ms]
(pass) offline: publishing refuses an existing local tag before any GitHub call [34.94ms]
(pass) publishing fails closed when the real GitHub lookup cannot answer [307.31ms]
(pass) remote lookup tells a missing tag from an existing one [1508.12ms]
(pass) the test gh wrapper forwards only the two exact read-only lookups and answers every write itself [476.30ms]
(pass) publishing checks GitHub read-only, claims the tag at HEAD, then creates exactly one release from it with the three signed assets [843.55ms]
(pass) a tag claimed concurrently or an unanswered claim stops publication before gh release create [1726.02ms]
(pass) a release failure after the claim leaves the tag for deliberate recovery: no retry, overwrite or delete [908.02ms]
(pass) offline: a generated seed used as the source version never reaches CLI output, in either mode [32.90ms]
(pass) offline: malformed or ambiguous source facts are refused before anything is built [164.06ms]
(pass) offline: the parent refuses to package a seed found in source, and no private material reaches outputs or logs [48.10ms]

test/plugin/safety.test.ts:
(pass) FF: a later PHP_INT_MAX feed-type filter registered after the plugin cannot resurrect the ledger feed on a marked submission [21433.61ms]
(pass) FF queued: a marked notification that throws inside native mail processing does not redirect the next ordinary job in the same runner request [27093.84ms]
(pass) FF queued cleanup race: a marked entry deleted natively after the runner loaded it, with the token rotated, still sends only redirected mail; ordinary jobs stay ordinary [18551.35ms]
(pass) FF unsupported marked form with reCAPTCHA and failing siteverify is rejected with the blocked message before CAPTCHA [21072.05ms]
(pass) GF sweep: an old token entry's queued notifications (entry snapshots included) and feeds are removed before deletion; ordinary queued work runs; active worker defers [30885.36ms]
(pass) compatibility gate accepts exactly the pinned GF and FF versions [1107.74ms]
(pass) optional plugin pins are exact strings, and on this stack (none of them active) both reports are ready with core versions only [1086.91ms]
(pass) version-only diagnosis: reflected source directories decide callback ownership, never names; anything besides known mismatched versions and their own callbacks stays generic [1113.51ms]
(pass) retained evidence contains no token [6576.01ms]

test/plugin/stack-harness.test.ts:
(pass) optional plugins are real, exact, active, and activated after the safeguards [2990.82ms]
(pass) third-party WordPress HTTP is blocked and logged without the outgoing or incoming request's query strings or bodies [4349.56ms]
(pass) Pro feature fixtures write native settings that Pro's own getters read [7632.69ms]
(pass) ordinary FF and GF controls reach CleanTalk moderation, the Pro webhook and FluentSMTP's Simulator [28101.44ms]
(pass) evidence names every version and ZIP hash and retains no token, licensed path or third-party response [9036.66ms]

test/plugin/updates.test.ts:
(pass) staged fixture helpers replace only the test channel; the shipping source keeps the production trust root [1163.34ms]
(pass) a verified newer release is offered natively; every invalid feed offers nothing and drops a stale offer [64025.13ms]
(pass) plugins_api answers only this helper's details, with inert escaped text, and never falls through to wordpress.org [2482.69ms]
(pass) auto_update_plugin opts in this exact helper only and preserves every other decision [2915.59ms]
(pass) the download boundary refuses unverified helper packages and leaves the installed bytes unchanged [67159.24ms]
(pass) an authenticated admin lists, inspects and installs the signed release through native WordPress [18952.57ms]
(pass) evidence: summary, request ledger and traces are retained without private key material [6703.95ms]

test/plugin/compatibility.test.ts:
(pass) full stack before marked submissions: ordinary FF and GF keep CleanTalk moderation, the Pro webhook, the GF ledger and original mail [48139.22ms]
(pass) full stack: marked FF and GF each confirm with one redirected Simulator mail, no CleanTalk moderation, no Pro webhook job or hit, and no entry left [30119.40ms]
(pass) GF modern AJAX (admin-ajax gform_submit_form): marked confirms with one redirected Simulator mail and no CleanTalk request or token-bearing HTTP; ordinary keeps CleanTalk's generic check, its entry, ledger feed and original mail [46294.49ms]
(pass) GF modern AJAX early boundary: malformed markers, invalid configuration and the token in a field input the stored form lacks are refused without CleanTalk; the token outside field inputs (query, cookie, other POST names) stays ordinary and keeps CleanTalk [55932.52ms]
(pass) GF modern AJAX: CleanTalk's generic check wrapped (unrecognizable) refuses marked submissions before it runs; ordinary ones keep it [56477.84ms]
(pass) GF modern AJAX: CleanTalk's generic check moved to plugins_loaded priority 1 refuses marked submissions before it runs; ordinary ones keep it [58506.19ms]
(pass) GF modern AJAX: the marker only in a field a GF form filter adds is refused before CleanTalk's generic check; ordinary submissions with that field keep it [30704.05ms]
(pass) GF modern AJAX before GF initializes: ordinary requests read no stored form; a marked one reads it only under the audited GF core, and another GF version refuses it before any form read or CleanTalk request [67517.42ms]
(pass) GF modern AJAX from a logged-in admin: with CleanTalk's logged-in protection off it binds no generic check; on, marked submissions have it removed and ordinary ones keep it (it runs, and skips this admin) [69085.12ms]
(pass) marked wp_mail through FluentSMTP: control-padded and folded recipient headers never reach the effective envelope or the Simulator log; ordinary mail keeps them [24060.16ms]
