Started 2026-10-06T11:35:55Z
Check head f9067d1f494485880d3b99dd5f4b2ca483f210ae
$ bun scripts/build-plugin.ts
dist/pirax-form-test.zip (11 files, sha256 3eb126ca0bbe20d4ecbe97954392a3f03c8e3ae0f913842ca508d537d519196b)
bun test v1.4.2 (744846f84)

tests/awaiting-audit.test.ts:
(pass) state key > accepts configured slugs only [0.14ms]
(pass) stored firstSeen > canonical, past or present timestamps are accepted [0.38ms]
(pass) stored firstSeen > malformed, wrong-shape, noncanonical and future values are rejected [0.29ms]
(pass) 72-hour decision > strictly greater than 72 hours fails [0.14ms]
(pass) 72-hour decision > notes state firstSeen, elapsed duration and threshold, distinguishing the boundary [0.04ms]
(pass) 72-hour decision > elapsed formatting [0.01ms]
(pass) unavailable storage > a sighting stays a first-sighting warning with safe diagnostics [1.26ms]
(pass) unavailable storage > clearing failure is disclosed on an existing row and returned; never fabricates rows [0.33ms]

tests/capture.test.ts:
(pass) locked viewports and readiness limits [0.13ms]
Failed navigation fixture: {"path":"/delayed-unreachable","state":"blocked","health":{"status":null,"finalUrl":"chrome-error://chromewebdata/","criticalError":false,"consoleErrors":[],"failedRequests":[],"mixedContent":[]},"hasImage":false,"writes":0} artifacts: /home/rudi/Work/Privatni/Pirax-Castrum-Maintenance/issues/worktrees/reaudit-job/runs/capture-test-2026-10-06T11-35-55.876Z
(pass) capture in real Chromium > failed later main-document navigation from /delayed-unreachable cannot reuse HTTP 200 [1692.12ms]
Failed navigation fixture: {"path":"/delayed-post","state":"blocked","health":{"status":null,"finalUrl":"chrome-error://chromewebdata/","criticalError":false,"consoleErrors":[],"failedRequests":[],"mixedContent":[]},"hasImage":false,"writes":0} artifacts: /home/rudi/Work/Privatni/Pirax-Castrum-Maintenance/issues/worktrees/reaudit-job/runs/capture-test-2026-10-06T11-35-55.876Z
(pass) capture in real Chromium > failed later main-document navigation from /delayed-post cannot reuse HTTP 200 [1613.04ms]
(pass) capture in real Chromium > delayed main-document navigation to /missing uses final health and classification [1675.37ms]
(pass) capture in real Chromium > delayed main-document navigation to /critical uses final health and classification [1653.32ms]
(pass) capture in real Chromium > delayed main-document navigation to /forbidden uses final health and classification [1616.27ms]
(pass) capture in real Chromium > delayed main-document navigation to /challenge uses final health and classification [1604.77ms]
(pass) capture in real Chromium > delayed main-document navigation to /header-only-challenge uses final health and classification [1579.60ms]
(pass) capture in real Chromium > direct HTTP redirect retains the final document status [744.93ms]
(pass) capture in real Chromium > navigation triggered by readiness scrolling reconciles the final document [1790.33ms]
WebSocket fixture: {"mutations":0,"connections":0} artifacts: /home/rudi/Work/Privatni/Pirax-Castrum-Maintenance/issues/worktrees/reaudit-job/runs/capture-test-2026-10-06T11-35-55.876Z
(pass) capture in real Chromium > read-only policy blocks real WebSocket mutations while GET content captures [789.97ms]
(pass) capture in real Chromium > full-page PNG at both viewports includes lazy content; trace saved [2573.01ms]
(pass) capture in real Chromium > site and page masks combine; masked captures are stable, unmasked ones change [6285.70ms]
(pass) capture in real Chromium > hides combine, remove elements from the full-page size, and warn or fail like masks [7027.99ms]
(pass) capture in real Chromium > unmatched valid mask warns; invalid or non-CSS selectors are configuration errors [1601.18ms]
(pass) capture in real Chromium > health: console/pageerror, 404 assets, transport failure; policy aborts are warnings; CAPTCHA text is not blocked [790.97ms]
(pass) capture in real Chromium > 404 page and critical error are captured health failures, not blocked [1512.67ms]
(pass) capture in real Chromium > unreachable, 403 and challenge pages are blocked with reasons and a trace [2197.00ms]
(pass) capture in real Chromium > never-idle, infinitely scrolling page finishes within its limits with readiness warnings [3400.75ms]
(pass) TLS and mixed content on a real HTTPS fixture > self-signed certificate is blocked unless the internal test option is set [85.80ms]
(pass) TLS and mixed content on a real HTTPS fixture > HTTP resources on an HTTPS page are mixed content; plain HTTP links are not [1539.16ms]
(pass) challengeReason needs explicit markers [0.16ms]

tests/commands.test.ts:
(pass) command preflight without browser or storage > parses selection, optional sites and approve page; retains list order [0.18ms]
(pass) command preflight without browser or storage > rejects missing, extra, unsupported flags and approve all [0.05ms]
(pass) command preflight without browser or storage > exit 2 for configuration before work; empty all is zero with no credentials [6.14ms]
(pass) command preflight without browser or storage > CLI imports have no credential reads or exits and missing env is sanitized exit 2 [745.97ms]
(pass) root forms alias invokes production entrypoint; empty/usage need no credentials or writes [841.13ms]
(pass) direct forms/check errors sanitize trusted messages and classify config as exit 2 [414.34ms]
(pass) only canonical completed run IDs qualify, in descending order [0.27ms]
(pass) latest containing site is selected, incomplete/unrelated evidence never replaces it [0.48ms]
(pass) latest valid containing site wins over unrelated newer history without falling back from blocked pages [0.93ms]
(pass) direct approval rejects an unlisted page before touching its real lazy Store [2.91ms]
(pass) newer valid forms-only runs are skipped; a malformed newer forms manifest is still an error [0.39ms]
(pass) baseline/check entrypoints finish after the lazy command import instead of deadlocking [1095.89ms]

tests/compare.test.ts:
(pass) comparePng with equal dimensions > identical images are same with ratio 0 and a decodable diff [2.87ms]
(pass) comparePng with equal dimensions > ratio below, equal to and above the allowance (100 px image, 1 px = 0.01) [2.35ms]
(pass) comparePng with equal dimensions > uses pixelmatch threshold 0.1: small colour deltas ignored, larger ones counted [1.15ms]
(pass) comparePng with different dimensions > height-only change is changed regardless of allowance, with padded diff [0.91ms]
(pass) comparePng with different dimensions > width-only change and both-axis change do not crash [1.97ms]
(pass) comparePng with undecodable input > corrupt baseline or actual PNG is an explicit error, not a crash [0.50ms]

tests/discovery.test.ts:
(pass) bare bun test skips issues/** and still discovers tests/ and test/ [3.73ms]

tests/env.test.ts:
(pass) readR2Config > maps the four variables explicitly with region auto [0.14ms]
(pass) readR2Config > names every missing or blank variable, never values [0.21ms]
(pass) readR2Config > empty env names all four [0.17ms]
(pass) readR2Config > defaults to process.env; importing helpers needs no credentials [19.17ms]

tests/health.test.ts:
(pass) normalizeHealth > deduplicates and sorts without dropping query distinctions [0.11ms]
(pass) evaluateHealth > clean page has no findings [0.03ms]
(pass) evaluateHealth > without a baseline every console and request finding fails [0.08ms]
(pass) evaluateHealth > baselined console and URL/status pairs become warnings, new ones fail, removed ones vanish [0.11ms]
(pass) evaluateHealth > benign third-party noise is not reported; the raw snapshot keeps it [0.15ms]
(pass) evaluateHealth > HTTP >= 400, critical error and mixed content fail even when baselined [0.10ms]
(pass) parseHealth > round-trips a valid snapshot and normalizes it [0.16ms]
(pass) parseHealth > rejects malformed shapes with a field name [0.24ms]

tests/report.test.ts:
(pass) private report > embeds images and escapes all untrusted text without external assets [2.08ms]
(pass) private report > renders exact future Forms outcomes only when supplied [0.21ms]
(pass) private report > skipped forms are neutral, explained, and accepted by check manifests and approval [0.32ms]
(pass) private report > awaiting-audit is a warning with escaped versions, accepted by check manifests and approval; visual failures still fail [0.25ms]
(pass) private report > aggregates blocked, failures and warnings while keeping capture separate [0.04ms]
(pass) manifest and exact approval evidence > accepts canonical manifest and derives safe encoded page keys [0.08ms]
(pass) manifest and exact approval evidence > rejects malformed schemas, shapes, duplicate sites, run mismatch and arbitrary artifact paths [0.22ms]
(pass) manifest and exact approval evidence > requires current URL, requested pages and both complete captures from the selected run [0.32ms]
(pass) manifest and exact approval evidence > validates actual PNG and raw health bytes against recorded dimensions [1.76ms]
(pass) manifest and exact approval evidence > approval accepts full-page horizontal overflow using recorded dimensions [1.29ms]
Report browser artifact: /home/rudi/Work/Privatni/Pirax-Castrum-Maintenance/issues/worktrees/reaudit-job/runs/2026-10-06T11-36-40.955Z/index.html
(pass) local report renders all embedded images and inert hostile text in real Chromium [285.92ms]

tests/sites.test.ts:
(pass) loadSites valid input > normalizes literal YAML, preserves order, applies defaults [0.25ms]
(pass) loadSites valid input > empty sites list is allowed [0.04ms]
(pass) loadSites valid input > ratio bounds 0 and 1 are inclusive [0.13ms]
(pass) loadSites valid input > shipped sites.example.yaml loads [0.24ms]
(pass) loadSites valid input > committed sites.yaml designates exactly the operator's 12 test forms, offline [0.73ms]
(pass) test_form designation > string-page and object-page designations load; absence stays absent [0.17ms]
(pass) test_form designation > page must exactly match a listed normalized path [0.37ms]
(pass) test_form designation > plugin must be gravity or fluent [0.20ms]
(pass) test_form designation > id must be a numeric integer, never a coerced string [0.27ms]
(pass) test_form designation > unknown member and malformed shape name the site [0.27ms]
(pass) loadSites required negative cases > duplicate slug [0.05ms]
(pass) loadSites required negative cases > missing url [0.03ms]
(pass) loadSites required negative cases > trailing-slash url [0.03ms]
(pass) loadSites required negative cases > empty pages [0.04ms]
(pass) loadSites required negative cases > unknown site key [0.10ms]
(pass) loadSites required negative cases > malformed masks [0.20ms]
(pass) loadSites hide > optional site and page hide lists; absent means no key [0.19ms]
(pass) loadSites hide > malformed hides name the field [0.11ms]
(pass) loadSites broader validation > root shape and unknown root key [0.10ms]
(pass) loadSites broader validation > site entry must be a mapping [0.03ms]
(pass) loadSites broader validation > slug missing or malformed uses index [0.16ms]
(pass) loadSites broader validation > url wrong type, scheme, credentials, query, fragment [0.14ms]
(pass) loadSites broader validation > form_helper required boolean [0.06ms]
(pass) loadSites broader validation > ratio type and bounds [0.16ms]
(pass) loadSites broader validation > pages wrong type and bad page entries [0.15ms]
(pass) loadSites broader validation > bad page paths [0.20ms]
(pass) loadSites broader validation > paths that URL resolution would normalize off-site or into traversal [0.46ms]
(pass) loadSites broader validation > percent-encoded non-traversal paths stay valid [0.15ms]
(pass) loadSites broader validation > duplicate page paths and key collisions [0.17ms]
(pass) loadSites broader validation > same page across different sites is fine [0.06ms]
(pass) loadSites broader validation > read and YAML errors are wrapped without file contents [0.13ms]
(pass) loadSites broader validation > default path is sites.yaml in the working directory [8.59ms]
(pass) pageKey > mandated examples [0.07ms]
(pass) pageKey > deterministic and filename safe [0.18ms]

tests/store.test.ts:
(pass) run IDs > canonical millisecond UTC ISO with colons replaced [0.03ms]
(pass) run IDs > rejects noncanonical and malformed IDs [0.03ms]
(pass) expiredReportKeys > keeps the newest distinct runs and removes every object of older runs [0.16ms]
(pass) expiredReportKeys > default is 10 [0.08ms]
(pass) expiredReportKeys > zero removes all recognized reports, never sentinels [0.05ms]
(pass) expiredReportKeys > count at or below keep is a no-op [0.07ms]
(pass) expiredReportKeys > input order does not matter; runs count once regardless of object count [0.07ms]
(pass) expiredReportKeys > invalid keep throws [0.07ms]
(pass) store validation before any request > createStore validates root and page size [0.13ms]
(pass) store validation before any request > unsafe keys reject with StoreError, not a network error [0.56ms]
(pass) store validation before any request > root counts toward the key length limit [0.07ms]
(pass) store validation before any request > presign validates expiry and signs the scoped key for GET [0.13ms]
(pass) store validation before any request > external folder marker of an expired run is selected but rejected, never slash-trimmed [0.13ms]
(pass) store validation before any request > invalid keep rejects before listing [0.14ms]
(pass) lazy environment > importing store needs no env; first use names missing variables [8.97ms]
(pass) store:selftest missing configuration > all blank: nonzero, names all four, no artifact [6.02ms]
(pass) store:selftest missing configuration > one blank: names only it and prints no values [5.56ms]

tests/plugin-source.test.ts:
(pass) the shipping table holds exactly the five known pins as stable numeric versions [0.14ms]
(pass) the shipping helper header and VERSION constant agree with the reader [0.09ms]
(pass) importing the reader is side-effect free and its default source does not depend on the working directory [12.40ms]
(pass) malformed, incomplete, duplicate, unknown or nonliteral pins are refused by field, never by value [0.85ms]
(pass) readAuditedVersions reads the given source directory [1.75ms]
(pass) helper version refusals name the field, never the rejected value [1.73ms]
(pass) helper version fixtures survive two successive patch bumps [0.48ms]
(pass) wrong-version fixtures are genuinely different from every pin, now and after two pin bumps [0.26ms]
(pass) native plugin tests carry no fixed audited vendor version [3.25ms]

test/forms/awaiting-audit-commands.test.ts:
Awaiting-audit command evidence: /home/rudi/Work/Privatni/Pirax-Castrum-Maintenance/issues/worktrees/reaudit-job/runs/forms-awaiting-commands-9eb58648-9efb-4ccc-b938-bc0aaa9fcb63/summary.json
(pass) production forms/check age, escalate, share and clear the awaiting-audit clock against real scoped R2 [85787.06ms]

test/forms/awaiting-audit.test.ts:
Awaiting-audit state evidence: /home/rudi/Work/Privatni/Pirax-Castrum-Maintenance/issues/worktrees/reaudit-job/runs/forms-awaiting-bcd3f5c2-fa12-461a-8e9b-bbaa0de8073a/summary.json
(pass) awaiting-audit clock persists, ages, clears and degrades against real scoped R2 [29073.34ms]

test/forms/browser.test.ts:
(pass) detects actual distinct plugin forms once and preserves unknown identities [80.25ms]
(pass) fills basic controls with full random marker, preserving hidden/honeypot data [210.29ms]
(pass) native required checkbox groups choose one usable option; individual required and optional choices are preserved [571.97ms]
(pass) HTTP-200 explicit challenges fail discovery, ordinary CAPTCHA/Cloudflare mentions remain empty [1219.75ms]
(pass) preinspects whole form: hidden upload, marker constraints and custom flows never type [616.88ms]
(pass) no-helper blocks autonomous input/change GET/POST/image/navigation and sockets [5616.59ms]
Submission fixture /plain: confirmed
Submission fixture /ff: confirmed
Submission fixture /gf-ajax: confirmed
Submission fixture /save-trap: failed
Submission fixture /reject: rejected
Submission fixture /foreign: failed
Submission fixture /no-confirmation: failed
Submission fixture /stale: failed
Submission fixture /ff-stale: failed
Submission fixture /ff-foreign: failed
Submission fixture /ff-redirect: confirmed
Submission fixture /ff-redirect-no-entry: failed
(pass) specific new GF and associated FF confirmations; errors sanitized; no retry [6654.22ms]
Awaiting-audit fixture /gf-awaiting: awaiting-audit
Awaiting-audit fixture /gf-awaiting-multi: awaiting-audit
Awaiting-audit fixture /gf-awaiting-nested: awaiting-audit
Awaiting-audit fixture /ff-awaiting: awaiting-audit
Awaiting-audit fixture /gf-awaiting-generic-in-container: rejected
Awaiting-audit fixture /gf-awaiting-extra-in-container: rejected
Awaiting-audit fixture /gf-summary-only: rejected
Awaiting-audit fixture /gf-awaiting-only-container: awaiting-audit
Awaiting-audit fixture /gf-awaiting-field: rejected
Awaiting-audit fixture /gf-awaiting-second-helper: rejected
Awaiting-audit fixture /ff-awaiting-field: rejected
Awaiting-audit fixture /gf-awaiting-invalid: rejected
Awaiting-audit fixture /ff-awaiting-invalid: rejected
Awaiting-audit fixture /gf-generic: rejected
Awaiting-audit fixture /ff-generic: rejected
Awaiting-audit fixture /gf-lowercase: rejected
Awaiting-audit fixture /gf-blank: rejected
Awaiting-audit fixture /ff-blank: rejected
Awaiting-audit fixture /gf-no-version: rejected
Awaiting-audit fixture /gf-bad-separator: rejected
Awaiting-audit fixture /gf-mid-sentence: rejected
Awaiting-audit fixture /gf-foreign-awaiting: failed
Awaiting-audit fixture /ff-stale-awaiting: failed
Awaiting-audit fixture /ff-foreign-awaiting: failed
(pass) exact awaiting-audit refusals are classified per message; near matches, extra refusals, stale and foreign messages are not [9577.81ms]
(pass) scanner forwards awaiting-audit without polling the mailbox [2565.97ms]
(pass) marker changed after preparation is never submitted; native invalidity is rejection [410.82ms]
(pass) scanner no forms is empty, navigation error is failed, CAPTCHA is not-verified, each designation is filled in its own scan [3163.43ms]
(pass) selected submit blocks unrelated same-origin writes/GETs and autonomous native GET submit [337.37ms]
(pass) no-marker/unknown/upload requires no credentials; opted-in IMAP preflight happens before POST [43955.21ms]
(pass) omitted designation skips every form, helper true or false, with no credentials, typing or POST [2088.50ms]
(pass) the designated form on the second listed page is the only attempt, in either page order [2169.55ms]
(pass) helper false fills only the designated plugin/id: same-number GF/FF differ, other forms get no events or POST [2123.19ms]
(pass) missing, wrong-plugin, elsewhere-only, GF #0 and empty-page designations fail once on their page; scan failures stay scan failures [4487.81ms]
(pass) duplicate designated instances: only the first is attempted; rejected, unsupported and changed selections never fall through [2759.67ms]
(pass) distinct sites and a second invocation each keep their own single attempt [3099.37ms]
(pass) encoded URLs and browser exceptions are scrubbed from retained action traces [37.31ms]
(pass) direct forms command writes a truthful local report without form credentials or visual/baseline access [656.97ms]
Forms browser evidence: /home/rudi/Work/Privatni/Pirax-Castrum-Maintenance/issues/worktrees/reaudit-job/runs/forms-browser-c901e4a6-f117-4808-85b6-881c640e125f
(pass) retained action traces are secret-free with no image/DOM/source payloads [307.31ms]

test/forms/config.test.ts:
(pass) readFormConfig > returns the exact token and single address without trimming or transforming [0.10ms]
(pass) readFormConfig > missing or blank names are EnvError naming each variable [0.09ms]
(pass) readFormConfig > invalid token and address formats are value-free configuration errors [8.72ms]
(pass) readImapConfig > 993 is implicit TLS, other ports require STARTTLS; password and folders are literal [0.10ms]
(pass) readImapConfig > missing or blank names list every variable [0.07ms]
(pass) readImapConfig > invalid host, port, user and non-literal folders are value-free errors [0.18ms]
(pass) importing readers needs no environment; process.env default reads lazily [83.52ms]

test/forms/evidence.test.ts:
(pass) sanitizer removes raw, percent, JSON/unicode, HTML and nested encodings [3.67ms]
(pass) automatic redaction distinguishes credentials from nonsecret configuration labels [11.00ms]
(pass) sanitized trace JSON independently decodes without astral or mixed-escaped credentials [9.53ms]
(pass) trace sanitation fails closed, deletes raw and unsafe output on invalid archive [4.69ms]

test/forms/imap.test.ts:
(pass) pollDelivery input and deadline > rejects non-canonical IDs and deadlines before any network access [0.53ms]
(pass) pollDelivery input and deadline > a silent server cannot outlive the deadline; the connection is closed and not reported as absent mail [1553.01ms]
(pass) pollDelivery input and deadline > STARTTLS is required off port 993: no credentials are ever sent in plaintext [56.19ms]
(pass) pollDelivery input and deadline > refused and dropped connections are explicit sanitized failures [1.55ms]
(pass) installed ImapFlow contract (pure command/encoding diagnostics, not authentication) > esm: startup discovery is opt-in suppressed, including no-NAMESPACE LIST fallback [1.19ms]
(pass) installed ImapFlow contract (pure command/encoding diagnostics, not authentication) > esm: literal EXAMINE skips metadata LIST, preserves encoding and has no failed-open fallback [10.49ms]
(pass) installed ImapFlow contract (pure command/encoding diagnostics, not authentication) > esm: installed fetch compiler requests only candidate UID and Subject PEEK [0.61ms]
(pass) installed ImapFlow contract (pure command/encoding diagnostics, not authentication) > cjs: startup discovery is opt-in suppressed, including no-NAMESPACE LIST fallback [10.25ms]
(pass) installed ImapFlow contract (pure command/encoding diagnostics, not authentication) > cjs: literal EXAMINE skips metadata LIST, preserves encoding and has no failed-open fallback [1.78ms]
(pass) installed ImapFlow contract (pure command/encoding diagnostics, not authentication) > cjs: installed fetch compiler requests only candidate UID and Subject PEEK [1.23ms]
(pass) installed ImapFlow contract (pure command/encoding diagnostics, not authentication) > unfolds and MIME-decodes one Subject, rejecting malformed/duplicate fields and near tags [0.85ms]
(pass) tag matching and folder policy > rechecks the exact tag because IMAP SUBJECT search is a case-insensitive substring match [0.07ms]
(pass) tag matching and folder policy > equal configured names are opened once and treated conservatively as spam [0.04ms]
(pass) tag matching and folder policy > a match in both folders favors spam; no match waits [0.07ms]
(pass) tag matching and folder policy > protocol evidence keeps only command names and fetch data items [0.16ms]

test/forms/playground.test.ts:
(pass) helper false fills only each designated native form without changing mail, entries or feeds; warning-only publication never accesses baselines [12252.00ms]
(pass) native upload/no-marker are unsupported; required client/server rejection; a separately designated FF run still confirms [24448.49ms]
(pass) native required GF checkbox/consent and FF checkbox/terms confirm, redirect and clean entries; helper false never submits [27231.27ms]
(pass) native GF modern AJAX and FF AJAX retain separate confirmations and native cleanup [15245.40ms]
(pass) native FF designation over both repeated scope pages: production forms run submits once and skips five (short internal deadline) [12456.41ms]
(pass) scoped CLI without a designation, with a missing designated ID, or with helper false submits nothing and publishes truthful reports [31614.88ms]
(pass) scoped production bun run forms local CLI submits only the designated form on the second listed page, once, and truthfully fails after one default five-minute deadline [319183.47ms]
(pass) production check captures both widths unchanged on both scope pages and applies the same selection: one submission, five skips [40816.73ms]
Native forms evidence: /home/rudi/Work/Privatni/Pirax-Castrum-Maintenance/issues/worktrees/reaudit-job/runs/forms-playground-e6db107b-64e6-4abc-9ea7-23f439b1e9d2/summary.json

test/forms/report.test.ts:
Forms collision evidence: /home/rudi/Work/Privatni/Pirax-Castrum-Maintenance/issues/worktrees/reaudit-job/runs/forms-collision-9a9988d8-d2ff-4e2e-adc1-4c2ca03a2987/synthetic-folder-collision/summary.json
(pass) production forms command publishes with a nonsecret folder in both run and site paths [2193.56ms]
(pass) forms-only manifest > parsePublishedManifest returns either validated mode; parseManifest stays check-only [0.62ms]
(pass) forms-only manifest > both manifest modes accept skipped and awaiting-audit; unknown outcomes still reject [0.90ms]
(pass) forms-only manifest > rejects fabricated viewports, missing forms, mixed discriminators and malformed identity [0.65ms]
(pass) form outcome gating > failed/rejected fail, spam/not-verified/unsupported/awaiting-audit warn, delivered passes, skipped is neutral [0.29ms]
(pass) form outcome gating > existing visual/health failures still fail with passing forms [0.06ms]
(pass) form outcome gating > forms-only HTML has page Forms data without image panels and escapes hostile text [0.18ms]
(pass) form outcome gating > forms-only HTML renders awaiting-audit as a warning with escaped versions and explains it [0.13ms]
(pass) form outcome gating > forms-only HTML renders skipped literally as neutral and explains it [0.12ms]
(pass) form outcome gating > check pages show form-aware page and site status [0.12ms]
(pass) forms-only local and published reports > local report has only HTML and manifest, excludes traces, and renders in real Chromium [138.13ms]
(pass) forms-only local and published reports > real R2: manifest last, traces excluded, approval still selects the older check [8366.75ms]
Forms report evidence: /home/rudi/Work/Privatni/Pirax-Castrum-Maintenance/issues/worktrees/reaudit-job/runs/forms-report-tests-47630887-e108-4dfa-92b8-42368e13941e/summary.json

test/plugin/adapters.test.ts:
(pass) GF marked browser submission: both notifications redirected synchronously, no feeds, entry deleted after mail [21501.47ms]
(pass) GF controls: unmarked, wrong-token and empty-token submissions keep recipients, feeds and entries [30030.55ms]
(pass) FF marked browser submission: both notifications redirected, only the email feed runs, entry and related rows deleted at request end [14222.69ms]
(pass) FF marked submission of an empty-type form (FF's activation demo form) is supported like type form; type post stays blocked [21197.32ms]
(pass) FF controls: unmarked, wrong-token and empty-token submissions keep recipients, feeds and entries [19713.78ms]
(pass) GF reCAPTCHA v2 with failing siteverify: marked passes, unmarked fails; other errors and honeypot still apply [28737.17ms]
(pass) FF reCAPTCHA with failing siteverify: marked passes, unmarked fails; other errors and honeypot still apply [30429.80ms]
(pass) an integration outside the suppressible feed paths blocks marked submissions; ordinary ones still run it [27078.26ms]
(pass) payment and post-creation paths are rejected for marked submissions [12828.66ms]
(pass) malformed or ambiguous markers and an invalid redirect reject safely; nothing reaches original recipients [27433.60ms]
(pass) FF queued email: marked entry kept until every job completes across requests; ordinary job in the same runner keeps its recipients [34945.05ms]
(pass) FF queued email: a job still processing elsewhere blocks FF's pending-only completion signal [29458.59ms]
(pass) FF queued email: rotating or clearing the token never turns queued test mail into client mail [32432.29ms]
(pass) FF legacy batch runner: marked and ordinary jobs in one request keep their own recipients; marked entry removed [25217.02ms]
(pass) hourly sweep: real cron deletes only old token entries across pages, with native cascade and queued-job removal, in a non-UTC site [23946.25ms]
(pass) sweep: literal token with SQL wildcards, empty token no-op, and strict one-hour boundary [12758.66ms]
(pass) retained evidence contains no token [5996.15ms]

test/plugin/artifacts.test.ts:
(pass) findSecret and sanitizeZip keep the signing seed for scanning but not for their zip/unzip children [19.28ms]

test/plugin/review-regressions.test.ts:
(pass) marked wp_mail: control-prefixed Cc/Bcc header names never reach the native envelope; ordinary mail keeps them [6082.48ms]
(pass) hourly sweep deletes old FF test entries whose marker field was later renamed or removed; controls stay [20412.94ms]

test/plugin/core.test.ts:
(pass) build:plugin produces only the allowlisted uploadable ZIP with no tests, secrets or licensed code [34.95ms]
(pass) generated ZIP uploads and activates through wp-admin without Gravity Forms or Fluent Forms [22186.27ms]
(pass) settings mutate only for manage_options with a valid nonce and valid values [63674.45ms]
(pass) compatibility panel: admins only, read-only, every unaudited callback by hook with a real <script> closure file escaped [23784.09ms]
(pass) marker parser classifies submitted values: ordinary, marked(id) or invalid-marker [2586.96ms]
(pass) request marker and stacked worker context; nothing is inherited by another request [4059.05ms]
(pass) wp_mail in marked context is redirected, stripped and tagged; ordinary mail is untouched [11308.66ms]
(pass) a bad redirect fails before marking and marked mail is never delivered to original recipients [20523.81ms]
(pass) the core never marks a request from query strings, cookies or arbitrary POST data [3577.92ms]
(pass) deactivation unschedules, uninstall is guarded and removes options and owned events [14169.67ms]

test/plugin/release.test.ts:
(pass) offline: dry run signs the exact manifest bytes from source-derived facts and never calls GitHub [57.15ms]
(pass) offline: importing the release script has no side effects [27.45ms]
(pass) offline: a missing or malformed seed is refused by name, in both modes, before anything is built [256.51ms]
(pass) offline: publishing refuses a seed whose public key is not the committed production key [34.57ms]
(pass) offline: publishing refuses an existing local tag before any GitHub call [31.44ms]
(pass) publishing fails closed when the real GitHub lookup cannot answer [347.11ms]
(pass) remote lookup tells a missing tag from an existing one [1587.09ms]
(pass) the test gh wrapper forwards only the two exact read-only lookups and answers every write itself [517.35ms]
(pass) publishing checks GitHub read-only, claims the tag at HEAD, then creates exactly one release from it with the three signed assets [959.10ms]
(pass) a tag claimed concurrently or an unanswered claim stops publication before gh release create [2197.52ms]
(pass) a release failure after the claim leaves the tag for deliberate recovery: no retry, overwrite or delete [924.91ms]
(pass) offline: a generated seed used as the source version never reaches CLI output, in either mode [38.98ms]
(pass) offline: malformed or ambiguous source facts are refused before anything is built [182.14ms]
(pass) offline: the parent refuses to package a seed found in source, and no private material reaches outputs or logs [50.80ms]

test/plugin/safety.test.ts:
(pass) FF: a later PHP_INT_MAX feed-type filter registered after the plugin cannot resurrect the ledger feed on a marked submission [32644.08ms]
(pass) FF queued: a marked notification that throws inside native mail processing does not redirect the next ordinary job in the same runner request [41337.15ms]
(pass) FF queued cleanup race: a marked entry deleted natively after the runner loaded it, with the token rotated, still sends only redirected mail; ordinary jobs stay ordinary [32971.26ms]
(pass) FF unsupported marked form with reCAPTCHA and failing siteverify is rejected with the blocked message before CAPTCHA [36304.13ms]
(pass) GF sweep: an old token entry's queued notifications (entry snapshots included) and feeds are removed before deletion; ordinary queued work runs; active worker defers [39897.61ms]
(pass) compatibility gate accepts exactly the pinned GF and FF versions [2070.81ms]
(pass) optional plugin pins are exact strings, and on this stack (none of them active) both reports are ready with core versions only [1843.36ms]
(pass) version-only diagnosis: reflected source directories decide callback ownership, never names; anything besides known mismatched versions and their own callbacks stays generic [2526.94ms]
(pass) retained evidence contains no token [18397.56ms]

test/plugin/stack-harness.test.ts:
(pass) optional plugins are real, exact, active, and activated after the safeguards [2584.77ms]
(pass) third-party WordPress HTTP is blocked and logged without the outgoing or incoming request's query strings or bodies [3634.62ms]
(pass) Pro feature fixtures write native settings that Pro's own getters read [6029.21ms]
(pass) ordinary FF and GF controls reach CleanTalk moderation, the Pro webhook and FluentSMTP's Simulator [32753.24ms]
(pass) evidence names every version and ZIP hash and retains no token, licensed path or third-party response [9065.10ms]

test/plugin/updates.test.ts:
(pass) staged fixture helpers replace only the test channel; the shipping source keeps the production trust root [1753.06ms]
(pass) a verified newer release is offered natively; every invalid feed offers nothing and drops a stale offer [60191.56ms]
(pass) plugins_api answers only this helper's details, with inert escaped text, and never falls through to wordpress.org [2158.96ms]
(pass) auto_update_plugin opts in this exact helper only and preserves every other decision [2537.98ms]
(pass) the download boundary refuses unverified helper packages and leaves the installed bytes unchanged [60717.53ms]
(pass) an authenticated admin lists, inspects and installs the signed release through native WordPress [15896.09ms]
(pass) evidence: summary, request ledger and traces are retained without private key material [5503.18ms]

test/plugin/compatibility.test.ts:
(pass) full stack before marked submissions: ordinary FF and GF keep CleanTalk moderation, the Pro webhook, the GF ledger and original mail [37290.99ms]
(pass) full stack: marked FF and GF each confirm with one redirected Simulator mail, no CleanTalk moderation, no Pro webhook job or hit, and no entry left [31990.46ms]
(pass) GF modern AJAX (admin-ajax gform_submit_form): marked confirms with one redirected Simulator mail and no CleanTalk request or token-bearing HTTP; ordinary keeps CleanTalk's generic check, its entry, ledger feed and original mail [41630.44ms]
(pass) GF modern AJAX early boundary: malformed markers, invalid configuration and the token in a field input the stored form lacks are refused without CleanTalk; the token outside field inputs (query, cookie, other POST names) stays ordinary and keeps CleanTalk [50598.22ms]
(pass) GF modern AJAX: CleanTalk's generic check wrapped (unrecognizable) refuses marked submissions before it runs; ordinary ones keep it [47604.34ms]
(pass) GF modern AJAX: CleanTalk's generic check moved to plugins_loaded priority 1 refuses marked submissions before it runs; ordinary ones keep it [51178.68ms]
(pass) GF modern AJAX: the marker only in a field a GF form filter adds is refused before CleanTalk's generic check; ordinary submissions with that field keep it [28009.83ms]
(pass) GF modern AJAX before GF initializes: ordinary requests read no stored form; a marked one reads it only under the audited GF core, and another GF version refuses it before any form read or CleanTalk request [77555.48ms]
(pass) GF modern AJAX from a logged-in admin: with CleanTalk's logged-in protection off it binds no generic check; on, marked submissions have it removed and ordinary ones keep it (it runs, and skips this admin) [64520.16ms]
(pass) marked wp_mail through FluentSMTP: control-padded and folded recipient headers never reach the effective envelope or the Simulator log; ordinary mail keeps them [18323.23ms]
(pass) full stack after marked submissions: ordinary controls are unchanged [35725.57ms]
(pass) Pro double opt-in and admin approval: ordinary submissions take Pro's path; marked ones get only the redirected notification [106167.93ms]
(pass) Pro auto-delete and drafts: a marked entry outlives a failed queued mail until FF's retry and its draft survives; Pro deletes ordinary ones [49205.80ms]
(pass) one request: a marked entry's completion keeps Pro's auto-delete away, the next ordinary one gets it back, and the hook inventory ends identical [2373.22ms]
(pass) CleanTalk switched off for contact forms needs no binding; a rebound (unrecognizable) FF check blocks marked FF and the panel names it [57269.68ms]
(pass) CleanTalk re-registered during a marked submission's own dispatch is removed again; ordinary submissions keep it [69737.91ms]
(pass) admin panel on the full stack: exact versions audited per form plugin and both ready [3517.21ms]
(pass) CleanTalk at another version blocks marked FF and GF at the native gates with the version-only message; the panel shows the version and still lists callbacks [74112.65ms]
(pass) Fluent Forms Pro at another version blocks marked FF (not GF) at the native gates with the version-only message; the panel shows the version and still lists callbacks [76210.22ms]
(pass) FluentSMTP at another version blocks marked FF and GF at the native gates with the version-only message; the panel shows the version and still lists callbacks [64171.33ms]
(pass) an unaudited optional Pro module (Inventory) keeps blocking marked FF with the generic message; the panel names its callbacks [29620.38ms]
(pass) Pro at the next patch: its own Inventory callbacks keep the version-only message, a second mismatch is listed in report order, and a callback outside every mismatched plugin (a rebound CleanTalk wrapper) makes it generic; all stay blocked [80482.68ms]
(pass) retained evidence names every version and ZIP hash and contains no token or licensed path [7909.30ms]

test/plugin/harness.test.ts:
(pass) preflight names missing or invalid credentials without their values [0.35ms]
(pass) compatibility preflight requires FLUENT_FORMS_PRO_ZIP by name only; the default stack does not [0.71ms]
(pass) licensed and cached ZIPs must declare exactly their pinned version, and refusals name the variable, not the path [13.85ms]
(pass) loopback WordPress runs licensed Gravity Forms and pinned Fluent Forms with real PHP and database [6361.14ms]
(pass) browser logs in to real wp-admin and submits unmarked forms for both plugins [46828.48ms]
(pass) withAlteredFile: repeated and nested plugin edits reach every Playground worker and restore the original bytes [78333.76ms]
(pass) stop shuts the site down [234.20ms]

 297 pass
 0 fail
 4535 expect() calls
Ran 297 tests across 29 files. [3477.70s]

Result exit=0 at 2026-10-06T12:33:53Z
