Queued 2026-10-06T15:21:59Z
Lock acquired 2026-10-06T15:21:59Z; head 68b9bc702e6b0af242afa828de843e31269b383f; gh /home/rudi/.local/share/mise/installs/gh/latest/gh_2.101.0_linux_amd64/bin/gh; node v24.21.0
$ bun scripts/build-plugin.ts
dist/pirax-form-test.zip (11 files, sha256 9cbfe9af44ee921611cbc034fdf6c672f00ccd023aaeb9ad703a791b824c4188)
bun test v1.4.2 (744846f84)

tests/capture.test.ts:
Failed navigation fixture: {"path":"/delayed-unreachable","state":"blocked","health":{"status":null,"finalUrl":"chrome-error://chromewebdata/","criticalError":false,"consoleErrors":[],"failedRequests":[],"mixedContent":[]},"hasImage":false,"writes":0} artifacts: /home/rudi/Work/Privatni/Pirax-Castrum-Maintenance/issues/worktrees/reaudit-job-u4/runs/capture-test-2026-10-06T15-22-00.048Z
Failed navigation fixture: {"path":"/delayed-post","state":"blocked","health":{"status":null,"finalUrl":"chrome-error://chromewebdata/","criticalError":false,"consoleErrors":[],"failedRequests":[],"mixedContent":[]},"hasImage":false,"writes":0} artifacts: /home/rudi/Work/Privatni/Pirax-Castrum-Maintenance/issues/worktrees/reaudit-job-u4/runs/capture-test-2026-10-06T15-22-00.048Z
WebSocket fixture: {"mutations":0,"connections":0} artifacts: /home/rudi/Work/Privatni/Pirax-Castrum-Maintenance/issues/worktrees/reaudit-job-u4/runs/capture-test-2026-10-06T15-22-00.048Z

tests/reaudit-operations.test.ts:
watchdog: notice not sent: Error

tests/report.test.ts:
Report browser artifact: /home/rudi/Work/Privatni/Pirax-Castrum-Maintenance/issues/worktrees/reaudit-job-u4/runs/2026-10-06T15-22-52.432Z/index.html

tests/reaudit-publish.test.ts:
v0.3.1: dist/pirax-form-test.zip sha256 31f05e587860cea27a5c7f88f1995d6d288b4ff8c2b2ff989526510990b0a636, signed by public key kBYaxFu8xPJO6cNwAHrRo2tLvy8TO80ig8DnjOCMWow=
{"synthesized":true}
published v0.3.1 on CastrumS/pirax-castrum-maintenance
v0.3.1: dist/pirax-form-test.zip sha256 779db05f37f54586372ca44cc1d342745831d61bbdf74f6cd408bb15e956a89e, signed by public key RuYnzWIwDCycWbPirusDIbxuwiPQJX7mZamsOLkGVAE=
HTTP 502: Bad Gateway
release-plugin: gh release create failed (exit 1); tag v0.3.1 was claimed on CastrumS/pirax-castrum-maintenance at 5b4ffc4aeedcd1a1c24e3a387d99f2b53b3f5b47; inspect remote tag and release state before recovery: creation or upload may have partially succeeded; do not retry or delete blindly
v0.3.1: dist/pirax-form-test.zip sha256 f2009a819c4ace1d7012ccb03e0162cea88e8b243ebbce06cc382588630c15d9, signed by public key 1HiEpLotmu0UJKYWOmvF7LzVAIeNmjYa7ux2DdvXPBM=
{"synthesized":true}
published v0.3.1 on CastrumS/pirax-castrum-maintenance

test/forms/awaiting-audit-commands.test.ts:
Awaiting-audit command evidence: /home/rudi/Work/Privatni/Pirax-Castrum-Maintenance/issues/worktrees/reaudit-job-u4/runs/forms-awaiting-commands-1bde7ce6-aa6f-415c-99e1-6298a1794f96/summary.json

test/forms/awaiting-audit.test.ts:
Awaiting-audit state evidence: /home/rudi/Work/Privatni/Pirax-Castrum-Maintenance/issues/worktrees/reaudit-job-u4/runs/forms-awaiting-8bd40984-ed0e-4eb0-8daf-b27990fb50c6/summary.json

test/forms/browser.test.ts:
Submission fixture /plain: confirmed
Submission fixture /ff: confirmed
Submission fixture /gf-ajax: confirmed
Submission fixture /save-trap: failed
Submission fixture /reject: rejected
Submission fixture /foreign: failed
Submission fixture /no-confirmation: failed
Submission fixture /stale: failed
Submission fixture /ff-stale: failed
Submission fixture /ff-foreign: failed
Submission fixture /ff-redirect: confirmed
Submission fixture /ff-redirect-no-entry: failed
Awaiting-audit fixture /gf-awaiting: awaiting-audit
Awaiting-audit fixture /gf-awaiting-multi: awaiting-audit
Awaiting-audit fixture /gf-awaiting-nested: awaiting-audit
Awaiting-audit fixture /ff-awaiting: awaiting-audit
Awaiting-audit fixture /gf-awaiting-generic-in-container: rejected
Awaiting-audit fixture /gf-awaiting-extra-in-container: rejected
Awaiting-audit fixture /gf-summary-only: rejected
Awaiting-audit fixture /gf-awaiting-only-container: awaiting-audit
Awaiting-audit fixture /gf-awaiting-field: rejected
Awaiting-audit fixture /gf-awaiting-second-helper: rejected
Awaiting-audit fixture /ff-awaiting-field: rejected
Awaiting-audit fixture /gf-awaiting-invalid: rejected
Awaiting-audit fixture /ff-awaiting-invalid: rejected
Awaiting-audit fixture /gf-generic: rejected
Awaiting-audit fixture /ff-generic: rejected
Awaiting-audit fixture /gf-lowercase: rejected
Awaiting-audit fixture /gf-blank: rejected
Awaiting-audit fixture /ff-blank: rejected
Awaiting-audit fixture /gf-no-version: rejected
Awaiting-audit fixture /gf-bad-separator: rejected
Awaiting-audit fixture /gf-mid-sentence: rejected
Awaiting-audit fixture /gf-foreign-awaiting: failed
Awaiting-audit fixture /ff-stale-awaiting: failed
Awaiting-audit fixture /ff-foreign-awaiting: failed
Forms browser evidence: /home/rudi/Work/Privatni/Pirax-Castrum-Maintenance/issues/worktrees/reaudit-job-u4/runs/forms-browser-90c8fbc9-aebf-4ba9-9703-50b0c83ef317

test/forms/playground.test.ts:
Native forms evidence: /home/rudi/Work/Privatni/Pirax-Castrum-Maintenance/issues/worktrees/reaudit-job-u4/runs/forms-playground-bb0074a4-078a-4fb4-883e-961decf9f09a/summary.json

test/forms/report.test.ts:
Forms collision evidence: /home/rudi/Work/Privatni/Pirax-Castrum-Maintenance/issues/worktrees/reaudit-job-u4/runs/forms-collision-820dd7ae-3c89-48eb-b0e9-616139630e28/synthetic-folder-collision/summary.json
Forms report evidence: /home/rudi/Work/Privatni/Pirax-Castrum-Maintenance/issues/worktrees/reaudit-job-u4/runs/forms-report-tests-3f41db43-8340-4e0a-82d4-0a9c6706686c/summary.json

test/plugin/adapters.test.ts:
(fail) an integration outside the suppressible feed paths blocks marked submissions; ordinary ones still run it [240000.01ms]
  ^ this test timed out after 240000ms.

# Unhandled error between tests
-------------------------------
194 |   if (buffer) onLine(buffer);
195 | }
196 | 
197 | /** Rejects after ms without keeping the process alive (unlike a pending Bun.sleep). */
198 | const timeout = (ms: number, error: () => Error) =>
199 |   new Promise<never>((_, reject) => setTimeout(() => reject(error()), ms).unref());
                                                                  ^
error: PHP execution timed out after 120000ms
      at <anonymous> (/home/rudi/Work/Privatni/Pirax-Castrum-Maintenance/issues/worktrees/reaudit-job-u4/test/plugin/harness.ts:199:61)
-------------------------------

