bun test v1.4.2 (744846f84)

tests/capture.test.ts:
(pass) locked viewports and readiness limits [0.12ms]
Failed navigation fixture: {"path":"/delayed-unreachable","state":"blocked","health":{"status":null,"finalUrl":"chrome-error://chromewebdata/","criticalError":false,"consoleErrors":[],"failedRequests":[],"mixedContent":[]},"hasImage":false,"writes":0} artifacts: /home/rudi/Work/Privatni/Pirax-Castrum-Maintenance/issues/worktrees/helper-self-update/runs/capture-test-2026-10-05T16-15-08.934Z
(pass) capture in real Chromium > failed later main-document navigation from /delayed-unreachable cannot reuse HTTP 200 [1702.56ms]
Failed navigation fixture: {"path":"/delayed-post","state":"blocked","health":{"status":null,"finalUrl":"chrome-error://chromewebdata/","criticalError":false,"consoleErrors":[],"failedRequests":[],"mixedContent":[]},"hasImage":false,"writes":0} artifacts: /home/rudi/Work/Privatni/Pirax-Castrum-Maintenance/issues/worktrees/helper-self-update/runs/capture-test-2026-10-05T16-15-08.934Z
(pass) capture in real Chromium > failed later main-document navigation from /delayed-post cannot reuse HTTP 200 [1608.88ms]
(pass) capture in real Chromium > delayed main-document navigation to /missing uses final health and classification [1637.40ms]
(pass) capture in real Chromium > delayed main-document navigation to /critical uses final health and classification [1662.53ms]
(pass) capture in real Chromium > delayed main-document navigation to /forbidden uses final health and classification [1603.77ms]
(pass) capture in real Chromium > delayed main-document navigation to /challenge uses final health and classification [1596.00ms]
(pass) capture in real Chromium > delayed main-document navigation to /header-only-challenge uses final health and classification [1615.38ms]
(pass) capture in real Chromium > direct HTTP redirect retains the final document status [748.55ms]
(pass) capture in real Chromium > navigation triggered by readiness scrolling reconciles the final document [1827.99ms]
WebSocket fixture: {"mutations":0,"connections":0} artifacts: /home/rudi/Work/Privatni/Pirax-Castrum-Maintenance/issues/worktrees/helper-self-update/runs/capture-test-2026-10-05T16-15-08.934Z
(pass) capture in real Chromium > read-only policy blocks real WebSocket mutations while GET content captures [772.29ms]
(pass) capture in real Chromium > full-page PNG at both viewports includes lazy content; trace saved [2609.03ms]
(pass) capture in real Chromium > site and page masks combine; masked captures are stable, unmasked ones change [6568.18ms]
(pass) capture in real Chromium > hides combine, remove elements from the full-page size, and warn or fail like masks [7277.99ms]
(pass) capture in real Chromium > unmatched valid mask warns; invalid or non-CSS selectors are configuration errors [1659.34ms]
(pass) capture in real Chromium > health: console/pageerror, 404 assets, transport failure; policy aborts are warnings; CAPTCHA text is not blocked [768.93ms]
(pass) capture in real Chromium > 404 page and critical error are captured health failures, not blocked [1519.24ms]
(pass) capture in real Chromium > unreachable, 403 and challenge pages are blocked with reasons and a trace [2201.78ms]
(pass) capture in real Chromium > never-idle, infinitely scrolling page finishes within its limits with readiness warnings [3516.07ms]
(pass) TLS and mixed content on a real HTTPS fixture > self-signed certificate is blocked unless the internal test option is set [109.47ms]
(pass) TLS and mixed content on a real HTTPS fixture > HTTP resources on an HTTPS page are mixed content; plain HTTP links are not [1584.59ms]
(pass) challengeReason needs explicit markers [0.12ms]

tests/commands.test.ts:
(pass) command preflight without browser or storage > parses selection, optional sites and approve page; retains list order [0.18ms]
(pass) command preflight without browser or storage > rejects missing, extra, unsupported flags and approve all [0.06ms]
(pass) command preflight without browser or storage > exit 2 for configuration before work; empty all is zero with no credentials [7.39ms]
(pass) command preflight without browser or storage > CLI imports have no credential reads or exits and missing env is sanitized exit 2 [983.62ms]
(pass) root forms alias invokes production entrypoint; empty/usage need no credentials or writes [1061.19ms]
(pass) direct forms/check errors sanitize trusted messages and classify config as exit 2 [512.81ms]
(pass) only canonical completed run IDs qualify, in descending order [0.60ms]
(pass) latest containing site is selected, incomplete/unrelated evidence never replaces it [0.77ms]
(pass) latest valid containing site wins over unrelated newer history without falling back from blocked pages [1.39ms]
(pass) direct approval rejects an unlisted page before touching its real lazy Store [4.69ms]
(pass) newer valid forms-only runs are skipped; a malformed newer forms manifest is still an error [0.45ms]
(pass) baseline/check entrypoints finish after the lazy command import instead of deadlocking [1236.07ms]

tests/compare.test.ts:
(pass) comparePng with equal dimensions > identical images are same with ratio 0 and a decodable diff [2.83ms]
(pass) comparePng with equal dimensions > ratio below, equal to and above the allowance (100 px image, 1 px = 0.01) [2.54ms]
(pass) comparePng with equal dimensions > uses pixelmatch threshold 0.1: small colour deltas ignored, larger ones counted [1.25ms]
(pass) comparePng with different dimensions > height-only change is changed regardless of allowance, with padded diff [1.16ms]
(pass) comparePng with different dimensions > width-only change and both-axis change do not crash [1.95ms]
(pass) comparePng with undecodable input > corrupt baseline or actual PNG is an explicit error, not a crash [0.61ms]

tests/discovery.test.ts:
(pass) bare bun test skips issues/** and still discovers tests/ and test/ [4.38ms]

tests/env.test.ts:
(pass) readR2Config > maps the four variables explicitly with region auto [0.09ms]
(pass) readR2Config > names every missing or blank variable, never values [0.14ms]
(pass) readR2Config > empty env names all four [0.13ms]
(pass) readR2Config > defaults to process.env; importing helpers needs no credentials [24.22ms]

tests/health.test.ts:
(pass) normalizeHealth > deduplicates and sorts without dropping query distinctions [0.11ms]
(pass) evaluateHealth > clean page has no findings [0.04ms]
(pass) evaluateHealth > without a baseline every console and request finding fails [0.08ms]
(pass) evaluateHealth > baselined console and URL/status pairs become warnings, new ones fail, removed ones vanish [0.15ms]
(pass) evaluateHealth > benign third-party noise is not reported; the raw snapshot keeps it [0.18ms]
(pass) evaluateHealth > HTTP >= 400, critical error and mixed content fail even when baselined [0.10ms]
(pass) parseHealth > round-trips a valid snapshot and normalizes it [0.17ms]
(pass) parseHealth > rejects malformed shapes with a field name [0.19ms]

tests/report.test.ts:
(pass) private report > embeds images and escapes all untrusted text without external assets [1.98ms]
(pass) private report > renders exact future Forms outcomes only when supplied [0.22ms]
(pass) private report > skipped forms are neutral, explained, and accepted by check manifests and approval [0.37ms]
(pass) private report > aggregates blocked, failures and warnings while keeping capture separate [0.04ms]
(pass) manifest and exact approval evidence > accepts canonical manifest and derives safe encoded page keys [0.10ms]
(pass) manifest and exact approval evidence > rejects malformed schemas, shapes, duplicate sites, run mismatch and arbitrary artifact paths [0.23ms]
(pass) manifest and exact approval evidence > requires current URL, requested pages and both complete captures from the selected run [0.37ms]
(pass) manifest and exact approval evidence > validates actual PNG and raw health bytes against recorded dimensions [2.02ms]
(pass) manifest and exact approval evidence > approval accepts full-page horizontal overflow using recorded dimensions [1.41ms]
Report browser artifact: /home/rudi/Work/Privatni/Pirax-Castrum-Maintenance/issues/worktrees/helper-self-update/runs/2026-10-05T16-15-55.563Z/index.html
(pass) local report renders all embedded images and inert hostile text in real Chromium [320.76ms]

tests/sites.test.ts:
(pass) loadSites valid input > normalizes literal YAML, preserves order, applies defaults [0.26ms]
(pass) loadSites valid input > empty sites list is allowed [0.04ms]
(pass) loadSites valid input > ratio bounds 0 and 1 are inclusive [0.12ms]
(pass) loadSites valid input > shipped sites.example.yaml loads [0.24ms]
(pass) loadSites valid input > committed sites.yaml designates exactly the operator's 12 test forms, offline [0.78ms]
(pass) test_form designation > string-page and object-page designations load; absence stays absent [0.18ms]
(pass) test_form designation > page must exactly match a listed normalized path [0.43ms]
(pass) test_form designation > plugin must be gravity or fluent [0.24ms]
(pass) test_form designation > id must be a numeric integer, never a coerced string [0.31ms]
(pass) test_form designation > unknown member and malformed shape name the site [0.33ms]
(pass) loadSites required negative cases > duplicate slug [0.06ms]
(pass) loadSites required negative cases > missing url [0.04ms]
(pass) loadSites required negative cases > trailing-slash url [0.04ms]
(pass) loadSites required negative cases > empty pages [0.05ms]
(pass) loadSites required negative cases > unknown site key [0.12ms]
(pass) loadSites required negative cases > malformed masks [0.31ms]
(pass) loadSites hide > optional site and page hide lists; absent means no key [0.20ms]
(pass) loadSites hide > malformed hides name the field [0.17ms]
(pass) loadSites broader validation > root shape and unknown root key [0.15ms]
(pass) loadSites broader validation > site entry must be a mapping [0.04ms]
(pass) loadSites broader validation > slug missing or malformed uses index [0.19ms]
(pass) loadSites broader validation > url wrong type, scheme, credentials, query, fragment [0.18ms]
(pass) loadSites broader validation > form_helper required boolean [0.08ms]
(pass) loadSites broader validation > ratio type and bounds [0.20ms]
(pass) loadSites broader validation > pages wrong type and bad page entries [0.21ms]
(pass) loadSites broader validation > bad page paths [0.27ms]
(pass) loadSites broader validation > paths that URL resolution would normalize off-site or into traversal [0.61ms]
(pass) loadSites broader validation > percent-encoded non-traversal paths stay valid [0.36ms]
(pass) loadSites broader validation > duplicate page paths and key collisions [0.34ms]
(pass) loadSites broader validation > same page across different sites is fine [0.11ms]
(pass) loadSites broader validation > read and YAML errors are wrapped without file contents [0.25ms]
(pass) loadSites broader validation > default path is sites.yaml in the working directory [7.80ms]
(pass) pageKey > mandated examples [0.07ms]
(pass) pageKey > deterministic and filename safe [0.14ms]

tests/store.test.ts:
(pass) run IDs > canonical millisecond UTC ISO with colons replaced [0.04ms]
(pass) run IDs > rejects noncanonical and malformed IDs [0.04ms]
(pass) expiredReportKeys > keeps the newest distinct runs and removes every object of older runs [0.16ms]
(pass) expiredReportKeys > default is 10 [0.08ms]
(pass) expiredReportKeys > zero removes all recognized reports, never sentinels [0.05ms]
(pass) expiredReportKeys > count at or below keep is a no-op [0.08ms]
(pass) expiredReportKeys > input order does not matter; runs count once regardless of object count [0.07ms]
(pass) expiredReportKeys > invalid keep throws [0.08ms]
(pass) store validation before any request > createStore validates root and page size [0.15ms]
(pass) store validation before any request > unsafe keys reject with StoreError, not a network error [0.77ms]
(pass) store validation before any request > root counts toward the key length limit [0.08ms]
(pass) store validation before any request > presign validates expiry and signs the scoped key for GET [0.15ms]
(pass) store validation before any request > external folder marker of an expired run is selected but rejected, never slash-trimmed [0.15ms]
(pass) store validation before any request > invalid keep rejects before listing [0.17ms]
(pass) lazy environment > importing store needs no env; first use names missing variables [11.28ms]
(pass) store:selftest missing configuration > all blank: nonzero, names all four, no artifact [10.16ms]
(pass) store:selftest missing configuration > one blank: names only it and prints no values [7.12ms]

 114 pass
 0 fail
 985 expect() calls
Ran 114 tests across 9 files. [47.29s]
