$ tsc --noEmit
bun test v1.4.2 (744846f84)

tests/capture.test.ts:
(pass) locked viewports and readiness limits [0.10ms]
Failed navigation fixture: {"path":"/delayed-unreachable","state":"blocked","health":{"status":null,"finalUrl":"chrome-error://chromewebdata/","criticalError":false,"consoleErrors":[],"failedRequests":[],"mixedContent":[]},"hasImage":false,"writes":0} artifacts: /home/rudi/Work/Privatni/Pirax-Castrum-Maintenance/issues/worktrees/helper-self-update/runs/capture-test-2026-10-05T22-48-58.464Z
(pass) capture in real Chromium > failed later main-document navigation from /delayed-unreachable cannot reuse HTTP 200 [1634.16ms]
Failed navigation fixture: {"path":"/delayed-post","state":"blocked","health":{"status":null,"finalUrl":"chrome-error://chromewebdata/","criticalError":false,"consoleErrors":[],"failedRequests":[],"mixedContent":[]},"hasImage":false,"writes":0} artifacts: /home/rudi/Work/Privatni/Pirax-Castrum-Maintenance/issues/worktrees/helper-self-update/runs/capture-test-2026-10-05T22-48-58.464Z
(pass) capture in real Chromium > failed later main-document navigation from /delayed-post cannot reuse HTTP 200 [1606.02ms]
(pass) capture in real Chromium > delayed main-document navigation to /missing uses final health and classification [1642.90ms]
(pass) capture in real Chromium > delayed main-document navigation to /critical uses final health and classification [1646.12ms]
(pass) capture in real Chromium > delayed main-document navigation to /forbidden uses final health and classification [1583.98ms]
(pass) capture in real Chromium > delayed main-document navigation to /challenge uses final health and classification [1583.69ms]
(pass) capture in real Chromium > delayed main-document navigation to /header-only-challenge uses final health and classification [1567.52ms]
(pass) capture in real Chromium > direct HTTP redirect retains the final document status [763.83ms]
(pass) capture in real Chromium > navigation triggered by readiness scrolling reconciles the final document [1764.30ms]
WebSocket fixture: {"mutations":0,"connections":0} artifacts: /home/rudi/Work/Privatni/Pirax-Castrum-Maintenance/issues/worktrees/helper-self-update/runs/capture-test-2026-10-05T22-48-58.464Z
(pass) capture in real Chromium > read-only policy blocks real WebSocket mutations while GET content captures [750.98ms]
(pass) capture in real Chromium > full-page PNG at both viewports includes lazy content; trace saved [2571.10ms]
(pass) capture in real Chromium > site and page masks combine; masked captures are stable, unmasked ones change [6069.52ms]
(pass) capture in real Chromium > hides combine, remove elements from the full-page size, and warn or fail like masks [6867.60ms]
(pass) capture in real Chromium > unmatched valid mask warns; invalid or non-CSS selectors are configuration errors [1565.36ms]
(pass) capture in real Chromium > health: console/pageerror, 404 assets, transport failure; policy aborts are warnings; CAPTCHA text is not blocked [778.67ms]
(pass) capture in real Chromium > 404 page and critical error are captured health failures, not blocked [1523.55ms]
(pass) capture in real Chromium > unreachable, 403 and challenge pages are blocked with reasons and a trace [2161.93ms]
(pass) capture in real Chromium > never-idle, infinitely scrolling page finishes within its limits with readiness warnings [3377.01ms]
(pass) TLS and mixed content on a real HTTPS fixture > self-signed certificate is blocked unless the internal test option is set [66.53ms]
(pass) TLS and mixed content on a real HTTPS fixture > HTTP resources on an HTTPS page are mixed content; plain HTTP links are not [1533.73ms]
(pass) challengeReason needs explicit markers [0.11ms]

tests/commands.test.ts:
(pass) command preflight without browser or storage > parses selection, optional sites and approve page; retains list order [0.27ms]
(pass) command preflight without browser or storage > rejects missing, extra, unsupported flags and approve all [0.10ms]
(pass) command preflight without browser or storage > exit 2 for configuration before work; empty all is zero with no credentials [13.21ms]
(pass) command preflight without browser or storage > CLI imports have no credential reads or exits and missing env is sanitized exit 2 [720.75ms]
(pass) root forms alias invokes production entrypoint; empty/usage need no credentials or writes [764.41ms]
(pass) direct forms/check errors sanitize trusted messages and classify config as exit 2 [389.35ms]
(pass) only canonical completed run IDs qualify, in descending order [0.27ms]
(pass) latest containing site is selected, incomplete/unrelated evidence never replaces it [0.41ms]
(pass) latest valid containing site wins over unrelated newer history without falling back from blocked pages [0.84ms]
(pass) direct approval rejects an unlisted page before touching its real lazy Store [2.68ms]
(pass) newer valid forms-only runs are skipped; a malformed newer forms manifest is still an error [0.32ms]
(pass) baseline/check entrypoints finish after the lazy command import instead of deadlocking [962.10ms]

tests/compare.test.ts:
(pass) comparePng with equal dimensions > identical images are same with ratio 0 and a decodable diff [1.77ms]
(pass) comparePng with equal dimensions > ratio below, equal to and above the allowance (100 px image, 1 px = 0.01) [2.33ms]
(pass) comparePng with equal dimensions > uses pixelmatch threshold 0.1: small colour deltas ignored, larger ones counted [1.07ms]
(pass) comparePng with different dimensions > height-only change is changed regardless of allowance, with padded diff [0.86ms]
(pass) comparePng with different dimensions > width-only change and both-axis change do not crash [1.60ms]
(pass) comparePng with undecodable input > corrupt baseline or actual PNG is an explicit error, not a crash [0.47ms]

tests/discovery.test.ts:
(pass) bare bun test skips issues/** and still discovers tests/ and test/ [4.14ms]

tests/env.test.ts:
(pass) readR2Config > maps the four variables explicitly with region auto [0.08ms]
(pass) readR2Config > names every missing or blank variable, never values [0.11ms]
(pass) readR2Config > empty env names all four [0.09ms]
(pass) readR2Config > defaults to process.env; importing helpers needs no credentials [24.88ms]

tests/health.test.ts:
(pass) normalizeHealth > deduplicates and sorts without dropping query distinctions [0.18ms]
(pass) evaluateHealth > clean page has no findings [0.07ms]
(pass) evaluateHealth > without a baseline every console and request finding fails [0.14ms]
(pass) evaluateHealth > baselined console and URL/status pairs become warnings, new ones fail, removed ones vanish [0.25ms]
(pass) evaluateHealth > benign third-party noise is not reported; the raw snapshot keeps it [0.28ms]
(pass) evaluateHealth > HTTP >= 400, critical error and mixed content fail even when baselined [0.18ms]
(pass) parseHealth > round-trips a valid snapshot and normalizes it [0.32ms]
(pass) parseHealth > rejects malformed shapes with a field name [0.37ms]

tests/sites.test.ts:
(pass) loadSites valid input > normalizes literal YAML, preserves order, applies defaults [0.25ms]
(pass) loadSites valid input > empty sites list is allowed [0.05ms]
(pass) loadSites valid input > ratio bounds 0 and 1 are inclusive [0.11ms]
(pass) loadSites valid input > shipped sites.example.yaml loads [0.21ms]
(pass) loadSites valid input > committed sites.yaml designates exactly the operator's 12 test forms, offline [0.69ms]
(pass) test_form designation > string-page and object-page designations load; absence stays absent [0.18ms]
(pass) test_form designation > page must exactly match a listed normalized path [0.67ms]
(pass) test_form designation > plugin must be gravity or fluent [0.50ms]
(pass) test_form designation > id must be a numeric integer, never a coerced string [0.47ms]
(pass) test_form designation > unknown member and malformed shape name the site [0.53ms]
(pass) loadSites required negative cases > duplicate slug [0.11ms]
(pass) loadSites required negative cases > missing url [0.07ms]
(pass) loadSites required negative cases > trailing-slash url [0.07ms]
(pass) loadSites required negative cases > empty pages [0.07ms]
(pass) loadSites required negative cases > unknown site key [0.16ms]
(pass) loadSites required negative cases > malformed masks [0.26ms]
(pass) loadSites hide > optional site and page hide lists; absent means no key [0.21ms]
(pass) loadSites hide > malformed hides name the field [0.14ms]
(pass) loadSites broader validation > root shape and unknown root key [0.15ms]
(pass) loadSites broader validation > site entry must be a mapping [0.04ms]
(pass) loadSites broader validation > slug missing or malformed uses index [0.24ms]
(pass) loadSites broader validation > url wrong type, scheme, credentials, query, fragment [0.26ms]
(pass) loadSites broader validation > form_helper required boolean [0.10ms]
(pass) loadSites broader validation > ratio type and bounds [0.25ms]
(pass) loadSites broader validation > pages wrong type and bad page entries [0.26ms]
(pass) loadSites broader validation > bad page paths [0.39ms]
(pass) loadSites broader validation > paths that URL resolution would normalize off-site or into traversal [0.72ms]
(pass) loadSites broader validation > percent-encoded non-traversal paths stay valid [0.25ms]
(pass) loadSites broader validation > duplicate page paths and key collisions [0.26ms]
(pass) loadSites broader validation > same page across different sites is fine [0.13ms]
(pass) loadSites broader validation > read and YAML errors are wrapped without file contents [0.22ms]
(pass) loadSites broader validation > default path is sites.yaml in the working directory [10.68ms]
(pass) pageKey > mandated examples [0.10ms]
(pass) pageKey > deterministic and filename safe [0.27ms]

tests/awaiting-audit.test.ts:
(pass) state key > accepts configured slugs only [0.12ms]
(pass) stored firstSeen > canonical, past or present timestamps are accepted [0.19ms]
(pass) stored firstSeen > malformed, wrong-shape, noncanonical and future values are rejected [0.18ms]
(pass) 72-hour decision > strictly greater than 72 hours fails [0.13ms]
(pass) 72-hour decision > notes state firstSeen, elapsed duration and threshold, distinguishing the boundary [0.05ms]
(pass) 72-hour decision > elapsed formatting [0.02ms]
(pass) unavailable storage > a sighting stays a first-sighting warning with safe diagnostics [1.43ms]
(pass) unavailable storage > clearing failure is disclosed on an existing row and returned; never fabricates rows [0.30ms]

tests/report.test.ts:
(pass) private report > embeds images and escapes all untrusted text without external assets [2.96ms]
(pass) private report > renders exact future Forms outcomes only when supplied [0.34ms]
(pass) private report > skipped forms are neutral, explained, and accepted by check manifests and approval [0.52ms]
(pass) private report > awaiting-audit is a warning with escaped versions, accepted by check manifests and approval; visual failures still fail [0.41ms]
(pass) private report > aggregates blocked, failures and warnings while keeping capture separate [0.06ms]
(pass) manifest and exact approval evidence > accepts canonical manifest and derives safe encoded page keys [0.20ms]
(pass) manifest and exact approval evidence > rejects malformed schemas, shapes, duplicate sites, run mismatch and arbitrary artifact paths [0.33ms]
(pass) manifest and exact approval evidence > requires current URL, requested pages and both complete captures from the selected run [0.25ms]
(pass) manifest and exact approval evidence > validates actual PNG and raw health bytes against recorded dimensions [1.72ms]
(pass) manifest and exact approval evidence > approval accepts full-page horizontal overflow using recorded dimensions [1.11ms]
Report browser artifact: /home/rudi/Work/Privatni/Pirax-Castrum-Maintenance/issues/worktrees/helper-self-update/runs/2026-10-05T22-49-42.630Z/index.html
(pass) local report renders all embedded images and inert hostile text in real Chromium [231.81ms]

tests/store.test.ts:
(pass) run IDs > canonical millisecond UTC ISO with colons replaced [0.03ms]
(pass) run IDs > rejects noncanonical and malformed IDs [0.04ms]
(pass) expiredReportKeys > keeps the newest distinct runs and removes every object of older runs [0.18ms]
(pass) expiredReportKeys > default is 10 [0.08ms]
(pass) expiredReportKeys > zero removes all recognized reports, never sentinels [0.05ms]
(pass) expiredReportKeys > count at or below keep is a no-op [0.07ms]
(pass) expiredReportKeys > input order does not matter; runs count once regardless of object count [0.07ms]
(pass) expiredReportKeys > invalid keep throws [0.08ms]
(pass) store validation before any request > createStore validates root and page size [0.14ms]
(pass) store validation before any request > unsafe keys reject with StoreError, not a network error [0.55ms]
(pass) store validation before any request > root counts toward the key length limit [0.07ms]
(pass) store validation before any request > presign validates expiry and signs the scoped key for GET [0.12ms]
(pass) store validation before any request > external folder marker of an expired run is selected but rejected, never slash-trimmed [0.13ms]
(pass) store validation before any request > invalid keep rejects before listing [0.15ms]
(pass) lazy environment > importing store needs no env; first use names missing variables [9.99ms]
(pass) store:selftest missing configuration > all blank: nonzero, names all four, no artifact [6.83ms]
(pass) store:selftest missing configuration > one blank: names only it and prints no values [6.32ms]

test/forms/config.test.ts:
(pass) readFormConfig > returns the exact token and single address without trimming or transforming [0.18ms]
(pass) readFormConfig > missing or blank names are EnvError naming each variable [0.06ms]
(pass) readFormConfig > invalid token and address formats are value-free configuration errors [8.20ms]
(pass) readImapConfig > 993 is implicit TLS, other ports require STARTTLS; password and folders are literal [0.23ms]
(pass) readImapConfig > missing or blank names list every variable [0.05ms]
(pass) readImapConfig > invalid host, port, user and non-literal folders are value-free errors [0.19ms]
(pass) importing readers needs no environment; process.env default reads lazily [76.31ms]

test/forms/evidence.test.ts:
(pass) sanitizer removes raw, percent, JSON/unicode, HTML and nested encodings [3.42ms]
(pass) automatic redaction distinguishes credentials from nonsecret configuration labels [3.22ms]
(pass) sanitized trace JSON independently decodes without astral or mixed-escaped credentials [8.86ms]
(pass) trace sanitation fails closed, deletes raw and unsafe output on invalid archive [4.17ms]

test/forms/imap.test.ts:
(pass) pollDelivery input and deadline > rejects non-canonical IDs and deadlines before any network access [0.84ms]
(pass) pollDelivery input and deadline > a silent server cannot outlive the deadline; the connection is closed and not reported as absent mail [1555.97ms]
(pass) pollDelivery input and deadline > STARTTLS is required off port 993: no credentials are ever sent in plaintext [58.35ms]
(pass) pollDelivery input and deadline > refused and dropped connections are explicit sanitized failures [1.64ms]
(pass) installed ImapFlow contract (pure command/encoding diagnostics, not authentication) > esm: startup discovery is opt-in suppressed, including no-NAMESPACE LIST fallback [1.08ms]
(pass) installed ImapFlow contract (pure command/encoding diagnostics, not authentication) > esm: literal EXAMINE skips metadata LIST, preserves encoding and has no failed-open fallback [9.12ms]
(pass) installed ImapFlow contract (pure command/encoding diagnostics, not authentication) > esm: installed fetch compiler requests only candidate UID and Subject PEEK [0.53ms]
(pass) installed ImapFlow contract (pure command/encoding diagnostics, not authentication) > cjs: startup discovery is opt-in suppressed, including no-NAMESPACE LIST fallback [7.46ms]
(pass) installed ImapFlow contract (pure command/encoding diagnostics, not authentication) > cjs: literal EXAMINE skips metadata LIST, preserves encoding and has no failed-open fallback [1.64ms]
(pass) installed ImapFlow contract (pure command/encoding diagnostics, not authentication) > cjs: installed fetch compiler requests only candidate UID and Subject PEEK [0.95ms]
(pass) installed ImapFlow contract (pure command/encoding diagnostics, not authentication) > unfolds and MIME-decodes one Subject, rejecting malformed/duplicate fields and near tags [0.62ms]
(pass) tag matching and folder policy > rechecks the exact tag because IMAP SUBJECT search is a case-insensitive substring match [0.04ms]
(pass) tag matching and folder policy > equal configured names are opened once and treated conservatively as spam [0.03ms]
(pass) tag matching and folder policy > a match in both folders favors spam; no match waits [0.05ms]
(pass) tag matching and folder policy > protocol evidence keeps only command names and fetch data items [0.10ms]

test/forms/playground.test.ts:
(pass) helper false fills only each designated native form without changing mail, entries or feeds; warning-only publication never accesses baselines [11282.73ms]
(pass) native upload/no-marker are unsupported; required client/server rejection; a separately designated FF run still confirms [22227.11ms]
(pass) native required GF checkbox/consent and FF checkbox/terms confirm, redirect and clean entries; helper false never submits [24068.26ms]
(pass) native GF modern AJAX and FF AJAX retain separate confirmations and native cleanup [14512.70ms]
(pass) native FF designation over both repeated scope pages: production forms run submits once and skips five (short internal deadline) [11798.54ms]
(pass) scoped CLI without a designation, with a missing designated ID, or with helper false submits nothing and publishes truthful reports [28436.87ms]
(pass) scoped production bun run forms local CLI submits only the designated form on the second listed page, once, and truthfully fails after one default five-minute deadline [311747.22ms]
(pass) production check captures both widths unchanged on both scope pages and applies the same selection: one submission, five skips [37248.64ms]
Native forms evidence: /home/rudi/Work/Privatni/Pirax-Castrum-Maintenance/issues/worktrees/helper-self-update/runs/forms-playground-211de8ee-7eec-4b1c-8d28-fd809c9fa326/summary.json

test/forms/awaiting-audit-commands.test.ts:
Awaiting-audit command evidence: /home/rudi/Work/Privatni/Pirax-Castrum-Maintenance/issues/worktrees/helper-self-update/runs/forms-awaiting-commands-26e533bc-ff0c-4c19-bc7f-1793e5cf7953/summary.json
(pass) production forms/check age, escalate, share and clear the awaiting-audit clock against real scoped R2 [78662.79ms]

test/forms/awaiting-audit.test.ts:
Awaiting-audit state evidence: /home/rudi/Work/Privatni/Pirax-Castrum-Maintenance/issues/worktrees/helper-self-update/runs/forms-awaiting-e5aa78f1-58a1-44a6-b8d7-895f48fdd250/summary.json
(pass) awaiting-audit clock persists, ages, clears and degrades against real scoped R2 [26240.18ms]

test/forms/browser.test.ts:
(pass) detects actual distinct plugin forms once and preserves unknown identities [66.74ms]
(pass) fills basic controls with full random marker, preserving hidden/honeypot data [206.48ms]
(pass) native required checkbox groups choose one usable option; individual required and optional choices are preserved [574.79ms]
(pass) HTTP-200 explicit challenges fail discovery, ordinary CAPTCHA/Cloudflare mentions remain empty [1195.37ms]
(pass) preinspects whole form: hidden upload, marker constraints and custom flows never type [561.20ms]
(pass) no-helper blocks autonomous input/change GET/POST/image/navigation and sockets [5630.34ms]
Submission fixture /plain: confirmed
Submission fixture /ff: confirmed
Submission fixture /gf-ajax: confirmed
Submission fixture /save-trap: failed
Submission fixture /reject: rejected
Submission fixture /foreign: failed
Submission fixture /no-confirmation: failed
Submission fixture /stale: failed
Submission fixture /ff-stale: failed
Submission fixture /ff-foreign: failed
Submission fixture /ff-redirect: confirmed
Submission fixture /ff-redirect-no-entry: failed
(pass) specific new GF and associated FF confirmations; errors sanitized; no retry [6621.86ms]
Awaiting-audit fixture /gf-awaiting: awaiting-audit
Awaiting-audit fixture /gf-awaiting-multi: awaiting-audit
Awaiting-audit fixture /gf-awaiting-nested: awaiting-audit
Awaiting-audit fixture /ff-awaiting: awaiting-audit
Awaiting-audit fixture /gf-awaiting-generic-in-container: rejected
Awaiting-audit fixture /gf-awaiting-extra-in-container: rejected
Awaiting-audit fixture /gf-summary-only: rejected
Awaiting-audit fixture /gf-awaiting-only-container: awaiting-audit
Awaiting-audit fixture /gf-awaiting-field: rejected
Awaiting-audit fixture /gf-awaiting-second-helper: rejected
Awaiting-audit fixture /ff-awaiting-field: rejected
Awaiting-audit fixture /gf-awaiting-invalid: rejected
Awaiting-audit fixture /ff-awaiting-invalid: rejected
Awaiting-audit fixture /gf-generic: rejected
Awaiting-audit fixture /ff-generic: rejected
Awaiting-audit fixture /gf-lowercase: rejected
Awaiting-audit fixture /gf-blank: rejected
Awaiting-audit fixture /ff-blank: rejected
Awaiting-audit fixture /gf-no-version: rejected
Awaiting-audit fixture /gf-bad-separator: rejected
Awaiting-audit fixture /gf-mid-sentence: rejected
Awaiting-audit fixture /gf-foreign-awaiting: failed
Awaiting-audit fixture /ff-stale-awaiting: failed
Awaiting-audit fixture /ff-foreign-awaiting: failed
(pass) exact awaiting-audit refusals are classified per message; near matches, extra refusals, stale and foreign messages are not [9428.07ms]
(pass) scanner forwards awaiting-audit without polling the mailbox [2478.67ms]
(pass) marker changed after preparation is never submitted; native invalidity is rejection [392.37ms]
(pass) scanner no forms is empty, navigation error is failed, CAPTCHA is not-verified, each designation is filled in its own scan [3175.18ms]
(pass) selected submit blocks unrelated same-origin writes/GETs and autonomous native GET submit [326.91ms]
(pass) no-marker/unknown/upload requires no credentials; opted-in IMAP preflight happens before POST [44332.83ms]
(pass) omitted designation skips every form, helper true or false, with no credentials, typing or POST [1803.89ms]
(pass) the designated form on the second listed page is the only attempt, in either page order [2127.59ms]
(pass) helper false fills only the designated plugin/id: same-number GF/FF differ, other forms get no events or POST [2167.99ms]
(pass) missing, wrong-plugin, elsewhere-only, GF #0 and empty-page designations fail once on their page; scan failures stay scan failures [4547.36ms]
(pass) duplicate designated instances: only the first is attempted; rejected, unsupported and changed selections never fall through [2757.48ms]
(pass) distinct sites and a second invocation each keep their own single attempt [3085.46ms]
(pass) encoded URLs and browser exceptions are scrubbed from retained action traces [35.02ms]
(pass) direct forms command writes a truthful local report without form credentials or visual/baseline access [605.06ms]
Forms browser evidence: /home/rudi/Work/Privatni/Pirax-Castrum-Maintenance/issues/worktrees/helper-self-update/runs/forms-browser-ca827f7c-d48b-4b8e-b7d9-344fe79db772
(pass) retained action traces are secret-free with no image/DOM/source payloads [302.36ms]

test/forms/report.test.ts:
Forms collision evidence: /home/rudi/Work/Privatni/Pirax-Castrum-Maintenance/issues/worktrees/helper-self-update/runs/forms-collision-7398a767-c450-4d12-a5bb-767d7c703983/synthetic-folder-collision/summary.json
(pass) production forms command publishes with a nonsecret folder in both run and site paths [1634.99ms]
(pass) forms-only manifest > parsePublishedManifest returns either validated mode; parseManifest stays check-only [0.99ms]
(pass) forms-only manifest > both manifest modes accept skipped and awaiting-audit; unknown outcomes still reject [1.40ms]
(pass) forms-only manifest > rejects fabricated viewports, missing forms, mixed discriminators and malformed identity [1.20ms]
(pass) form outcome gating > failed/rejected fail, spam/not-verified/unsupported/awaiting-audit warn, delivered passes, skipped is neutral [0.33ms]
(pass) form outcome gating > existing visual/health failures still fail with passing forms [0.04ms]
(pass) form outcome gating > forms-only HTML has page Forms data without image panels and escapes hostile text [0.18ms]
(pass) form outcome gating > forms-only HTML renders awaiting-audit as a warning with escaped versions and explains it [0.12ms]
(pass) form outcome gating > forms-only HTML renders skipped literally as neutral and explains it [0.10ms]
(pass) form outcome gating > check pages show form-aware page and site status [0.12ms]
(pass) forms-only local and published reports > local report has only HTML and manifest, excludes traces, and renders in real Chromium [134.76ms]
(pass) forms-only local and published reports > real R2: manifest last, traces excluded, approval still selects the older check [6734.35ms]
Forms report evidence: /home/rudi/Work/Privatni/Pirax-Castrum-Maintenance/issues/worktrees/helper-self-update/runs/forms-report-tests-d2b40b44-0fe1-4101-8d94-642191da55a6/summary.json

test/plugin/review-regressions.test.ts:
(pass) marked wp_mail: control-prefixed Cc/Bcc header names never reach the native envelope; ordinary mail keeps them [4227.09ms]
(pass) hourly sweep deletes old FF test entries whose marker field was later renamed or removed; controls stay [14360.24ms]

test/plugin/core.test.ts:
(pass) build:plugin produces only the allowlisted uploadable ZIP with no tests, secrets or licensed code [41.80ms]
(pass) generated ZIP uploads and activates through wp-admin without Gravity Forms or Fluent Forms [15838.10ms]
(pass) settings mutate only for manage_options with a valid nonce and valid values [44361.04ms]
(pass) compatibility panel: admins only, read-only, every unaudited callback by hook with a real <script> closure file escaped [15840.31ms]
(pass) marker parser classifies submitted values: ordinary, marked(id) or invalid-marker [1678.77ms]
(pass) request marker and stacked worker context; nothing is inherited by another request [2523.90ms]
(pass) wp_mail in marked context is redirected, stripped and tagged; ordinary mail is untouched [7408.60ms]
(pass) a bad redirect fails before marking and marked mail is never delivered to original recipients [11500.56ms]
(pass) the core never marks a request from query strings, cookies or arbitrary POST data [2492.50ms]
(pass) deactivation unschedules, uninstall is guarded and removes options and owned events [8897.06ms]

test/plugin/adapters.test.ts:
(pass) GF marked browser submission: both notifications redirected synchronously, no feeds, entry deleted after mail [18450.95ms]
(pass) GF controls: unmarked, wrong-token and empty-token submissions keep recipients, feeds and entries [21733.53ms]
(pass) FF marked browser submission: both notifications redirected, only the email feed runs, entry and related rows deleted at request end [13703.24ms]
(pass) FF marked submission of an empty-type form (FF's activation demo form) is supported like type form; type post stays blocked [16658.43ms]
(pass) FF controls: unmarked, wrong-token and empty-token submissions keep recipients, feeds and entries [15897.10ms]
(pass) GF reCAPTCHA v2 with failing siteverify: marked passes, unmarked fails; other errors and honeypot still apply [24174.67ms]
(pass) FF reCAPTCHA with failing siteverify: marked passes, unmarked fails; other errors and honeypot still apply [25141.76ms]
(pass) an integration outside the suppressible feed paths blocks marked submissions; ordinary ones still run it [21681.25ms]
(pass) payment and post-creation paths are rejected for marked submissions [11182.88ms]
(pass) malformed or ambiguous markers and an invalid redirect reject safely; nothing reaches original recipients [23519.03ms]
(pass) FF queued email: marked entry kept until every job completes across requests; ordinary job in the same runner keeps its recipients [28359.99ms]
(pass) FF queued email: a job still processing elsewhere blocks FF's pending-only completion signal [19880.60ms]
(pass) FF queued email: rotating or clearing the token never turns queued test mail into client mail [27214.63ms]
(pass) FF legacy batch runner: marked and ordinary jobs in one request keep their own recipients; marked entry removed [19979.60ms]
(pass) hourly sweep: real cron deletes only old token entries across pages, with native cascade and queued-job removal, in a non-UTC site [22431.78ms]
(pass) sweep: literal token with SQL wildcards, empty token no-op, and strict one-hour boundary [11653.00ms]
(pass) retained evidence contains no token [4796.97ms]

test/plugin/compatibility.test.ts:
(pass) full stack before marked submissions: ordinary FF and GF keep CleanTalk moderation, the Pro webhook, the GF ledger and original mail [31853.38ms]
(pass) full stack: marked FF and GF each confirm with one redirected Simulator mail, no CleanTalk moderation, no Pro webhook job or hit, and no entry left [29770.82ms]
(pass) GF modern AJAX (admin-ajax gform_submit_form): marked confirms with one redirected Simulator mail and no CleanTalk request or token-bearing HTTP; ordinary keeps CleanTalk's generic check, its entry, ledger feed and original mail [38028.84ms]
(pass) GF modern AJAX early boundary: malformed markers, invalid configuration and the token in a field input the stored form lacks are refused without CleanTalk; the token outside field inputs (query, cookie, other POST names) stays ordinary and keeps CleanTalk [46625.10ms]
(pass) GF modern AJAX: CleanTalk's generic check wrapped (unrecognizable) refuses marked submissions before it runs; ordinary ones keep it [43774.45ms]
(pass) GF modern AJAX: CleanTalk's generic check moved to plugins_loaded priority 1 refuses marked submissions before it runs; ordinary ones keep it [43447.27ms]
(pass) GF modern AJAX: the marker only in a field a GF form filter adds is refused before CleanTalk's generic check; ordinary submissions with that field keep it [23805.81ms]
(pass) GF modern AJAX before GF initializes: ordinary requests read no stored form; a marked one reads it only under the audited GF core, and another GF version refuses it before any form read or CleanTalk request [57063.10ms]
(pass) GF modern AJAX from a logged-in admin: with CleanTalk's logged-in protection off it binds no generic check; on, marked submissions have it removed and ordinary ones keep it (it runs, and skips this admin) [56305.51ms]
(pass) marked wp_mail through FluentSMTP: control-padded and folded recipient headers never reach the effective envelope or the Simulator log; ordinary mail keeps them [15857.76ms]
(pass) full stack after marked submissions: ordinary controls are unchanged [30860.81ms]
(pass) Pro double opt-in and admin approval: ordinary submissions take Pro's path; marked ones get only the redirected notification [73481.65ms]
(pass) Pro auto-delete and drafts: a marked entry outlives a failed queued mail until FF's retry and its draft survives; Pro deletes ordinary ones [36952.14ms]
(pass) one request: a marked entry's completion keeps Pro's auto-delete away, the next ordinary one gets it back, and the hook inventory ends identical [2016.89ms]
(pass) CleanTalk switched off for contact forms needs no binding; a rebound (unrecognizable) FF check blocks marked FF and the panel names it [46338.13ms]
(pass) CleanTalk re-registered during a marked submission's own dispatch is removed again; ordinary submissions keep it [47387.09ms]
(pass) admin panel on the full stack: exact versions audited per form plugin and both ready [2819.06ms]
(pass) CleanTalk at another version blocks marked FF and GF at the native gates with the version-only message; the panel shows the version and still lists callbacks [49419.92ms]
(pass) Fluent Forms Pro at another version blocks marked FF (not GF) at the native gates with the version-only message; the panel shows the version and still lists callbacks [50289.61ms]
(pass) FluentSMTP at another version blocks marked FF and GF at the native gates with the version-only message; the panel shows the version and still lists callbacks [50203.82ms]
(pass) an unaudited optional Pro module (Inventory) keeps blocking marked FF with the generic message; the panel names its callbacks [24750.84ms]
(pass) Pro 6.2.16: its own Inventory callbacks keep the version-only message, a second mismatch is listed in report order, and a callback outside every mismatched plugin (a rebound CleanTalk wrapper) makes it generic; all stay blocked [64271.46ms]
(pass) retained evidence names every version and ZIP hash and contains no token or licensed path [6843.29ms]

test/plugin/safety.test.ts:
(pass) FF: a later PHP_INT_MAX feed-type filter registered after the plugin cannot resurrect the ledger feed on a marked submission [20377.89ms]
(pass) FF queued: a marked notification that throws inside native mail processing does not redirect the next ordinary job in the same runner request [23130.30ms]
(pass) FF queued cleanup race: a marked entry deleted natively after the runner loaded it, with the token rotated, still sends only redirected mail; ordinary jobs stay ordinary [17750.45ms]
(pass) FF unsupported marked form with reCAPTCHA and failing siteverify is rejected with the blocked message before CAPTCHA [17576.50ms]
(pass) GF sweep: an old token entry's queued notifications (entry snapshots included) and feeds are removed before deletion; ordinary queued work runs; active worker defers [23678.79ms]
(pass) compatibility gate accepts exactly GF 3.1.2 and FF 6.2.14 [806.17ms]
(pass) optional plugin pins are exact strings, and on this stack (none of them active) both reports are ready with core versions only [798.80ms]
(pass) version-only diagnosis: reflected source directories decide callback ownership, never names; anything besides known mismatched versions and their own callbacks stays generic [850.92ms]
(pass) retained evidence contains no token [4798.60ms]

test/plugin/release.test.ts:
(pass) offline: dry run signs the exact manifest bytes from source-derived facts and never calls GitHub [61.67ms]
(pass) offline: importing the release script has no side effects [21.84ms]
(pass) offline: a missing or malformed seed is refused by name, in both modes, before anything is built [185.64ms]
(pass) offline: publishing refuses a seed whose public key is not the committed production key [21.85ms]
(pass) offline: publishing refuses an existing local tag before any GitHub call [29.10ms]
(pass) publishing fails closed when the real GitHub lookup cannot answer [343.44ms]
(pass) remote lookup tells a missing tag from an existing one [2653.85ms]
(pass) the test gh wrapper forwards only the two exact read-only lookups and answers every write itself [554.82ms]
(pass) publishing checks GitHub read-only, claims the tag at HEAD, then creates exactly one release from it with the three signed assets [926.00ms]
(pass) a tag claimed concurrently or an unanswered claim stops publication before gh release create [1797.98ms]
(pass) a release failure after the claim leaves the tag for deliberate recovery: no retry, overwrite or delete [842.55ms]
(pass) offline: a generated seed used as the source version never reaches CLI output, in either mode [33.64ms]
(pass) offline: malformed or ambiguous source facts are refused before anything is built [95.43ms]
(pass) offline: the parent refuses to package a seed found in source, and no private material reaches outputs or logs [40.25ms]

test/plugin/artifacts.test.ts:
(pass) findSecret and sanitizeZip keep the signing seed for scanning but not for their zip/unzip children [17.50ms]

test/plugin/harness.test.ts:
(pass) preflight names missing or invalid credentials without their values [0.34ms]
(pass) compatibility preflight requires FLUENT_FORMS_PRO_ZIP by name only; the default stack does not [0.70ms]
(pass) loopback WordPress runs licensed Gravity Forms and pinned Fluent Forms with real PHP and database [3589.96ms]
(pass) browser logs in to real wp-admin and submits unmarked forms for both plugins [30674.25ms]
(pass) stop shuts the site down [184.93ms]

test/plugin/stack-harness.test.ts:
(pass) optional plugins are real, exact, active, and activated after the safeguards [2300.67ms]
(pass) third-party WordPress HTTP is blocked and logged without the outgoing or incoming request's query strings or bodies [3125.49ms]
(pass) Pro feature fixtures write native settings that Pro's own getters read [5277.44ms]
(pass) ordinary FF and GF controls reach CleanTalk moderation, the Pro webhook and FluentSMTP's Simulator [20880.59ms]
(pass) evidence names every version and ZIP hash and retains no token, licensed path or third-party response [6164.14ms]

test/plugin/updates.test.ts:
(pass) staged fixture helpers replace only the test channel; the shipping source keeps the production trust root [871.37ms]
(pass) a verified newer release is offered natively; every invalid feed offers nothing and drops a stale offer [52361.12ms]
(pass) plugins_api answers only this helper's details, with inert escaped text, and never falls through to wordpress.org [1835.24ms]
(pass) auto_update_plugin opts in this exact helper only and preserves every other decision [2302.02ms]
(pass) the download boundary refuses unverified helper packages and leaves the installed bytes unchanged [56047.12ms]
(pass) an authenticated admin lists, inspects and installs the signed release through native WordPress [14509.47ms]
(pass) evidence: summary, request ledger and traces are retained without private key material [5236.64ms]

 286 pass
 0 fail
 4328 expect() calls
Ran 286 tests across 28 files. [2691.86s]
