bun test v1.4.2 (744846f84)

test/plugin/compatibility.test.ts:
395 |     expect(unknownField.text).toContain(BLOCKED);
396 |     expect(unknownField.text).not.toContain(AWAITING);
397 |     // The early refusal records its diagnosis too: posted form id, reasons, no values.
398 |     expect(unknownBlock).toMatchObject({ plugin: "gf", form: h.fixtures.gf, message: BLOCKED, unaudited: [] });
399 |     expect(unknownBlock.reasons).toContain("the marker is in an input the stored form does not have");
400 |     expect([JSON.stringify(unknownBlock).includes(h.token), JSON.stringify(unknownBlock).includes("Pirax")]).toEqual([false, false]);
                                                                                                                   ^
error: expect(received).toEqual(expected)

@@ -2,3 +2,3 @@
    false,
-   false,
+   true,
  ]

- Expected  - 1
+ Received  + 1

      at <anonymous> (/home/rudi/Work/Privatni/Pirax-Castrum-Maintenance/issues/worktrees/helper-self-update-u2/test/plugin/compatibility.test.ts:400:110)
(fail) GF modern AJAX early boundary: malformed markers, invalid configuration and the token in a field input the stored form lacks are refused without CleanTalk; the token outside field inputs (query, cookie, other POST names) stays ordinary and keeps CleanTalk [34653.10ms]

 6 pass
 16 filtered out
 1 fail
 146 expect() calls
Ran 7 tests across 1 file. [466.51s]
