2026-09-26T21:16:56Z
bun test v1.4.2 (744846f84)

tests/capture.test.ts:
(pass) locked viewports and readiness limits [0.09ms]
Failed navigation fixture: {"path":"/delayed-unreachable","state":"blocked","health":{"status":null,"finalUrl":"chrome-error://chromewebdata/","criticalError":false,"consoleErrors":[],"failedRequests":[],"mixedContent":[]},"hasImage":false,"writes":0} artifacts: /home/rudi/Work/Privatni/Pirax-Castrum-Maintenance/issues/worktrees/form-check-scope/runs/capture-test-2026-09-26T21-16-56.639Z
(pass) capture in real Chromium > failed later main-document navigation from /delayed-unreachable cannot reuse HTTP 200 [1628.65ms]
Failed navigation fixture: {"path":"/delayed-post","state":"blocked","health":{"status":null,"finalUrl":"chrome-error://chromewebdata/","criticalError":false,"consoleErrors":[],"failedRequests":[],"mixedContent":[]},"hasImage":false,"writes":0} artifacts: /home/rudi/Work/Privatni/Pirax-Castrum-Maintenance/issues/worktrees/form-check-scope/runs/capture-test-2026-09-26T21-16-56.639Z
(pass) capture in real Chromium > failed later main-document navigation from /delayed-post cannot reuse HTTP 200 [1579.33ms]
(pass) capture in real Chromium > delayed main-document navigation to /missing uses final health and classification [1633.93ms]
(pass) capture in real Chromium > delayed main-document navigation to /critical uses final health and classification [1631.22ms]
(pass) capture in real Chromium > delayed main-document navigation to /forbidden uses final health and classification [1581.90ms]
(pass) capture in real Chromium > delayed main-document navigation to /challenge uses final health and classification [1584.47ms]
(pass) capture in real Chromium > delayed main-document navigation to /header-only-challenge uses final health and classification [1582.44ms]
(pass) capture in real Chromium > direct HTTP redirect retains the final document status [730.94ms]
(pass) capture in real Chromium > navigation triggered by readiness scrolling reconciles the final document [1761.10ms]
WebSocket fixture: {"mutations":0,"connections":0} artifacts: /home/rudi/Work/Privatni/Pirax-Castrum-Maintenance/issues/worktrees/form-check-scope/runs/capture-test-2026-09-26T21-16-56.639Z
(pass) capture in real Chromium > read-only policy blocks real WebSocket mutations while GET content captures [739.61ms]
(pass) capture in real Chromium > full-page PNG at both viewports includes lazy content; trace saved [2534.05ms]
(pass) capture in real Chromium > site and page masks combine; masked captures are stable, unmasked ones change [6007.86ms]
(pass) capture in real Chromium > unmatched valid mask warns; invalid or non-CSS selectors are configuration errors [1509.74ms]
(pass) capture in real Chromium > health: console/pageerror, 404 assets, transport failure; policy aborts are warnings; CAPTCHA text is not blocked [748.02ms]
(pass) capture in real Chromium > 404 page and critical error are captured health failures, not blocked [1455.40ms]
(pass) capture in real Chromium > unreachable, 403 and challenge pages are blocked with reasons and a trace [2147.38ms]
(pass) capture in real Chromium > never-idle, infinitely scrolling page finishes within its limits with readiness warnings [3374.97ms]
(pass) TLS and mixed content on a real HTTPS fixture > self-signed certificate is blocked unless the internal test option is set [66.20ms]
(pass) TLS and mixed content on a real HTTPS fixture > HTTP resources on an HTTPS page are mixed content; plain HTTP links are not [1558.89ms]
(pass) challengeReason needs explicit markers [0.14ms]

tests/commands.test.ts:
(pass) command preflight without browser or storage > parses selection, optional sites and approve page; retains list order [0.16ms]
(pass) command preflight without browser or storage > rejects missing, extra, unsupported flags and approve all [0.06ms]
(pass) command preflight without browser or storage > exit 2 for configuration before work; empty all is zero with no credentials [6.32ms]
(pass) command preflight without browser or storage > CLI imports have no credential reads or exits and missing env is sanitized exit 2 [689.02ms]
(pass) root forms alias invokes production entrypoint; empty/usage need no credentials or writes [738.44ms]
(pass) direct forms/check errors sanitize trusted messages and classify config as exit 2 [387.45ms]
(pass) only canonical completed run IDs qualify, in descending order [0.37ms]
(pass) latest containing site is selected, incomplete/unrelated evidence never replaces it [0.58ms]
(pass) latest valid containing site wins over unrelated newer history without falling back from blocked pages [0.89ms]
(pass) direct approval rejects an unlisted page before touching its real lazy Store [2.62ms]
(pass) newer valid forms-only runs are skipped; a malformed newer forms manifest is still an error [0.32ms]

tests/compare.test.ts:
(pass) comparePng with equal dimensions > identical images are same with ratio 0 and a decodable diff [2.88ms]
(pass) comparePng with equal dimensions > ratio below, equal to and above the allowance (100 px image, 1 px = 0.01) [2.62ms]
(pass) comparePng with equal dimensions > uses pixelmatch threshold 0.1: small colour deltas ignored, larger ones counted [1.57ms]
(pass) comparePng with different dimensions > height-only change is changed regardless of allowance, with padded diff [0.87ms]
(pass) comparePng with different dimensions > width-only change and both-axis change do not crash [1.71ms]
(pass) comparePng with undecodable input > corrupt baseline or actual PNG is an explicit error, not a crash [0.41ms]

tests/discovery.test.ts:
(pass) bare bun test skips issues/** and still discovers tests/ and test/ [6.56ms]

tests/env.test.ts:
(pass) readR2Config > maps the four variables explicitly with region auto [0.07ms]
(pass) readR2Config > names every missing or blank variable, never values [0.10ms]
(pass) readR2Config > empty env names all four [0.07ms]
(pass) readR2Config > defaults to process.env; importing helpers needs no credentials [27.74ms]

tests/health.test.ts:
(pass) normalizeHealth > deduplicates and sorts without dropping query distinctions [0.16ms]
(pass) evaluateHealth > clean page has no findings [0.06ms]
(pass) evaluateHealth > without a baseline every console and request finding fails [0.08ms]
(pass) evaluateHealth > baselined console and URL/status pairs become warnings, new ones fail, removed ones vanish [0.17ms]
(pass) evaluateHealth > HTTP >= 400, critical error and mixed content fail even when baselined [0.12ms]
(pass) parseHealth > round-trips a valid snapshot and normalizes it [0.25ms]
(pass) parseHealth > rejects malformed shapes with a field name [0.33ms]

tests/store.test.ts:
(pass) run IDs > canonical millisecond UTC ISO with colons replaced [0.04ms]
(pass) run IDs > rejects noncanonical and malformed IDs [0.15ms]
(pass) expiredReportKeys > keeps the newest distinct runs and removes every object of older runs [0.17ms]
(pass) expiredReportKeys > default is 10 [0.09ms]
(pass) expiredReportKeys > zero removes all recognized reports, never sentinels [0.06ms]
(pass) expiredReportKeys > count at or below keep is a no-op [0.10ms]
(pass) expiredReportKeys > input order does not matter; runs count once regardless of object count [0.12ms]
(pass) expiredReportKeys > invalid keep throws [0.08ms]
(pass) store validation before any request > createStore validates root and page size [0.18ms]
(pass) store validation before any request > unsafe keys reject with StoreError, not a network error [0.81ms]
(pass) store validation before any request > root counts toward the key length limit [0.06ms]
(pass) store validation before any request > presign validates expiry and signs the scoped key for GET [0.13ms]
(pass) store validation before any request > external folder marker of an expired run is selected but rejected, never slash-trimmed [0.13ms]
(pass) store validation before any request > invalid keep rejects before listing [0.14ms]
(pass) lazy environment > importing store needs no env; first use names missing variables [14.03ms]
(pass) store:selftest missing configuration > all blank: nonzero, names all four, no artifact [8.13ms]
(pass) store:selftest missing configuration > one blank: names only it and prints no values [8.12ms]

tests/sites.test.ts:
(pass) loadSites valid input > normalizes literal YAML, preserves order, applies defaults [0.21ms]
(pass) loadSites valid input > empty sites list is allowed [0.03ms]
(pass) loadSites valid input > ratio bounds 0 and 1 are inclusive [0.10ms]
(pass) loadSites valid input > shipped sites.example.yaml loads [0.18ms]
(pass) loadSites valid input > committed sites.yaml designates exactly the operator's 12 test forms, offline [0.55ms]
(pass) test_form designation > string-page and object-page designations load; absence stays absent [0.16ms]
(pass) test_form designation > page must exactly match a listed normalized path [0.35ms]
(pass) test_form designation > plugin must be gravity or fluent [0.20ms]
(pass) test_form designation > id must be a numeric integer, never a coerced string [0.24ms]
(pass) test_form designation > unknown member and malformed shape name the site [0.29ms]
(pass) loadSites required negative cases > duplicate slug [0.05ms]
(pass) loadSites required negative cases > missing url [0.03ms]
(pass) loadSites required negative cases > trailing-slash url [0.03ms]
(pass) loadSites required negative cases > empty pages [0.04ms]
(pass) loadSites required negative cases > unknown site key [0.09ms]
(pass) loadSites required negative cases > malformed masks [0.17ms]
(pass) loadSites broader validation > root shape and unknown root key [0.09ms]
(pass) loadSites broader validation > site entry must be a mapping [0.03ms]
(pass) loadSites broader validation > slug missing or malformed uses index [0.14ms]
(pass) loadSites broader validation > url wrong type, scheme, credentials, query, fragment [0.13ms]
(pass) loadSites broader validation > form_helper required boolean [0.05ms]
(pass) loadSites broader validation > ratio type and bounds [0.14ms]
(pass) loadSites broader validation > pages wrong type and bad page entries [0.13ms]
(pass) loadSites broader validation > bad page paths [0.18ms]
(pass) loadSites broader validation > paths that URL resolution would normalize off-site or into traversal [0.41ms]
(pass) loadSites broader validation > percent-encoded non-traversal paths stay valid [0.13ms]
(pass) loadSites broader validation > duplicate page paths and key collisions [0.14ms]
(pass) loadSites broader validation > same page across different sites is fine [0.06ms]
(pass) loadSites broader validation > read and YAML errors are wrapped without file contents [0.11ms]
(pass) loadSites broader validation > default path is sites.yaml in the working directory [8.33ms]
(pass) pageKey > mandated examples [0.04ms]
(pass) pageKey > deterministic and filename safe [0.10ms]

tests/report.test.ts:
(pass) private report > embeds images and escapes all untrusted text without external assets [1.85ms]
(pass) private report > renders exact future Forms outcomes only when supplied [0.17ms]
(pass) private report > skipped forms are neutral, explained, and accepted by check manifests and approval [0.32ms]
(pass) private report > aggregates blocked, failures and warnings while keeping capture separate [0.04ms]
(pass) manifest and exact approval evidence > accepts canonical manifest and derives safe encoded page keys [0.07ms]
(pass) manifest and exact approval evidence > rejects malformed schemas, shapes, duplicate sites, run mismatch and arbitrary artifact paths [0.19ms]
(pass) manifest and exact approval evidence > requires current URL, requested pages and both complete captures from the selected run [0.27ms]
(pass) manifest and exact approval evidence > validates actual PNG and raw health bytes against recorded dimensions [1.72ms]
(pass) manifest and exact approval evidence > approval accepts full-page horizontal overflow using recorded dimensions [1.04ms]
Report browser artifact: /home/rudi/Work/Privatni/Pirax-Castrum-Maintenance/issues/worktrees/form-check-scope/runs/2026-09-26T21-17-32.553Z/index.html
(pass) local report renders all embedded images and inert hostile text in real Chromium [253.84ms]

test/forms/config.test.ts:
(pass) readFormConfig > returns the exact token and single address without trimming or transforming [0.20ms]
(pass) readFormConfig > missing or blank names are EnvError naming each variable [0.08ms]
(pass) readFormConfig > invalid token and address formats are value-free configuration errors [8.70ms]
(pass) readImapConfig > 993 is implicit TLS, other ports require STARTTLS; password and folders are literal [0.25ms]
(pass) readImapConfig > missing or blank names list every variable [0.06ms]
(pass) readImapConfig > invalid host, port, user and non-literal folders are value-free errors [0.17ms]
(pass) importing readers needs no environment; process.env default reads lazily [83.95ms]

test/forms/evidence.test.ts:
(pass) sanitizer removes raw, percent, JSON/unicode, HTML and nested encodings [2.20ms]
(pass) automatic redaction distinguishes credentials from nonsecret configuration labels [2.11ms]
(pass) sanitized trace JSON independently decodes without astral or mixed-escaped credentials [9.75ms]
(pass) trace sanitation fails closed, deletes raw and unsafe output on invalid archive [3.73ms]

test/forms/imap.test.ts:
(pass) pollDelivery input and deadline > rejects non-canonical IDs and deadlines before any network access [0.59ms]
(pass) pollDelivery input and deadline > a silent server cannot outlive the deadline; the connection is closed and not reported as absent mail [1555.90ms]
(pass) pollDelivery input and deadline > STARTTLS is required off port 993: no credentials are ever sent in plaintext [56.01ms]
(pass) pollDelivery input and deadline > refused and dropped connections are explicit sanitized failures [1.45ms]
(pass) installed ImapFlow contract (pure command/encoding diagnostics, not authentication) > esm: startup discovery is opt-in suppressed, including no-NAMESPACE LIST fallback [0.75ms]
(pass) installed ImapFlow contract (pure command/encoding diagnostics, not authentication) > esm: literal EXAMINE skips metadata LIST, preserves encoding and has no failed-open fallback [4.26ms]
(pass) installed ImapFlow contract (pure command/encoding diagnostics, not authentication) > esm: installed fetch compiler requests only candidate UID and Subject PEEK [0.48ms]
(pass) installed ImapFlow contract (pure command/encoding diagnostics, not authentication) > cjs: startup discovery is opt-in suppressed, including no-NAMESPACE LIST fallback [3.29ms]
(pass) installed ImapFlow contract (pure command/encoding diagnostics, not authentication) > cjs: literal EXAMINE skips metadata LIST, preserves encoding and has no failed-open fallback [1.08ms]
(pass) installed ImapFlow contract (pure command/encoding diagnostics, not authentication) > cjs: installed fetch compiler requests only candidate UID and Subject PEEK [0.51ms]
(pass) installed ImapFlow contract (pure command/encoding diagnostics, not authentication) > unfolds and MIME-decodes one Subject, rejecting malformed/duplicate fields and near tags [0.60ms]
(pass) tag matching and folder policy > rechecks the exact tag because IMAP SUBJECT search is a case-insensitive substring match [0.04ms]
(pass) tag matching and folder policy > equal configured names are opened once and treated conservatively as spam [0.03ms]
(pass) tag matching and folder policy > a match in both folders favors spam; no match waits [0.04ms]
(pass) tag matching and folder policy > protocol evidence keeps only command names and fetch data items [0.11ms]

test/forms/playground.test.ts:
(pass) helper false fills only each designated native form without changing mail, entries or feeds; warning-only publication never accesses baselines [10022.77ms]
(pass) native upload/no-marker are unsupported; required client/server rejection; a separately designated FF run still confirms [20044.75ms]
(pass) native required GF checkbox/consent and FF checkbox/terms confirm, redirect and clean entries; helper false never submits [21732.01ms]
(pass) native GF modern AJAX and FF AJAX retain separate confirmations and native cleanup [13004.24ms]
(pass) native FF designation over both repeated scope pages: production forms run submits once and skips five (short internal deadline) [10519.01ms]
(pass) scoped CLI without a designation, with a missing designated ID, or with helper false submits nothing and publishes truthful reports [24202.13ms]
(pass) scoped production bun run forms local CLI submits only the designated form on the second listed page, once, and truthfully fails after one default five-minute deadline [310388.49ms]
(pass) production check captures both widths unchanged on both scope pages and applies the same selection: one submission, five skips [33148.22ms]
Native forms evidence: /home/rudi/Work/Privatni/Pirax-Castrum-Maintenance/issues/worktrees/form-check-scope/runs/forms-playground-1996ecd0-26c4-4c2e-a9d5-de315f30639f/summary.json

test/forms/report.test.ts:
Forms collision evidence: /home/rudi/Work/Privatni/Pirax-Castrum-Maintenance/issues/worktrees/form-check-scope/runs/forms-collision-0290e608-b4f0-4802-a792-e4703a72ce39/synthetic-folder-collision/summary.json
(pass) production forms command publishes with a nonsecret folder in both run and site paths [1799.79ms]
(pass) forms-only manifest > parsePublishedManifest returns either validated mode; parseManifest stays check-only [0.45ms]
(pass) forms-only manifest > both manifest modes accept skipped; unknown outcomes still reject [0.45ms]
(pass) forms-only manifest > rejects fabricated viewports, missing forms, mixed discriminators and malformed identity [0.43ms]
(pass) form outcome gating > failed/rejected fail, spam/not-verified/unsupported warn, delivered passes, skipped is neutral [0.16ms]
(pass) form outcome gating > existing visual/health failures still fail with passing forms [0.02ms]
(pass) form outcome gating > forms-only HTML has page Forms data without image panels and escapes hostile text [0.11ms]
(pass) form outcome gating > forms-only HTML renders skipped literally as neutral and explains it [0.08ms]
(pass) form outcome gating > check pages show form-aware page and site status [0.08ms]
(pass) forms-only local and published reports > local report has only HTML and manifest, excludes traces, and renders in real Chromium [136.04ms]
(pass) forms-only local and published reports > real R2: manifest last, traces excluded, approval still selects the older check [5040.36ms]
Forms report evidence: /home/rudi/Work/Privatni/Pirax-Castrum-Maintenance/issues/worktrees/form-check-scope/runs/forms-report-tests-43ac2745-8c53-440e-a2f3-507b4d0f0632/summary.json

test/forms/browser.test.ts:
(pass) detects actual distinct plugin forms once and preserves unknown identities [70.05ms]
(pass) fills basic controls with full random marker, preserving hidden/honeypot data [191.05ms]
(pass) native required checkbox groups choose one usable option; individual required and optional choices are preserved [575.65ms]
(pass) HTTP-200 explicit challenges fail discovery, ordinary CAPTCHA/Cloudflare mentions remain empty [1200.61ms]
(pass) preinspects whole form: hidden upload, marker constraints and custom flows never type [529.86ms]
(pass) no-helper blocks autonomous input/change GET/POST/image/navigation and sockets [5614.66ms]
Submission fixture /plain: confirmed
Submission fixture /ff: confirmed
Submission fixture /gf-ajax: confirmed
Submission fixture /save-trap: failed
Submission fixture /reject: rejected
Submission fixture /foreign: failed
Submission fixture /no-confirmation: failed
Submission fixture /stale: failed
Submission fixture /ff-stale: failed
Submission fixture /ff-foreign: failed
(pass) specific new GF and associated FF confirmations; errors sanitized; no retry [5446.77ms]
(pass) marker changed after preparation is never submitted; native invalidity is rejection [382.37ms]
(pass) scanner no forms is empty, navigation error is failed, CAPTCHA is not-verified, each designation is filled in its own scan [3556.66ms]
(pass) selected submit blocks unrelated same-origin writes/GETs and autonomous native GET submit [310.68ms]
(pass) no-marker/unknown/upload requires no credentials; opted-in IMAP preflight happens before POST [44111.19ms]
(pass) omitted designation skips every form, helper true or false, with no credentials, typing or POST [1770.00ms]
(pass) the designated form on the second listed page is the only attempt, in either page order [2121.34ms]
(pass) helper false fills only the designated plugin/id: same-number GF/FF differ, other forms get no events or POST [2117.95ms]
(pass) missing, wrong-plugin, elsewhere-only, GF #0 and empty-page designations fail once on their page; scan failures stay scan failures [4504.07ms]
(pass) duplicate designated instances: only the first is attempted; rejected, unsupported and changed selections never fall through [2756.78ms]
(pass) distinct sites and a second invocation each keep their own single attempt [3042.80ms]
(pass) encoded URLs and browser exceptions are scrubbed from retained action traces [33.46ms]
(pass) direct forms command writes a truthful local report without form credentials or visual/baseline access [590.97ms]
Forms browser evidence: /home/rudi/Work/Privatni/Pirax-Castrum-Maintenance/issues/worktrees/form-check-scope/runs/forms-browser-b7192ecd-3f1a-486d-ae82-d1409aaafa66
(pass) retained action traces are secret-free with no image/DOM/source payloads [201.36ms]

test/plugin/adapters.test.ts:
(pass) GF marked browser submission: both notifications redirected synchronously, no feeds, entry deleted after mail [16378.32ms]
(pass) GF controls: unmarked, wrong-token and empty-token submissions keep recipients, feeds and entries [18830.41ms]
(pass) FF marked browser submission: both notifications redirected, only the email feed runs, entry and related rows deleted at request end [10255.70ms]
(pass) FF controls: unmarked, wrong-token and empty-token submissions keep recipients, feeds and entries [14016.02ms]
(pass) GF reCAPTCHA v2 with failing siteverify: marked passes, unmarked fails; other errors and honeypot still apply [20915.37ms]
(pass) FF reCAPTCHA with failing siteverify: marked passes, unmarked fails; other errors and honeypot still apply [21663.02ms]
(pass) an integration outside the suppressible feed paths blocks marked submissions; ordinary ones still run it [18759.65ms]
(pass) payment and post-creation paths are rejected for marked submissions [9418.29ms]
(pass) malformed or ambiguous markers and an invalid redirect reject safely; nothing reaches original recipients [20475.81ms]
(pass) FF queued email: marked entry kept until every job completes across requests; ordinary job in the same runner keeps its recipients [24072.09ms]
(pass) FF queued email: a job still processing elsewhere blocks FF's pending-only completion signal [16711.12ms]
(pass) FF queued email: rotating or clearing the token never turns queued test mail into client mail [22707.27ms]
(pass) FF legacy batch runner: marked and ordinary jobs in one request keep their own recipients; marked entry removed [17053.56ms]
(pass) hourly sweep: real cron deletes only old token entries across pages, with native cascade and queued-job removal, in a non-UTC site [19311.81ms]
(pass) sweep: literal token with SQL wildcards, empty token no-op, and strict one-hour boundary [10183.98ms]
(pass) retained evidence contains no token [2036.86ms]

test/plugin/core.test.ts:
(pass) build:plugin produces only the allowlisted uploadable ZIP with no tests, secrets or licensed code [23.50ms]
(pass) generated ZIP uploads and activates through wp-admin without Gravity Forms or Fluent Forms [14458.91ms]
(pass) settings mutate only for manage_options with a valid nonce and valid values [37681.80ms]
(pass) marker parser classifies submitted values: ordinary, marked(id) or invalid-marker [1420.52ms]
(pass) request marker and stacked worker context; nothing is inherited by another request [2106.71ms]
(pass) wp_mail in marked context is redirected, stripped and tagged; ordinary mail is untouched [6277.14ms]
(pass) a bad redirect fails before marking and marked mail is never delivered to original recipients [9715.87ms]
(pass) the core never marks a request from query strings, cookies or arbitrary POST data [2069.54ms]
(pass) deactivation unschedules, uninstall is guarded and removes options and owned events [4948.38ms]

test/plugin/harness.test.ts:
(pass) preflight names missing or invalid credentials without their values [0.32ms]
(pass) loopback WordPress runs licensed Gravity Forms and pinned Fluent Forms with real PHP and database [3390.70ms]
(pass) browser logs in to real wp-admin and submits unmarked forms for both plugins [25005.84ms]
(pass) stop shuts the site down [169.05ms]

test/plugin/review-regressions.test.ts:
(pass) marked wp_mail: control-prefixed Cc/Bcc header names never reach the native envelope; ordinary mail keeps them [3628.17ms]
(pass) hourly sweep deletes old FF test entries whose marker field was later renamed or removed; controls stay [10099.39ms]

test/plugin/safety.test.ts:
(pass) FF: a later PHP_INT_MAX feed-type filter registered after the plugin cannot resurrect the ledger feed on a marked submission [16844.28ms]
(pass) FF queued: a marked notification that throws inside native mail processing does not redirect the next ordinary job in the same runner request [19220.36ms]
(pass) FF queued cleanup race: a marked entry deleted natively after the runner loaded it, with the token rotated, still sends only redirected mail; ordinary jobs stay ordinary [14756.36ms]
(pass) FF unsupported marked form with reCAPTCHA and failing siteverify is rejected with the blocked message before CAPTCHA [16328.07ms]
(pass) GF sweep: an old token entry's queued notifications (entry snapshots included) and feeds are removed before deletion; ordinary queued work runs; active worker defers [19888.27ms]
(pass) compatibility gate accepts exactly GF 3.1.2 and FF 6.2.14 [755.43ms]
(pass) retained evidence contains no token [2213.51ms]

 212 pass
 0 fail
 2643 expect() calls
Ran 212 tests across 20 files. [1233.79s]
EXIT=0
2026-09-26T21:37:30Z
