2026-09-26T22:19:12Z
bun test v1.4.2 (744846f84)

tests/capture.test.ts:
(pass) locked viewports and readiness limits [0.09ms]
Failed navigation fixture: {"path":"/delayed-unreachable","state":"blocked","health":{"status":null,"finalUrl":"chrome-error://chromewebdata/","criticalError":false,"consoleErrors":[],"failedRequests":[],"mixedContent":[]},"hasImage":false,"writes":0} artifacts: /home/rudi/Work/Privatni/Pirax-Castrum-Maintenance/issues/worktrees/form-check-scope/runs/capture-test-2026-09-26T22-19-13.024Z
(pass) capture in real Chromium > failed later main-document navigation from /delayed-unreachable cannot reuse HTTP 200 [1643.15ms]
Failed navigation fixture: {"path":"/delayed-post","state":"blocked","health":{"status":null,"finalUrl":"chrome-error://chromewebdata/","criticalError":false,"consoleErrors":[],"failedRequests":[],"mixedContent":[]},"hasImage":false,"writes":0} artifacts: /home/rudi/Work/Privatni/Pirax-Castrum-Maintenance/issues/worktrees/form-check-scope/runs/capture-test-2026-09-26T22-19-13.024Z
(pass) capture in real Chromium > failed later main-document navigation from /delayed-post cannot reuse HTTP 200 [1596.56ms]
(pass) capture in real Chromium > delayed main-document navigation to /missing uses final health and classification [1614.22ms]
(pass) capture in real Chromium > delayed main-document navigation to /critical uses final health and classification [1631.94ms]
(pass) capture in real Chromium > delayed main-document navigation to /forbidden uses final health and classification [1559.36ms]
(pass) capture in real Chromium > delayed main-document navigation to /challenge uses final health and classification [1593.21ms]
(pass) capture in real Chromium > delayed main-document navigation to /header-only-challenge uses final health and classification [1562.75ms]
(pass) capture in real Chromium > direct HTTP redirect retains the final document status [748.67ms]
(pass) capture in real Chromium > navigation triggered by readiness scrolling reconciles the final document [1768.15ms]
WebSocket fixture: {"mutations":0,"connections":0} artifacts: /home/rudi/Work/Privatni/Pirax-Castrum-Maintenance/issues/worktrees/form-check-scope/runs/capture-test-2026-09-26T22-19-13.024Z
(pass) capture in real Chromium > read-only policy blocks real WebSocket mutations while GET content captures [748.96ms]
(pass) capture in real Chromium > full-page PNG at both viewports includes lazy content; trace saved [2533.41ms]
(pass) capture in real Chromium > site and page masks combine; masked captures are stable, unmasked ones change [5991.07ms]
(pass) capture in real Chromium > unmatched valid mask warns; invalid or non-CSS selectors are configuration errors [1499.07ms]
(pass) capture in real Chromium > health: console/pageerror, 404 assets, transport failure; policy aborts are warnings; CAPTCHA text is not blocked [746.09ms]
(pass) capture in real Chromium > 404 page and critical error are captured health failures, not blocked [1489.13ms]
(pass) capture in real Chromium > unreachable, 403 and challenge pages are blocked with reasons and a trace [2148.08ms]
(pass) capture in real Chromium > never-idle, infinitely scrolling page finishes within its limits with readiness warnings [3357.57ms]
(pass) TLS and mixed content on a real HTTPS fixture > self-signed certificate is blocked unless the internal test option is set [63.83ms]
(pass) TLS and mixed content on a real HTTPS fixture > HTTP resources on an HTTPS page are mixed content; plain HTTP links are not [1538.94ms]
(pass) challengeReason needs explicit markers [0.13ms]

tests/commands.test.ts:
(pass) command preflight without browser or storage > parses selection, optional sites and approve page; retains list order [0.14ms]
(pass) command preflight without browser or storage > rejects missing, extra, unsupported flags and approve all [0.06ms]
(pass) command preflight without browser or storage > exit 2 for configuration before work; empty all is zero with no credentials [5.64ms]
(pass) command preflight without browser or storage > CLI imports have no credential reads or exits and missing env is sanitized exit 2 [683.87ms]
(pass) root forms alias invokes production entrypoint; empty/usage need no credentials or writes [749.03ms]
(pass) direct forms/check errors sanitize trusted messages and classify config as exit 2 [379.38ms]
(pass) only canonical completed run IDs qualify, in descending order [0.25ms]
(pass) latest containing site is selected, incomplete/unrelated evidence never replaces it [0.40ms]
(pass) latest valid containing site wins over unrelated newer history without falling back from blocked pages [0.75ms]
(pass) direct approval rejects an unlisted page before touching its real lazy Store [2.43ms]
(pass) newer valid forms-only runs are skipped; a malformed newer forms manifest is still an error [0.29ms]

tests/compare.test.ts:
(pass) comparePng with equal dimensions > identical images are same with ratio 0 and a decodable diff [2.96ms]
(pass) comparePng with equal dimensions > ratio below, equal to and above the allowance (100 px image, 1 px = 0.01) [1.89ms]
(pass) comparePng with equal dimensions > uses pixelmatch threshold 0.1: small colour deltas ignored, larger ones counted [1.07ms]
(pass) comparePng with different dimensions > height-only change is changed regardless of allowance, with padded diff [0.82ms]
(pass) comparePng with different dimensions > width-only change and both-axis change do not crash [1.49ms]
(pass) comparePng with undecodable input > corrupt baseline or actual PNG is an explicit error, not a crash [0.49ms]

tests/discovery.test.ts:
(pass) bare bun test skips issues/** and still discovers tests/ and test/ [6.55ms]

tests/env.test.ts:
(pass) readR2Config > maps the four variables explicitly with region auto [0.06ms]
(pass) readR2Config > names every missing or blank variable, never values [0.11ms]
(pass) readR2Config > empty env names all four [0.08ms]
(pass) readR2Config > defaults to process.env; importing helpers needs no credentials [27.67ms]

tests/health.test.ts:
(pass) normalizeHealth > deduplicates and sorts without dropping query distinctions [0.10ms]
(pass) evaluateHealth > clean page has no findings [0.03ms]
(pass) evaluateHealth > without a baseline every console and request finding fails [0.05ms]
(pass) evaluateHealth > baselined console and URL/status pairs become warnings, new ones fail, removed ones vanish [0.10ms]
(pass) evaluateHealth > HTTP >= 400, critical error and mixed content fail even when baselined [0.08ms]
(pass) parseHealth > round-trips a valid snapshot and normalizes it [0.19ms]
(pass) parseHealth > rejects malformed shapes with a field name [0.21ms]

tests/store.test.ts:
(pass) run IDs > canonical millisecond UTC ISO with colons replaced [0.02ms]
(pass) run IDs > rejects noncanonical and malformed IDs [0.03ms]
(pass) expiredReportKeys > keeps the newest distinct runs and removes every object of older runs [0.16ms]
(pass) expiredReportKeys > default is 10 [0.10ms]
(pass) expiredReportKeys > zero removes all recognized reports, never sentinels [0.06ms]
(pass) expiredReportKeys > count at or below keep is a no-op [0.10ms]
(pass) expiredReportKeys > input order does not matter; runs count once regardless of object count [0.09ms]
(pass) expiredReportKeys > invalid keep throws [0.08ms]
(pass) store validation before any request > createStore validates root and page size [0.15ms]
(pass) store validation before any request > unsafe keys reject with StoreError, not a network error [0.70ms]
(pass) store validation before any request > root counts toward the key length limit [0.06ms]
(pass) store validation before any request > presign validates expiry and signs the scoped key for GET [0.14ms]
(pass) store validation before any request > external folder marker of an expired run is selected but rejected, never slash-trimmed [0.13ms]
(pass) store validation before any request > invalid keep rejects before listing [0.13ms]
(pass) lazy environment > importing store needs no env; first use names missing variables [15.04ms]
(pass) store:selftest missing configuration > all blank: nonzero, names all four, no artifact [7.99ms]
(pass) store:selftest missing configuration > one blank: names only it and prints no values [9.96ms]

tests/sites.test.ts:
(pass) loadSites valid input > normalizes literal YAML, preserves order, applies defaults [0.20ms]
(pass) loadSites valid input > empty sites list is allowed [0.03ms]
(pass) loadSites valid input > ratio bounds 0 and 1 are inclusive [0.09ms]
(pass) loadSites valid input > shipped sites.example.yaml loads [0.21ms]
(pass) loadSites valid input > committed sites.yaml designates exactly the operator's 12 test forms, offline [0.78ms]
(pass) test_form designation > string-page and object-page designations load; absence stays absent [0.16ms]
(pass) test_form designation > page must exactly match a listed normalized path [0.39ms]
(pass) test_form designation > plugin must be gravity or fluent [0.20ms]
(pass) test_form designation > id must be a numeric integer, never a coerced string [0.27ms]
(pass) test_form designation > unknown member and malformed shape name the site [0.28ms]
(pass) loadSites required negative cases > duplicate slug [0.05ms]
(pass) loadSites required negative cases > missing url [0.03ms]
(pass) loadSites required negative cases > trailing-slash url [0.03ms]
(pass) loadSites required negative cases > empty pages [0.04ms]
(pass) loadSites required negative cases > unknown site key [0.10ms]
(pass) loadSites required negative cases > malformed masks [0.17ms]
(pass) loadSites broader validation > root shape and unknown root key [0.11ms]
(pass) loadSites broader validation > site entry must be a mapping [0.02ms]
(pass) loadSites broader validation > slug missing or malformed uses index [0.16ms]
(pass) loadSites broader validation > url wrong type, scheme, credentials, query, fragment [0.15ms]
(pass) loadSites broader validation > form_helper required boolean [0.06ms]
(pass) loadSites broader validation > ratio type and bounds [0.16ms]
(pass) loadSites broader validation > pages wrong type and bad page entries [0.14ms]
(pass) loadSites broader validation > bad page paths [0.22ms]
(pass) loadSites broader validation > paths that URL resolution would normalize off-site or into traversal [0.42ms]
(pass) loadSites broader validation > percent-encoded non-traversal paths stay valid [0.16ms]
(pass) loadSites broader validation > duplicate page paths and key collisions [0.15ms]
(pass) loadSites broader validation > same page across different sites is fine [0.06ms]
(pass) loadSites broader validation > read and YAML errors are wrapped without file contents [0.12ms]
(pass) loadSites broader validation > default path is sites.yaml in the working directory [8.42ms]
(pass) pageKey > mandated examples [0.03ms]
(pass) pageKey > deterministic and filename safe [0.10ms]

tests/report.test.ts:
(pass) private report > embeds images and escapes all untrusted text without external assets [1.92ms]
(pass) private report > renders exact future Forms outcomes only when supplied [0.18ms]
(pass) private report > skipped forms are neutral, explained, and accepted by check manifests and approval [0.30ms]
(pass) private report > aggregates blocked, failures and warnings while keeping capture separate [0.04ms]
(pass) manifest and exact approval evidence > accepts canonical manifest and derives safe encoded page keys [0.08ms]
(pass) manifest and exact approval evidence > rejects malformed schemas, shapes, duplicate sites, run mismatch and arbitrary artifact paths [0.21ms]
(pass) manifest and exact approval evidence > requires current URL, requested pages and both complete captures from the selected run [0.28ms]
(pass) manifest and exact approval evidence > validates actual PNG and raw health bytes against recorded dimensions [1.75ms]
(pass) manifest and exact approval evidence > approval accepts full-page horizontal overflow using recorded dimensions [1.07ms]
Report browser artifact: /home/rudi/Work/Privatni/Pirax-Castrum-Maintenance/issues/worktrees/form-check-scope/runs/2026-09-26T22-19-48.898Z/index.html
(pass) local report renders all embedded images and inert hostile text in real Chromium [260.59ms]

test/forms/config.test.ts:
(pass) readFormConfig > returns the exact token and single address without trimming or transforming [0.19ms]
(pass) readFormConfig > missing or blank names are EnvError naming each variable [0.07ms]
(pass) readFormConfig > invalid token and address formats are value-free configuration errors [8.85ms]
(pass) readImapConfig > 993 is implicit TLS, other ports require STARTTLS; password and folders are literal [0.25ms]
(pass) readImapConfig > missing or blank names list every variable [0.06ms]
(pass) readImapConfig > invalid host, port, user and non-literal folders are value-free errors [0.19ms]
(pass) importing readers needs no environment; process.env default reads lazily [79.77ms]

test/forms/evidence.test.ts:
(pass) sanitizer removes raw, percent, JSON/unicode, HTML and nested encodings [2.65ms]
(pass) automatic redaction distinguishes credentials from nonsecret configuration labels [2.08ms]
(pass) sanitized trace JSON independently decodes without astral or mixed-escaped credentials [9.67ms]
(pass) trace sanitation fails closed, deletes raw and unsafe output on invalid archive [4.23ms]

test/forms/imap.test.ts:
(pass) pollDelivery input and deadline > rejects non-canonical IDs and deadlines before any network access [0.83ms]
(pass) pollDelivery input and deadline > a silent server cannot outlive the deadline; the connection is closed and not reported as absent mail [1556.38ms]
(pass) pollDelivery input and deadline > STARTTLS is required off port 993: no credentials are ever sent in plaintext [55.28ms]
(pass) pollDelivery input and deadline > refused and dropped connections are explicit sanitized failures [1.25ms]
(pass) installed ImapFlow contract (pure command/encoding diagnostics, not authentication) > esm: startup discovery is opt-in suppressed, including no-NAMESPACE LIST fallback [0.82ms]
(pass) installed ImapFlow contract (pure command/encoding diagnostics, not authentication) > esm: literal EXAMINE skips metadata LIST, preserves encoding and has no failed-open fallback [11.69ms]
(pass) installed ImapFlow contract (pure command/encoding diagnostics, not authentication) > esm: installed fetch compiler requests only candidate UID and Subject PEEK [0.49ms]
(pass) installed ImapFlow contract (pure command/encoding diagnostics, not authentication) > cjs: startup discovery is opt-in suppressed, including no-NAMESPACE LIST fallback [7.85ms]
(pass) installed ImapFlow contract (pure command/encoding diagnostics, not authentication) > cjs: literal EXAMINE skips metadata LIST, preserves encoding and has no failed-open fallback [1.51ms]
(pass) installed ImapFlow contract (pure command/encoding diagnostics, not authentication) > cjs: installed fetch compiler requests only candidate UID and Subject PEEK [1.07ms]
(pass) installed ImapFlow contract (pure command/encoding diagnostics, not authentication) > unfolds and MIME-decodes one Subject, rejecting malformed/duplicate fields and near tags [0.56ms]
(pass) tag matching and folder policy > rechecks the exact tag because IMAP SUBJECT search is a case-insensitive substring match [0.04ms]
(pass) tag matching and folder policy > equal configured names are opened once and treated conservatively as spam [0.02ms]
(pass) tag matching and folder policy > a match in both folders favors spam; no match waits [0.04ms]
(pass) tag matching and folder policy > protocol evidence keeps only command names and fetch data items [0.10ms]

test/forms/playground.test.ts:
(pass) helper false fills only each designated native form without changing mail, entries or feeds; warning-only publication never accesses baselines [10117.98ms]
(pass) native upload/no-marker are unsupported; required client/server rejection; a separately designated FF run still confirms [20086.00ms]
(pass) native required GF checkbox/consent and FF checkbox/terms confirm, redirect and clean entries; helper false never submits [21746.30ms]
(pass) native GF modern AJAX and FF AJAX retain separate confirmations and native cleanup [13107.04ms]
(pass) native FF designation over both repeated scope pages: production forms run submits once and skips five (short internal deadline) [10486.14ms]
(pass) scoped CLI without a designation, with a missing designated ID, or with helper false submits nothing and publishes truthful reports [24629.99ms]
(pass) scoped production bun run forms local CLI submits only the designated form on the second listed page, once, and truthfully fails after one default five-minute deadline [310217.93ms]
(pass) production check captures both widths unchanged on both scope pages and applies the same selection: one submission, five skips [33618.01ms]
Native forms evidence: /home/rudi/Work/Privatni/Pirax-Castrum-Maintenance/issues/worktrees/form-check-scope/runs/forms-playground-55d3beb7-c1aa-4889-844a-85c69279f694/summary.json

test/forms/report.test.ts:
Forms collision evidence: /home/rudi/Work/Privatni/Pirax-Castrum-Maintenance/issues/worktrees/form-check-scope/runs/forms-collision-c8d3d996-cc74-4990-9f52-34130df2c014/synthetic-folder-collision/summary.json
(pass) production forms command publishes with a nonsecret folder in both run and site paths [1570.11ms]
(pass) forms-only manifest > parsePublishedManifest returns either validated mode; parseManifest stays check-only [0.62ms]
(pass) forms-only manifest > both manifest modes accept skipped; unknown outcomes still reject [0.69ms]
(pass) forms-only manifest > rejects fabricated viewports, missing forms, mixed discriminators and malformed identity [0.65ms]
(pass) form outcome gating > failed/rejected fail, spam/not-verified/unsupported warn, delivered passes, skipped is neutral [0.22ms]
(pass) form outcome gating > existing visual/health failures still fail with passing forms [0.04ms]
(pass) form outcome gating > forms-only HTML has page Forms data without image panels and escapes hostile text [0.17ms]
(pass) form outcome gating > forms-only HTML renders skipped literally as neutral and explains it [0.10ms]
(pass) form outcome gating > check pages show form-aware page and site status [0.12ms]
(pass) forms-only local and published reports > local report has only HTML and manifest, excludes traces, and renders in real Chromium [131.88ms]
(pass) forms-only local and published reports > real R2: manifest last, traces excluded, approval still selects the older check [4606.78ms]
Forms report evidence: /home/rudi/Work/Privatni/Pirax-Castrum-Maintenance/issues/worktrees/form-check-scope/runs/forms-report-tests-0a3ae5bc-e484-472d-9a6e-033996916b41/summary.json

test/forms/browser.test.ts:
(pass) detects actual distinct plugin forms once and preserves unknown identities [62.66ms]
(pass) fills basic controls with full random marker, preserving hidden/honeypot data [196.78ms]
(pass) native required checkbox groups choose one usable option; individual required and optional choices are preserved [572.17ms]
(pass) HTTP-200 explicit challenges fail discovery, ordinary CAPTCHA/Cloudflare mentions remain empty [1187.74ms]
(pass) preinspects whole form: hidden upload, marker constraints and custom flows never type [520.24ms]
(pass) no-helper blocks autonomous input/change GET/POST/image/navigation and sockets [5592.72ms]
Submission fixture /plain: confirmed
Submission fixture /ff: confirmed
Submission fixture /gf-ajax: confirmed
Submission fixture /save-trap: failed
Submission fixture /reject: rejected
Submission fixture /foreign: failed
Submission fixture /no-confirmation: failed
Submission fixture /stale: failed
Submission fixture /ff-stale: failed
Submission fixture /ff-foreign: failed
(pass) specific new GF and associated FF confirmations; errors sanitized; no retry [5417.64ms]
(pass) marker changed after preparation is never submitted; native invalidity is rejection [394.31ms]
(pass) scanner no forms is empty, navigation error is failed, CAPTCHA is not-verified, each designation is filled in its own scan [3074.52ms]
(pass) selected submit blocks unrelated same-origin writes/GETs and autonomous native GET submit [311.53ms]
(pass) no-marker/unknown/upload requires no credentials; opted-in IMAP preflight happens before POST [43644.56ms]
(pass) omitted designation skips every form, helper true or false, with no credentials, typing or POST [2138.09ms]
(pass) the designated form on the second listed page is the only attempt, in either page order [2102.24ms]
(pass) helper false fills only the designated plugin/id: same-number GF/FF differ, other forms get no events or POST [2138.52ms]
(pass) missing, wrong-plugin, elsewhere-only, GF #0 and empty-page designations fail once on their page; scan failures stay scan failures [4478.12ms]
(pass) duplicate designated instances: only the first is attempted; rejected, unsupported and changed selections never fall through [2752.87ms]
(pass) distinct sites and a second invocation each keep their own single attempt [3119.59ms]
(pass) encoded URLs and browser exceptions are scrubbed from retained action traces [39.89ms]
(pass) direct forms command writes a truthful local report without form credentials or visual/baseline access [595.66ms]
Forms browser evidence: /home/rudi/Work/Privatni/Pirax-Castrum-Maintenance/issues/worktrees/form-check-scope/runs/forms-browser-1828f7da-62a1-4aca-b4b8-e78621eaa584
(pass) retained action traces are secret-free with no image/DOM/source payloads [201.52ms]

test/plugin/adapters.test.ts:
(pass) GF marked browser submission: both notifications redirected synchronously, no feeds, entry deleted after mail [16246.32ms]
(pass) GF controls: unmarked, wrong-token and empty-token submissions keep recipients, feeds and entries [19160.05ms]
(pass) FF marked browser submission: both notifications redirected, only the email feed runs, entry and related rows deleted at request end [10393.48ms]
(pass) FF controls: unmarked, wrong-token and empty-token submissions keep recipients, feeds and entries [14053.55ms]
(pass) GF reCAPTCHA v2 with failing siteverify: marked passes, unmarked fails; other errors and honeypot still apply [20857.99ms]
(pass) FF reCAPTCHA with failing siteverify: marked passes, unmarked fails; other errors and honeypot still apply [21926.01ms]
(pass) an integration outside the suppressible feed paths blocks marked submissions; ordinary ones still run it [19026.49ms]
(pass) payment and post-creation paths are rejected for marked submissions [9570.22ms]
(pass) malformed or ambiguous markers and an invalid redirect reject safely; nothing reaches original recipients [20517.79ms]
(pass) FF queued email: marked entry kept until every job completes across requests; ordinary job in the same runner keeps its recipients [24177.14ms]
(pass) FF queued email: a job still processing elsewhere blocks FF's pending-only completion signal [16918.24ms]
(pass) FF queued email: rotating or clearing the token never turns queued test mail into client mail [23147.44ms]
(pass) FF legacy batch runner: marked and ordinary jobs in one request keep their own recipients; marked entry removed [17200.81ms]
(pass) hourly sweep: real cron deletes only old token entries across pages, with native cascade and queued-job removal, in a non-UTC site [19631.67ms]
(pass) sweep: literal token with SQL wildcards, empty token no-op, and strict one-hour boundary [9699.68ms]
(pass) retained evidence contains no token [2096.61ms]

test/plugin/core.test.ts:
(pass) build:plugin produces only the allowlisted uploadable ZIP with no tests, secrets or licensed code [20.97ms]
(pass) generated ZIP uploads and activates through wp-admin without Gravity Forms or Fluent Forms [14734.31ms]
(pass) settings mutate only for manage_options with a valid nonce and valid values [37837.06ms]
(pass) marker parser classifies submitted values: ordinary, marked(id) or invalid-marker [1427.43ms]
(pass) request marker and stacked worker context; nothing is inherited by another request [2081.76ms]
(pass) wp_mail in marked context is redirected, stripped and tagged; ordinary mail is untouched [6318.81ms]
(pass) a bad redirect fails before marking and marked mail is never delivered to original recipients [9994.01ms]
(pass) the core never marks a request from query strings, cookies or arbitrary POST data [2181.97ms]
(pass) deactivation unschedules, uninstall is guarded and removes options and owned events [5034.19ms]

test/plugin/harness.test.ts:
(pass) preflight names missing or invalid credentials without their values [0.32ms]
(pass) loopback WordPress runs licensed Gravity Forms and pinned Fluent Forms with real PHP and database [3390.33ms]
(pass) browser logs in to real wp-admin and submits unmarked forms for both plugins [24772.07ms]
(pass) stop shuts the site down [164.68ms]

test/plugin/review-regressions.test.ts:
(pass) marked wp_mail: control-prefixed Cc/Bcc header names never reach the native envelope; ordinary mail keeps them [3920.05ms]
(pass) hourly sweep deletes old FF test entries whose marker field was later renamed or removed; controls stay [10459.30ms]

test/plugin/safety.test.ts:
(pass) FF: a later PHP_INT_MAX feed-type filter registered after the plugin cannot resurrect the ledger feed on a marked submission [16869.46ms]
(pass) FF queued: a marked notification that throws inside native mail processing does not redirect the next ordinary job in the same runner request [19520.61ms]
(pass) FF queued cleanup race: a marked entry deleted natively after the runner loaded it, with the token rotated, still sends only redirected mail; ordinary jobs stay ordinary [16625.69ms]
(pass) FF unsupported marked form with reCAPTCHA and failing siteverify is rejected with the blocked message before CAPTCHA [14942.87ms]
(pass) GF sweep: an old token entry's queued notifications (entry snapshots included) and feeds are removed before deletion; ordinary queued work runs; active worker defers [20074.50ms]
(pass) compatibility gate accepts exactly GF 3.1.2 and FF 6.2.14 [704.25ms]
(pass) retained evidence contains no token [2119.81ms]

 212 pass
 0 fail
 2643 expect() calls
Ran 212 tests across 20 files. [1238.16s]
EXIT=0
2026-09-26T22:39:51Z
