bun test v1.4.2 (744846f84)

tests/health.test.ts:
(pass) normalizeHealth > deduplicates and sorts without dropping query distinctions [0.33ms]
(pass) evaluateHealth > clean page has no findings [0.10ms]
(pass) evaluateHealth > without a baseline every console and request finding fails [0.09ms]
(pass) evaluateHealth > baselined console and URL/status pairs become warnings, new ones fail, removed ones vanish [0.16ms]
(pass) evaluateHealth > HTTP >= 400, critical error and mixed content fail even when baselined [0.16ms]
(pass) parseHealth > round-trips a valid snapshot and normalizes it [0.20ms]
(pass) parseHealth > rejects malformed shapes with a field name [0.26ms]

tests/capture.test.ts:
(pass) locked viewports and readiness limits [0.08ms]
Failed navigation fixture: {"path":"/delayed-unreachable","state":"blocked","health":{"status":null,"finalUrl":"chrome-error://chromewebdata/","criticalError":false,"consoleErrors":[],"failedRequests":[],"mixedContent":[]},"hasImage":false,"writes":0} artifacts: /home/rudi/Work/Privatni/Pirax-Castrum-Maintenance/issues/worktrees/visual-health-check/runs/capture-test-2026-09-26T09-15-55.461Z
(pass) capture in real Chromium > failed later main-document navigation from /delayed-unreachable cannot reuse HTTP 200 [1622.11ms]
Failed navigation fixture: {"path":"/delayed-post","state":"blocked","health":{"status":null,"finalUrl":"chrome-error://chromewebdata/","criticalError":false,"consoleErrors":[],"failedRequests":[],"mixedContent":[]},"hasImage":false,"writes":0} artifacts: /home/rudi/Work/Privatni/Pirax-Castrum-Maintenance/issues/worktrees/visual-health-check/runs/capture-test-2026-09-26T09-15-55.461Z
(pass) capture in real Chromium > failed later main-document navigation from /delayed-post cannot reuse HTTP 200 [1588.33ms]
(pass) capture in real Chromium > delayed main-document navigation to /missing uses final health and classification [1628.85ms]
(pass) capture in real Chromium > delayed main-document navigation to /critical uses final health and classification [1600.44ms]
(pass) capture in real Chromium > delayed main-document navigation to /forbidden uses final health and classification [1594.50ms]
(pass) capture in real Chromium > delayed main-document navigation to /challenge uses final health and classification [1624.39ms]
(pass) capture in real Chromium > delayed main-document navigation to /header-only-challenge uses final health and classification [1595.70ms]
(pass) capture in real Chromium > direct HTTP redirect retains the final document status [746.61ms]
(pass) capture in real Chromium > navigation triggered by readiness scrolling reconciles the final document [1772.96ms]
WebSocket fixture: {"mutations":0,"connections":0} artifacts: /home/rudi/Work/Privatni/Pirax-Castrum-Maintenance/issues/worktrees/visual-health-check/runs/capture-test-2026-09-26T09-15-55.461Z
(pass) capture in real Chromium > read-only policy blocks real WebSocket mutations while GET content captures [747.09ms]
(pass) capture in real Chromium > full-page PNG at both viewports includes lazy content; trace saved [2552.87ms]
(pass) capture in real Chromium > site and page masks combine; masked captures are stable, unmasked ones change [6091.90ms]
(pass) capture in real Chromium > unmatched valid mask warns; invalid or non-CSS selectors are configuration errors [1562.24ms]
(pass) capture in real Chromium > health: console/pageerror, 404 assets, transport failure; policy aborts are warnings; CAPTCHA text is not blocked [767.24ms]
(pass) capture in real Chromium > 404 page and critical error are captured health failures, not blocked [1492.51ms]
(pass) capture in real Chromium > unreachable, 403 and challenge pages are blocked with reasons and a trace [2173.77ms]
(pass) capture in real Chromium > never-idle, infinitely scrolling page finishes within its limits with readiness warnings [3379.77ms]
(pass) TLS and mixed content on a real HTTPS fixture > self-signed certificate is blocked unless the internal test option is set [74.06ms]
(pass) TLS and mixed content on a real HTTPS fixture > HTTP resources on an HTTPS page are mixed content; plain HTTP links are not [1537.30ms]
(pass) challengeReason needs explicit markers [0.17ms]

tests/commands.test.ts:
(pass) command preflight without browser or storage > parses selection, optional sites and approve page; retains list order [0.14ms]
(pass) command preflight without browser or storage > rejects missing, extra, unsupported flags and approve all [0.05ms]
(pass) command preflight without browser or storage > exit 2 for configuration before work; empty all is zero with no credentials [0.51ms]
(pass) command preflight without browser or storage > CLI imports have no credential reads or exits and missing env is sanitized exit 2 [672.54ms]
(pass) only canonical completed run IDs qualify, in descending order [0.29ms]
(pass) latest containing site is selected, incomplete/unrelated evidence never replaces it [0.72ms]
(pass) latest valid containing site wins over unrelated newer history without falling back from blocked pages [0.83ms]
(pass) direct approval rejects an unlisted page before touching its real lazy Store [0.51ms]

 36 pass
 0 fail
 218 expect() calls
Ran 36 tests across 3 files. [35.23s]
