$ bun --env-file=.env scripts/visual-selftest.ts
visual:selftest root test/visual-2026-09-25T16-44-41.594Z-dac87499/
run  R2 credentials available by required names
ok   R2 credentials available by required names
run  real Node Playground boots and seeds WordPress via same-instance WP-CLI
ok   real Node Playground boots and seeds WordPress via same-instance WP-CLI
run  baseline both widths and exact real R2 PNG/health bytes
ok   baseline both widths and exact real R2 PNG/health bytes
run  same-instance WP-CLI update changes exactly alpha at both widths
ok   same-instance WP-CLI update changes exactly alpha at both widths
run  page approval preserves beta; new check and CLI pass
ok   page approval preserves beta; new check and CLI pass
run  remote-only whole-site approval ignores newer unrelated and partial runs
ok   remote-only whole-site approval ignores newer unrelated and partial runs
run  approval negative preflight leaves all real baselines unchanged
ok   approval negative preflight leaves all real baselines unchanged
run  isolated WordPress health failures and baseline-relative warnings
FAIL isolated WordPress health failures and baseline-relative warnings: new health must fail
visual:selftest FAIL; cleanup empty; summary /home/rudi/Work/Privatni/Pirax-Castrum-Maintenance/issues/worktrees/visual-health-check/runs/visual-selftest-2026-09-25T16-44-41.594Z/summary.json
error: script "visual:selftest" exited with code 1
