Command: bash -c : "${AKROGON_BASE:?AKROGON_BASE is required}" && bun test
AKROGON_BASE=e2075daad1c5b0dd2438ff61d71e606c47819a39
Exit: 0
Elapsed seconds: 1910.7

bun test v1.4.2 (744846f84)
Failed navigation fixture: {"path":"/delayed-unreachable","state":"blocked","health":{"status":null,"finalUrl":"chrome-error://chromewebdata/","criticalError":false,"consoleErrors":[],"failedRequests":[],"mixedContent":[]},"hasImage":false,"writes":0} artifacts: /home/rudi/Work/Privatni/Pirax-Castrum-Maintenance/issues/worktrees/helper-compat/runs/capture-test-2026-09-28T17-39-28.972Z
Failed navigation fixture: {"path":"/delayed-post","state":"blocked","health":{"status":null,"finalUrl":"chrome-error://chromewebdata/","criticalError":false,"consoleErrors":[],"failedRequests":[],"mixedContent":[]},"hasImage":false,"writes":0} artifacts: /home/rudi/Work/Privatni/Pirax-Castrum-Maintenance/issues/worktrees/helper-compat/runs/capture-test-2026-09-28T17-39-28.972Z
WebSocket fixture: {"mutations":0,"connections":0} artifacts: /home/rudi/Work/Privatni/Pirax-Castrum-Maintenance/issues/worktrees/helper-compat/runs/capture-test-2026-09-28T17-39-28.972Z
Report browser artifact: /home/rudi/Work/Privatni/Pirax-Castrum-Maintenance/issues/worktrees/helper-compat/runs/2026-09-28T17-40-13.182Z/index.html
Submission fixture /plain: confirmed
Submission fixture /ff: confirmed
Submission fixture /gf-ajax: confirmed
Submission fixture /save-trap: failed
Submission fixture /reject: rejected
Submission fixture /foreign: failed
Submission fixture /no-confirmation: failed
Submission fixture /stale: failed
Submission fixture /ff-stale: failed
Submission fixture /ff-foreign: failed
Forms browser evidence: /home/rudi/Work/Privatni/Pirax-Castrum-Maintenance/issues/worktrees/helper-compat/runs/forms-browser-2f303759-e48b-442f-bd0e-331f2ea0b754
Native forms evidence: /home/rudi/Work/Privatni/Pirax-Castrum-Maintenance/issues/worktrees/helper-compat/runs/forms-playground-62921fba-0353-4ec1-9bd7-b81b9d5c4f82/summary.json
Forms collision evidence: /home/rudi/Work/Privatni/Pirax-Castrum-Maintenance/issues/worktrees/helper-compat/runs/forms-collision-a20d9026-b85e-44d6-a6ac-9ebebcd2a047/synthetic-folder-collision/summary.json
Forms report evidence: /home/rudi/Work/Privatni/Pirax-Castrum-Maintenance/issues/worktrees/helper-compat/runs/forms-report-tests-aac6cf01-124f-4b3f-86e1-c0dd70c08c03/summary.json


tests/capture.test.ts:
(pass) locked viewports and readiness limits [0.10ms]
(pass) capture in real Chromium > failed later main-document navigation from /delayed-unreachable cannot reuse HTTP 200 [1638.91ms]
(pass) capture in real Chromium > failed later main-document navigation from /delayed-post cannot reuse HTTP 200 [1580.90ms]
(pass) capture in real Chromium > delayed main-document navigation to /missing uses final health and classification [1634.95ms]
(pass) capture in real Chromium > delayed main-document navigation to /critical uses final health and classification [1635.03ms]
(pass) capture in real Chromium > delayed main-document navigation to /forbidden uses final health and classification [1597.73ms]
(pass) capture in real Chromium > delayed main-document navigation to /challenge uses final health and classification [1581.93ms]
(pass) capture in real Chromium > delayed main-document navigation to /header-only-challenge uses final health and classification [1583.80ms]
(pass) capture in real Chromium > direct HTTP redirect retains the final document status [748.23ms]
(pass) capture in real Chromium > navigation triggered by readiness scrolling reconciles the final document [1773.51ms]
(pass) capture in real Chromium > read-only policy blocks real WebSocket mutations while GET content captures [743.83ms]
(pass) capture in real Chromium > full-page PNG at both viewports includes lazy content; trace saved [2555.40ms]
(pass) capture in real Chromium > site and page masks combine; masked captures are stable, unmasked ones change [6077.30ms]
(pass) capture in real Chromium > hides combine, remove elements from the full-page size, and warn or fail like masks [6832.50ms]
(pass) capture in real Chromium > unmatched valid mask warns; invalid or non-CSS selectors are configuration errors [1546.40ms]
(pass) capture in real Chromium > health: console/pageerror, 404 assets, transport failure; policy aborts are warnings; CAPTCHA text is not blocked [755.27ms]
(pass) capture in real Chromium > 404 page and critical error are captured health failures, not blocked [1507.96ms]
(pass) capture in real Chromium > unreachable, 403 and challenge pages are blocked with reasons and a trace [2193.24ms]
(pass) capture in real Chromium > never-idle, infinitely scrolling page finishes within its limits with readiness warnings [3418.00ms]
(pass) TLS and mixed content on a real HTTPS fixture > self-signed certificate is blocked unless the internal test option is set [80.97ms]
(pass) TLS and mixed content on a real HTTPS fixture > HTTP resources on an HTTPS page are mixed content; plain HTTP links are not [1531.65ms]
(pass) challengeReason needs explicit markers [0.15ms]

tests/commands.test.ts:
(pass) command preflight without browser or storage > parses selection, optional sites and approve page; retains list order [0.17ms]
(pass) command preflight without browser or storage > rejects missing, extra, unsupported flags and approve all [0.07ms]
(pass) command preflight without browser or storage > exit 2 for configuration before work; empty all is zero with no credentials [6.31ms]
(pass) command preflight without browser or storage > CLI imports have no credential reads or exits and missing env is sanitized exit 2 [754.39ms]
(pass) root forms alias invokes production entrypoint; empty/usage need no credentials or writes [819.34ms]
(pass) direct forms/check errors sanitize trusted messages and classify config as exit 2 [407.80ms]
(pass) only canonical completed run IDs qualify, in descending order [0.28ms]
(pass) latest containing site is selected, incomplete/unrelated evidence never replaces it [0.48ms]
(pass) latest valid containing site wins over unrelated newer history without falling back from blocked pages [0.86ms]
(pass) direct approval rejects an unlisted page before touching its real lazy Store [2.82ms]
(pass) newer valid forms-only runs are skipped; a malformed newer forms manifest is still an error [0.39ms]
(pass) baseline/check entrypoints finish after the lazy command import instead of deadlocking [985.68ms]

tests/compare.test.ts:
(pass) comparePng with equal dimensions > identical images are same with ratio 0 and a decodable diff [1.32ms]
(pass) comparePng with equal dimensions > ratio below, equal to and above the allowance (100 px image, 1 px = 0.01) [2.28ms]
(pass) comparePng with equal dimensions > uses pixelmatch threshold 0.1: small colour deltas ignored, larger ones counted [1.02ms]
(pass) comparePng with different dimensions > height-only change is changed regardless of allowance, with padded diff [0.82ms]
(pass) comparePng with different dimensions > width-only change and both-axis change do not crash [1.58ms]
(pass) comparePng with undecodable input > corrupt baseline or actual PNG is an explicit error, not a crash [0.46ms]

tests/discovery.test.ts:
(pass) bare bun test skips issues/** and still discovers tests/ and test/ [5.19ms]

tests/env.test.ts:
(pass) readR2Config > maps the four variables explicitly with region auto [0.11ms]
(pass) readR2Config > names every missing or blank variable, never values [0.12ms]
(pass) readR2Config > empty env names all four [0.10ms]
(pass) readR2Config > defaults to process.env; importing helpers needs no credentials [20.66ms]

tests/health.test.ts:
(pass) normalizeHealth > deduplicates and sorts without dropping query distinctions [0.10ms]
(pass) evaluateHealth > clean page has no findings [0.03ms]
(pass) evaluateHealth > without a baseline every console and request finding fails [0.09ms]
(pass) evaluateHealth > baselined console and URL/status pairs become warnings, new ones fail, removed ones vanish [0.14ms]
(pass) evaluateHealth > benign third-party noise is not reported; the raw snapshot keeps it [0.14ms]
(pass) evaluateHealth > HTTP >= 400, critical error and mixed content fail even when baselined [0.09ms]
(pass) parseHealth > round-trips a valid snapshot and normalizes it [0.17ms]
(pass) parseHealth > rejects malformed shapes with a field name [0.27ms]

tests/report.test.ts:
(pass) private report > embeds images and escapes all untrusted text without external assets [2.00ms]
(pass) private report > renders exact future Forms outcomes only when supplied [0.20ms]
(pass) private report > skipped forms are neutral, explained, and accepted by check manifests and approval [0.32ms]
(pass) private report > aggregates blocked, failures and warnings while keeping capture separate [0.03ms]
(pass) manifest and exact approval evidence > accepts canonical manifest and derives safe encoded page keys [0.07ms]
(pass) manifest and exact approval evidence > rejects malformed schemas, shapes, duplicate sites, run mismatch and arbitrary artifact paths [0.20ms]
(pass) manifest and exact approval evidence > requires current URL, requested pages and both complete captures from the selected run [0.32ms]
(pass) manifest and exact approval evidence > validates actual PNG and raw health bytes against recorded dimensions [1.58ms]
(pass) manifest and exact approval evidence > approval accepts full-page horizontal overflow using recorded dimensions [1.20ms]
(pass) local report renders all embedded images and inert hostile text in real Chromium [257.10ms]

tests/sites.test.ts:
(pass) loadSites valid input > normalizes literal YAML, preserves order, applies defaults [0.38ms]
(pass) loadSites valid input > empty sites list is allowed [0.07ms]
(pass) loadSites valid input > ratio bounds 0 and 1 are inclusive [0.17ms]
(pass) loadSites valid input > shipped sites.example.yaml loads [0.32ms]
(pass) loadSites valid input > committed sites.yaml designates exactly the operator's 12 test forms, offline [0.95ms]
(pass) test_form designation > string-page and object-page designations load; absence stays absent [0.27ms]
(pass) test_form designation > page must exactly match a listed normalized path [0.65ms]
(pass) test_form designation > plugin must be gravity or fluent [0.21ms]
(pass) test_form designation > id must be a numeric integer, never a coerced string [0.31ms]
(pass) test_form designation > unknown member and malformed shape name the site [0.27ms]
(pass) loadSites required negative cases > duplicate slug [0.05ms]
(pass) loadSites required negative cases > missing url [0.03ms]
(pass) loadSites required negative cases > trailing-slash url [0.03ms]
(pass) loadSites required negative cases > empty pages [0.06ms]
(pass) loadSites required negative cases > unknown site key [0.10ms]
(pass) loadSites required negative cases > malformed masks [0.17ms]
(pass) loadSites hide > optional site and page hide lists; absent means no key [0.11ms]
(pass) loadSites hide > malformed hides name the field [0.08ms]
(pass) loadSites broader validation > root shape and unknown root key [0.11ms]
(pass) loadSites broader validation > site entry must be a mapping [0.02ms]
(pass) loadSites broader validation > slug missing or malformed uses index [0.14ms]
(pass) loadSites broader validation > url wrong type, scheme, credentials, query, fragment [0.13ms]
(pass) loadSites broader validation > form_helper required boolean [0.05ms]
(pass) loadSites broader validation > ratio type and bounds [0.14ms]
(pass) loadSites broader validation > pages wrong type and bad page entries [0.13ms]
(pass) loadSites broader validation > bad page paths [0.20ms]
(pass) loadSites broader validation > paths that URL resolution would normalize off-site or into traversal [0.43ms]
(pass) loadSites broader validation > percent-encoded non-traversal paths stay valid [0.13ms]
(pass) loadSites broader validation > duplicate page paths and key collisions [0.14ms]
(pass) loadSites broader validation > same page across different sites is fine [0.05ms]
(pass) loadSites broader validation > read and YAML errors are wrapped without file contents [0.12ms]
(pass) loadSites broader validation > default path is sites.yaml in the working directory [7.83ms]
(pass) pageKey > mandated examples [0.04ms]
(pass) pageKey > deterministic and filename safe [0.11ms]

tests/store.test.ts:
(pass) run IDs > canonical millisecond UTC ISO with colons replaced [0.02ms]
(pass) run IDs > rejects noncanonical and malformed IDs [0.03ms]
(pass) expiredReportKeys > keeps the newest distinct runs and removes every object of older runs [0.15ms]
(pass) expiredReportKeys > default is 10 [0.08ms]
(pass) expiredReportKeys > zero removes all recognized reports, never sentinels [0.05ms]
(pass) expiredReportKeys > count at or below keep is a no-op [0.06ms]
(pass) expiredReportKeys > input order does not matter; runs count once regardless of object count [0.06ms]
(pass) expiredReportKeys > invalid keep throws [0.07ms]
(pass) store validation before any request > createStore validates root and page size [0.13ms]
(pass) store validation before any request > unsafe keys reject with StoreError, not a network error [0.70ms]
(pass) store validation before any request > root counts toward the key length limit [0.06ms]
(pass) store validation before any request > presign validates expiry and signs the scoped key for GET [0.13ms]
(pass) store validation before any request > external folder marker of an expired run is selected but rejected, never slash-trimmed [0.13ms]
(pass) store validation before any request > invalid keep rejects before listing [0.13ms]
(pass) lazy environment > importing store needs no env; first use names missing variables [11.51ms]
(pass) store:selftest missing configuration > all blank: nonzero, names all four, no artifact [9.01ms]
(pass) store:selftest missing configuration > one blank: names only it and prints no values [9.12ms]

test/forms/browser.test.ts:
(pass) detects actual distinct plugin forms once and preserves unknown identities [59.02ms]
(pass) fills basic controls with full random marker, preserving hidden/honeypot data [213.84ms]
(pass) native required checkbox groups choose one usable option; individual required and optional choices are preserved [607.45ms]
(pass) HTTP-200 explicit challenges fail discovery, ordinary CAPTCHA/Cloudflare mentions remain empty [1203.49ms]
(pass) preinspects whole form: hidden upload, marker constraints and custom flows never type [584.66ms]
(pass) no-helper blocks autonomous input/change GET/POST/image/navigation and sockets [5622.96ms]
(pass) specific new GF and associated FF confirmations; errors sanitized; no retry [5606.17ms]
(pass) marker changed after preparation is never submitted; native invalidity is rejection [405.57ms]
(pass) scanner no forms is empty, navigation error is failed, CAPTCHA is not-verified, each designation is filled in its own scan [3162.34ms]
(pass) selected submit blocks unrelated same-origin writes/GETs and autonomous native GET submit [329.20ms]
(pass) no-marker/unknown/upload requires no credentials; opted-in IMAP preflight happens before POST [45845.37ms]
(pass) omitted designation skips every form, helper true or false, with no credentials, typing or POST [1784.33ms]
(pass) the designated form on the second listed page is the only attempt, in either page order [2176.23ms]
(pass) helper false fills only the designated plugin/id: same-number GF/FF differ, other forms get no events or POST [2182.74ms]
(pass) missing, wrong-plugin, elsewhere-only, GF #0 and empty-page designations fail once on their page; scan failures stay scan failures [4512.93ms]
(pass) duplicate designated instances: only the first is attempted; rejected, unsupported and changed selections never fall through [2793.27ms]
(pass) distinct sites and a second invocation each keep their own single attempt [3078.24ms]
(pass) encoded URLs and browser exceptions are scrubbed from retained action traces [38.22ms]
(pass) direct forms command writes a truthful local report without form credentials or visual/baseline access [615.59ms]
(pass) retained action traces are secret-free with no image/DOM/source payloads [218.93ms]

test/forms/config.test.ts:
(pass) readFormConfig > returns the exact token and single address without trimming or transforming [0.07ms]
(pass) readFormConfig > missing or blank names are EnvError naming each variable [0.08ms]
(pass) readFormConfig > invalid token and address formats are value-free configuration errors [7.95ms]
(pass) readImapConfig > 993 is implicit TLS, other ports require STARTTLS; password and folders are literal [0.11ms]
(pass) readImapConfig > missing or blank names list every variable [0.09ms]
(pass) readImapConfig > invalid host, port, user and non-literal folders are value-free errors [0.19ms]
(pass) importing readers needs no environment; process.env default reads lazily [83.65ms]

test/forms/evidence.test.ts:
(pass) sanitizer removes raw, percent, JSON/unicode, HTML and nested encodings [2.22ms]
(pass) automatic redaction distinguishes credentials from nonsecret configuration labels [2.21ms]
(pass) sanitized trace JSON independently decodes without astral or mixed-escaped credentials [8.37ms]
(pass) trace sanitation fails closed, deletes raw and unsafe output on invalid archive [4.36ms]

test/forms/imap.test.ts:
(pass) pollDelivery input and deadline > rejects non-canonical IDs and deadlines before any network access [0.58ms]
(pass) pollDelivery input and deadline > a silent server cannot outlive the deadline; the connection is closed and not reported as absent mail [1554.10ms]
(pass) pollDelivery input and deadline > STARTTLS is required off port 993: no credentials are ever sent in plaintext [56.07ms]
(pass) pollDelivery input and deadline > refused and dropped connections are explicit sanitized failures [2.46ms]
(pass) installed ImapFlow contract (pure command/encoding diagnostics, not authentication) > esm: startup discovery is opt-in suppressed, including no-NAMESPACE LIST fallback [1.25ms]
(pass) installed ImapFlow contract (pure command/encoding diagnostics, not authentication) > esm: literal EXAMINE skips metadata LIST, preserves encoding and has no failed-open fallback [9.15ms]
(pass) installed ImapFlow contract (pure command/encoding diagnostics, not authentication) > esm: installed fetch compiler requests only candidate UID and Subject PEEK [0.60ms]
(pass) installed ImapFlow contract (pure command/encoding diagnostics, not authentication) > cjs: startup discovery is opt-in suppressed, including no-NAMESPACE LIST fallback [6.35ms]
(pass) installed ImapFlow contract (pure command/encoding diagnostics, not authentication) > cjs: literal EXAMINE skips metadata LIST, preserves encoding and has no failed-open fallback [1.35ms]
(pass) installed ImapFlow contract (pure command/encoding diagnostics, not authentication) > cjs: installed fetch compiler requests only candidate UID and Subject PEEK [0.56ms]
(pass) installed ImapFlow contract (pure command/encoding diagnostics, not authentication) > unfolds and MIME-decodes one Subject, rejecting malformed/duplicate fields and near tags [0.69ms]
(pass) tag matching and folder policy > rechecks the exact tag because IMAP SUBJECT search is a case-insensitive substring match [0.04ms]
(pass) tag matching and folder policy > equal configured names are opened once and treated conservatively as spam [0.03ms]
(pass) tag matching and folder policy > a match in both folders favors spam; no match waits [0.05ms]
(pass) tag matching and folder policy > protocol evidence keeps only command names and fetch data items [0.11ms]

test/forms/playground.test.ts:
(pass) helper false fills only each designated native form without changing mail, entries or feeds; warning-only publication never accesses baselines [10774.98ms]
(pass) native upload/no-marker are unsupported; required client/server rejection; a separately designated FF run still confirms [21687.03ms]
(pass) native required GF checkbox/consent and FF checkbox/terms confirm, redirect and clean entries; helper false never submits [23720.48ms]
(pass) native GF modern AJAX and FF AJAX retain separate confirmations and native cleanup [14164.70ms]
(pass) native FF designation over both repeated scope pages: production forms run submits once and skips five (short internal deadline) [11302.35ms]
(pass) scoped CLI without a designation, with a missing designated ID, or with helper false submits nothing and publishes truthful reports [27799.89ms]
(pass) scoped production bun run forms local CLI submits only the designated form on the second listed page, once, and truthfully fails after one default five-minute deadline [311288.96ms]
(pass) production check captures both widths unchanged on both scope pages and applies the same selection: one submission, five skips [36132.41ms]

test/forms/report.test.ts:
(pass) production forms command publishes with a nonsecret folder in both run and site paths [2037.14ms]
(pass) forms-only manifest > parsePublishedManifest returns either validated mode; parseManifest stays check-only [0.46ms]
(pass) forms-only manifest > both manifest modes accept skipped; unknown outcomes still reject [0.47ms]
(pass) forms-only manifest > rejects fabricated viewports, missing forms, mixed discriminators and malformed identity [0.44ms]
(pass) form outcome gating > failed/rejected fail, spam/not-verified/unsupported warn, delivered passes, skipped is neutral [0.16ms]
(pass) form outcome gating > existing visual/health failures still fail with passing forms [0.03ms]
(pass) form outcome gating > forms-only HTML has page Forms data without image panels and escapes hostile text [0.13ms]
(pass) form outcome gating > forms-only HTML renders skipped literally as neutral and explains it [0.08ms]
(pass) form outcome gating > check pages show form-aware page and site status [0.09ms]
(pass) forms-only local and published reports > local report has only HTML and manifest, excludes traces, and renders in real Chromium [138.69ms]
(pass) forms-only local and published reports > real R2: manifest last, traces excluded, approval still selects the older check [6042.91ms]

test/plugin/adapters.test.ts:
(pass) GF marked browser submission: both notifications redirected synchronously, no feeds, entry deleted after mail [17599.02ms]
(pass) GF controls: unmarked, wrong-token and empty-token submissions keep recipients, feeds and entries [21027.93ms]
(pass) FF marked browser submission: both notifications redirected, only the email feed runs, entry and related rows deleted at request end [13276.92ms]
(pass) FF controls: unmarked, wrong-token and empty-token submissions keep recipients, feeds and entries [15346.96ms]
(pass) GF reCAPTCHA v2 with failing siteverify: marked passes, unmarked fails; other errors and honeypot still apply [23669.91ms]
(pass) FF reCAPTCHA with failing siteverify: marked passes, unmarked fails; other errors and honeypot still apply [24806.77ms]
(pass) an integration outside the suppressible feed paths blocks marked submissions; ordinary ones still run it [21321.15ms]
(pass) payment and post-creation paths are rejected for marked submissions [10871.25ms]
(pass) malformed or ambiguous markers and an invalid redirect reject safely; nothing reaches original recipients [23134.42ms]
(pass) FF queued email: marked entry kept until every job completes across requests; ordinary job in the same runner keeps its recipients [27982.63ms]
(pass) FF queued email: a job still processing elsewhere blocks FF's pending-only completion signal [19389.43ms]
(pass) FF queued email: rotating or clearing the token never turns queued test mail into client mail [26459.35ms]
(pass) FF legacy batch runner: marked and ordinary jobs in one request keep their own recipients; marked entry removed [19755.75ms]
(pass) hourly sweep: real cron deletes only old token entries across pages, with native cascade and queued-job removal, in a non-UTC site [22137.90ms]
(pass) sweep: literal token with SQL wildcards, empty token no-op, and strict one-hour boundary [11249.79ms]
(pass) retained evidence contains no token [4829.43ms]

test/plugin/core.test.ts:
(pass) build:plugin produces only the allowlisted uploadable ZIP with no tests, secrets or licensed code [28.45ms]
(pass) generated ZIP uploads and activates through wp-admin without Gravity Forms or Fluent Forms [15799.62ms]
(pass) settings mutate only for manage_options with a valid nonce and valid values [44427.69ms]
(pass) compatibility panel: admins only, read-only, every unaudited callback by hook with a real <script> closure file escaped [16005.41ms]
(pass) marker parser classifies submitted values: ordinary, marked(id) or invalid-marker [1658.51ms]
(pass) request marker and stacked worker context; nothing is inherited by another request [2476.45ms]
(pass) wp_mail in marked context is redirected, stripped and tagged; ordinary mail is untouched [7473.59ms]
(pass) a bad redirect fails before marking and marked mail is never delivered to original recipients [11449.61ms]
(pass) the core never marks a request from query strings, cookies or arbitrary POST data [2429.65ms]
(pass) deactivation unschedules, uninstall is guarded and removes options and owned events [8148.09ms]

test/plugin/harness.test.ts:
(pass) preflight names missing or invalid credentials without their values [0.36ms]
(pass) compatibility preflight requires FLUENT_FORMS_PRO_ZIP by name only; the default stack does not [0.62ms]
(pass) loopback WordPress runs licensed Gravity Forms and pinned Fluent Forms with real PHP and database [3495.16ms]
(pass) browser logs in to real wp-admin and submits unmarked forms for both plugins [30932.42ms]
(pass) stop shuts the site down [183.74ms]

test/plugin/review-regressions.test.ts:
(pass) marked wp_mail: control-prefixed Cc/Bcc header names never reach the native envelope; ordinary mail keeps them [5288.40ms]
(pass) hourly sweep deletes old FF test entries whose marker field was later renamed or removed; controls stay [16192.83ms]

test/plugin/safety.test.ts:
(pass) FF: a later PHP_INT_MAX feed-type filter registered after the plugin cannot resurrect the ledger feed on a marked submission [20360.87ms]
(pass) FF queued: a marked notification that throws inside native mail processing does not redirect the next ordinary job in the same runner request [23161.12ms]
(pass) FF queued cleanup race: a marked entry deleted natively after the runner loaded it, with the token rotated, still sends only redirected mail; ordinary jobs stay ordinary [17434.96ms]
(pass) FF unsupported marked form with reCAPTCHA and failing siteverify is rejected with the blocked message before CAPTCHA [17459.64ms]
(pass) GF sweep: an old token entry's queued notifications (entry snapshots included) and feeds are removed before deletion; ordinary queued work runs; active worker defers [23505.90ms]
(pass) compatibility gate accepts exactly GF 3.1.2 and FF 6.2.14 [839.06ms]
(pass) optional plugin pins are exact strings, and on this stack (none of them active) both reports are ready with core versions only [773.79ms]
(pass) retained evidence contains no token [4849.91ms]

test/plugin/stack-harness.test.ts:
(pass) optional plugins are real, exact, active, and activated after the safeguards [2193.71ms]
(pass) third-party WordPress HTTP is blocked and logged without query strings or bodies [2971.44ms]
(pass) Pro feature fixtures write native settings that Pro's own getters read [5224.62ms]
(pass) ordinary FF and GF controls reach CleanTalk moderation, the Pro webhook and FluentSMTP's Simulator [21418.99ms]
(pass) evidence names every version and ZIP hash and retains no token, licensed path or third-party response [6130.21ms]

test/plugin/compatibility.test.ts:
(pass) full stack before marked submissions: ordinary FF and GF keep CleanTalk moderation, the Pro webhook, the GF ledger and original mail [31562.22ms]
(pass) full stack: marked FF and GF each confirm with one redirected Simulator mail, no CleanTalk moderation, no Pro webhook job or hit, and no entry left [29481.67ms]
(pass) full stack after marked submissions: ordinary controls are unchanged [31065.13ms]
(pass) Pro double opt-in and admin approval: ordinary submissions take Pro's path; marked ones get only the redirected notification [73322.11ms]
(pass) Pro auto-delete and drafts: a marked entry outlives a failed queued mail until FF's retry and its draft survives; Pro deletes ordinary ones [36824.64ms]
(pass) one request: a marked entry's completion keeps Pro's auto-delete away, the next ordinary one gets it back, and the hook inventory ends identical [2009.06ms]
(pass) CleanTalk switched off for contact forms needs no binding; a rebound (unrecognizable) FF check blocks marked FF and the panel names it [46530.38ms]
(pass) CleanTalk re-registered during a marked submission's own dispatch is removed again; ordinary submissions keep it [47146.89ms]
(pass) admin panel on the full stack: exact versions audited per form plugin and both ready [2845.52ms]
(pass) CleanTalk at another version blocks marked FF and GF at the native gates; the panel shows the version and still lists callbacks [27846.17ms]
(pass) Fluent Forms Pro at another version blocks marked FF (not GF) at the native gates; the panel shows the version and still lists callbacks [27733.78ms]
(pass) FluentSMTP at another version blocks marked FF and GF at the native gates; the panel shows the version and still lists callbacks [27188.94ms]
(pass) an unaudited optional Pro module (Inventory) keeps blocking marked FF; the panel names its callbacks [21043.61ms]
(pass) retained evidence names every version and ZIP hash and contains no token or licensed path [6075.88ms]

 239 pass
 0 fail
 2955 expect() calls
Ran 239 tests across 22 files. [1910.70s]
