Command: bash -c : "${AKROGON_BASE:?AKROGON_BASE is required}" && bun test
AKROGON_BASE=e2075daad1c5b0dd2438ff61d71e606c47819a39
Exit: 0
Elapsed seconds: 2072.0

bun test v1.4.2 (744846f84)
Failed navigation fixture: {"path":"/delayed-unreachable","state":"blocked","health":{"status":null,"finalUrl":"chrome-error://chromewebdata/","criticalError":false,"consoleErrors":[],"failedRequests":[],"mixedContent":[]},"hasImage":false,"writes":0} artifacts: /home/rudi/Work/Privatni/Pirax-Castrum-Maintenance/issues/worktrees/helper-compat/runs/capture-test-2026-09-28T20-44-33.395Z
Failed navigation fixture: {"path":"/delayed-post","state":"blocked","health":{"status":null,"finalUrl":"chrome-error://chromewebdata/","criticalError":false,"consoleErrors":[],"failedRequests":[],"mixedContent":[]},"hasImage":false,"writes":0} artifacts: /home/rudi/Work/Privatni/Pirax-Castrum-Maintenance/issues/worktrees/helper-compat/runs/capture-test-2026-09-28T20-44-33.395Z
WebSocket fixture: {"mutations":0,"connections":0} artifacts: /home/rudi/Work/Privatni/Pirax-Castrum-Maintenance/issues/worktrees/helper-compat/runs/capture-test-2026-09-28T20-44-33.395Z
Report browser artifact: /home/rudi/Work/Privatni/Pirax-Castrum-Maintenance/issues/worktrees/helper-compat/runs/2026-09-28T20-45-17.104Z/index.html
Submission fixture /plain: confirmed
Submission fixture /ff: confirmed
Submission fixture /gf-ajax: confirmed
Submission fixture /save-trap: failed
Submission fixture /reject: rejected
Submission fixture /foreign: failed
Submission fixture /no-confirmation: failed
Submission fixture /stale: failed
Submission fixture /ff-stale: failed
Submission fixture /ff-foreign: failed
Forms browser evidence: /home/rudi/Work/Privatni/Pirax-Castrum-Maintenance/issues/worktrees/helper-compat/runs/forms-browser-4fc31381-8062-47d7-928d-676640460cd5
Native forms evidence: /home/rudi/Work/Privatni/Pirax-Castrum-Maintenance/issues/worktrees/helper-compat/runs/forms-playground-d5154525-3abe-4d9a-a692-0c63a02d3101/summary.json
Forms collision evidence: /home/rudi/Work/Privatni/Pirax-Castrum-Maintenance/issues/worktrees/helper-compat/runs/forms-collision-01843c12-ce60-44ae-83ad-5afb50d7270a/synthetic-folder-collision/summary.json
Forms report evidence: /home/rudi/Work/Privatni/Pirax-Castrum-Maintenance/issues/worktrees/helper-compat/runs/forms-report-tests-4945914e-bd94-4562-bc32-dddf3d6dbe60/summary.json


tests/capture.test.ts:
(pass) locked viewports and readiness limits [0.10ms]
(pass) capture in real Chromium > failed later main-document navigation from /delayed-unreachable cannot reuse HTTP 200 [1639.79ms]
(pass) capture in real Chromium > failed later main-document navigation from /delayed-post cannot reuse HTTP 200 [1597.53ms]
(pass) capture in real Chromium > delayed main-document navigation to /missing uses final health and classification [1634.04ms]
(pass) capture in real Chromium > delayed main-document navigation to /critical uses final health and classification [1613.71ms]
(pass) capture in real Chromium > delayed main-document navigation to /forbidden uses final health and classification [1602.27ms]
(pass) capture in real Chromium > delayed main-document navigation to /challenge uses final health and classification [1582.78ms]
(pass) capture in real Chromium > delayed main-document navigation to /header-only-challenge uses final health and classification [1569.08ms]
(pass) capture in real Chromium > direct HTTP redirect retains the final document status [741.92ms]
(pass) capture in real Chromium > navigation triggered by readiness scrolling reconciles the final document [1778.18ms]
(pass) capture in real Chromium > read-only policy blocks real WebSocket mutations while GET content captures [743.50ms]
(pass) capture in real Chromium > full-page PNG at both viewports includes lazy content; trace saved [2526.54ms]
(pass) capture in real Chromium > site and page masks combine; masked captures are stable, unmasked ones change [5976.67ms]
(pass) capture in real Chromium > hides combine, remove elements from the full-page size, and warn or fail like masks [6730.43ms]
(pass) capture in real Chromium > unmatched valid mask warns; invalid or non-CSS selectors are configuration errors [1505.86ms]
(pass) capture in real Chromium > health: console/pageerror, 404 assets, transport failure; policy aborts are warnings; CAPTCHA text is not blocked [755.55ms]
(pass) capture in real Chromium > 404 page and critical error are captured health failures, not blocked [1473.14ms]
(pass) capture in real Chromium > unreachable, 403 and challenge pages are blocked with reasons and a trace [2160.88ms]
(pass) capture in real Chromium > never-idle, infinitely scrolling page finishes within its limits with readiness warnings [3367.07ms]
(pass) TLS and mixed content on a real HTTPS fixture > self-signed certificate is blocked unless the internal test option is set [66.77ms]
(pass) TLS and mixed content on a real HTTPS fixture > HTTP resources on an HTTPS page are mixed content; plain HTTP links are not [1535.12ms]
(pass) challengeReason needs explicit markers [0.18ms]

tests/commands.test.ts:
(pass) command preflight without browser or storage > parses selection, optional sites and approve page; retains list order [0.22ms]
(pass) command preflight without browser or storage > rejects missing, extra, unsupported flags and approve all [0.07ms]
(pass) command preflight without browser or storage > exit 2 for configuration before work; empty all is zero with no credentials [8.19ms]
(pass) command preflight without browser or storage > CLI imports have no credential reads or exits and missing env is sanitized exit 2 [749.00ms]
(pass) root forms alias invokes production entrypoint; empty/usage need no credentials or writes [786.96ms]
(pass) direct forms/check errors sanitize trusted messages and classify config as exit 2 [394.68ms]
(pass) only canonical completed run IDs qualify, in descending order [0.31ms]
(pass) latest containing site is selected, incomplete/unrelated evidence never replaces it [0.54ms]
(pass) latest valid containing site wins over unrelated newer history without falling back from blocked pages [1.15ms]
(pass) direct approval rejects an unlisted page before touching its real lazy Store [3.43ms]
(pass) newer valid forms-only runs are skipped; a malformed newer forms manifest is still an error [0.36ms]
(pass) baseline/check entrypoints finish after the lazy command import instead of deadlocking [966.12ms]

tests/compare.test.ts:
(pass) comparePng with equal dimensions > identical images are same with ratio 0 and a decodable diff [1.22ms]
(pass) comparePng with equal dimensions > ratio below, equal to and above the allowance (100 px image, 1 px = 0.01) [2.28ms]
(pass) comparePng with equal dimensions > uses pixelmatch threshold 0.1: small colour deltas ignored, larger ones counted [1.13ms]
(pass) comparePng with different dimensions > height-only change is changed regardless of allowance, with padded diff [0.99ms]
(pass) comparePng with different dimensions > width-only change and both-axis change do not crash [1.63ms]
(pass) comparePng with undecodable input > corrupt baseline or actual PNG is an explicit error, not a crash [0.48ms]

tests/discovery.test.ts:
(pass) bare bun test skips issues/** and still discovers tests/ and test/ [4.52ms]

tests/env.test.ts:
(pass) readR2Config > maps the four variables explicitly with region auto [0.07ms]
(pass) readR2Config > names every missing or blank variable, never values [0.10ms]
(pass) readR2Config > empty env names all four [0.09ms]
(pass) readR2Config > defaults to process.env; importing helpers needs no credentials [21.68ms]

tests/health.test.ts:
(pass) normalizeHealth > deduplicates and sorts without dropping query distinctions [0.16ms]
(pass) evaluateHealth > clean page has no findings [0.05ms]
(pass) evaluateHealth > without a baseline every console and request finding fails [0.11ms]
(pass) evaluateHealth > baselined console and URL/status pairs become warnings, new ones fail, removed ones vanish [0.19ms]
(pass) evaluateHealth > benign third-party noise is not reported; the raw snapshot keeps it [0.22ms]
(pass) evaluateHealth > HTTP >= 400, critical error and mixed content fail even when baselined [0.20ms]
(pass) parseHealth > round-trips a valid snapshot and normalizes it [0.20ms]
(pass) parseHealth > rejects malformed shapes with a field name [0.21ms]

tests/report.test.ts:
(pass) private report > embeds images and escapes all untrusted text without external assets [1.94ms]
(pass) private report > renders exact future Forms outcomes only when supplied [0.18ms]
(pass) private report > skipped forms are neutral, explained, and accepted by check manifests and approval [0.29ms]
(pass) private report > aggregates blocked, failures and warnings while keeping capture separate [0.03ms]
(pass) manifest and exact approval evidence > accepts canonical manifest and derives safe encoded page keys [0.08ms]
(pass) manifest and exact approval evidence > rejects malformed schemas, shapes, duplicate sites, run mismatch and arbitrary artifact paths [0.20ms]
(pass) manifest and exact approval evidence > requires current URL, requested pages and both complete captures from the selected run [0.32ms]
(pass) manifest and exact approval evidence > validates actual PNG and raw health bytes against recorded dimensions [1.64ms]
(pass) manifest and exact approval evidence > approval accepts full-page horizontal overflow using recorded dimensions [1.15ms]
(pass) local report renders all embedded images and inert hostile text in real Chromium [256.78ms]

tests/sites.test.ts:
(pass) loadSites valid input > normalizes literal YAML, preserves order, applies defaults [0.32ms]
(pass) loadSites valid input > empty sites list is allowed [0.04ms]
(pass) loadSites valid input > ratio bounds 0 and 1 are inclusive [0.13ms]
(pass) loadSites valid input > shipped sites.example.yaml loads [0.27ms]
(pass) loadSites valid input > committed sites.yaml designates exactly the operator's 12 test forms, offline [0.77ms]
(pass) test_form designation > string-page and object-page designations load; absence stays absent [0.21ms]
(pass) test_form designation > page must exactly match a listed normalized path [0.44ms]
(pass) test_form designation > plugin must be gravity or fluent [0.22ms]
(pass) test_form designation > id must be a numeric integer, never a coerced string [0.27ms]
(pass) test_form designation > unknown member and malformed shape name the site [0.29ms]
(pass) loadSites required negative cases > duplicate slug [0.05ms]
(pass) loadSites required negative cases > missing url [0.04ms]
(pass) loadSites required negative cases > trailing-slash url [0.03ms]
(pass) loadSites required negative cases > empty pages [0.05ms]
(pass) loadSites required negative cases > unknown site key [0.08ms]
(pass) loadSites required negative cases > malformed masks [0.18ms]
(pass) loadSites hide > optional site and page hide lists; absent means no key [0.11ms]
(pass) loadSites hide > malformed hides name the field [0.18ms]
(pass) loadSites broader validation > root shape and unknown root key [0.10ms]
(pass) loadSites broader validation > site entry must be a mapping [0.03ms]
(pass) loadSites broader validation > slug missing or malformed uses index [0.14ms]
(pass) loadSites broader validation > url wrong type, scheme, credentials, query, fragment [0.14ms]
(pass) loadSites broader validation > form_helper required boolean [0.06ms]
(pass) loadSites broader validation > ratio type and bounds [0.14ms]
(pass) loadSites broader validation > pages wrong type and bad page entries [0.14ms]
(pass) loadSites broader validation > bad page paths [0.21ms]
(pass) loadSites broader validation > paths that URL resolution would normalize off-site or into traversal [0.38ms]
(pass) loadSites broader validation > percent-encoded non-traversal paths stay valid [0.14ms]
(pass) loadSites broader validation > duplicate page paths and key collisions [0.14ms]
(pass) loadSites broader validation > same page across different sites is fine [0.05ms]
(pass) loadSites broader validation > read and YAML errors are wrapped without file contents [0.12ms]
(pass) loadSites broader validation > default path is sites.yaml in the working directory [8.11ms]
(pass) pageKey > mandated examples [0.05ms]
(pass) pageKey > deterministic and filename safe [0.11ms]

tests/store.test.ts:
(pass) run IDs > canonical millisecond UTC ISO with colons replaced [0.03ms]
(pass) run IDs > rejects noncanonical and malformed IDs [0.03ms]
(pass) expiredReportKeys > keeps the newest distinct runs and removes every object of older runs [0.14ms]
(pass) expiredReportKeys > default is 10 [0.07ms]
(pass) expiredReportKeys > zero removes all recognized reports, never sentinels [0.04ms]
(pass) expiredReportKeys > count at or below keep is a no-op [0.07ms]
(pass) expiredReportKeys > input order does not matter; runs count once regardless of object count [0.06ms]
(pass) expiredReportKeys > invalid keep throws [0.09ms]
(pass) store validation before any request > createStore validates root and page size [0.13ms]
(pass) store validation before any request > unsafe keys reject with StoreError, not a network error [0.69ms]
(pass) store validation before any request > root counts toward the key length limit [0.09ms]
(pass) store validation before any request > presign validates expiry and signs the scoped key for GET [0.14ms]
(pass) store validation before any request > external folder marker of an expired run is selected but rejected, never slash-trimmed [0.13ms]
(pass) store validation before any request > invalid keep rejects before listing [0.14ms]
(pass) lazy environment > importing store needs no env; first use names missing variables [12.66ms]
(pass) store:selftest missing configuration > all blank: nonzero, names all four, no artifact [7.90ms]
(pass) store:selftest missing configuration > one blank: names only it and prints no values [7.51ms]

test/forms/browser.test.ts:
(pass) detects actual distinct plugin forms once and preserves unknown identities [68.13ms]
(pass) fills basic controls with full random marker, preserving hidden/honeypot data [205.27ms]
(pass) native required checkbox groups choose one usable option; individual required and optional choices are preserved [573.48ms]
(pass) HTTP-200 explicit challenges fail discovery, ordinary CAPTCHA/Cloudflare mentions remain empty [1195.91ms]
(pass) preinspects whole form: hidden upload, marker constraints and custom flows never type [562.31ms]
(pass) no-helper blocks autonomous input/change GET/POST/image/navigation and sockets [5601.46ms]
(pass) specific new GF and associated FF confirmations; errors sanitized; no retry [5466.50ms]
(pass) marker changed after preparation is never submitted; native invalidity is rejection [399.05ms]
(pass) scanner no forms is empty, navigation error is failed, CAPTCHA is not-verified, each designation is filled in its own scan [3082.94ms]
(pass) selected submit blocks unrelated same-origin writes/GETs and autonomous native GET submit [329.35ms]
(pass) no-marker/unknown/upload requires no credentials; opted-in IMAP preflight happens before POST [46489.37ms]
(pass) omitted designation skips every form, helper true or false, with no credentials, typing or POST [1914.74ms]
(pass) the designated form on the second listed page is the only attempt, in either page order [2115.44ms]
(pass) helper false fills only the designated plugin/id: same-number GF/FF differ, other forms get no events or POST [2143.65ms]
(pass) missing, wrong-plugin, elsewhere-only, GF #0 and empty-page designations fail once on their page; scan failures stay scan failures [4503.39ms]
(pass) duplicate designated instances: only the first is attempted; rejected, unsupported and changed selections never fall through [2757.20ms]
(pass) distinct sites and a second invocation each keep their own single attempt [3046.34ms]
(pass) encoded URLs and browser exceptions are scrubbed from retained action traces [34.90ms]
(pass) direct forms command writes a truthful local report without form credentials or visual/baseline access [599.90ms]
(pass) retained action traces are secret-free with no image/DOM/source payloads [223.46ms]

test/forms/config.test.ts:
(pass) readFormConfig > returns the exact token and single address without trimming or transforming [0.07ms]
(pass) readFormConfig > missing or blank names are EnvError naming each variable [0.08ms]
(pass) readFormConfig > invalid token and address formats are value-free configuration errors [8.24ms]
(pass) readImapConfig > 993 is implicit TLS, other ports require STARTTLS; password and folders are literal [0.17ms]
(pass) readImapConfig > missing or blank names list every variable [0.10ms]
(pass) readImapConfig > invalid host, port, user and non-literal folders are value-free errors [0.21ms]
(pass) importing readers needs no environment; process.env default reads lazily [84.69ms]

test/forms/evidence.test.ts:
(pass) sanitizer removes raw, percent, JSON/unicode, HTML and nested encodings [1.88ms]
(pass) automatic redaction distinguishes credentials from nonsecret configuration labels [2.24ms]
(pass) sanitized trace JSON independently decodes without astral or mixed-escaped credentials [9.55ms]
(pass) trace sanitation fails closed, deletes raw and unsafe output on invalid archive [3.71ms]

test/forms/imap.test.ts:
(pass) pollDelivery input and deadline > rejects non-canonical IDs and deadlines before any network access [0.39ms]
(pass) pollDelivery input and deadline > a silent server cannot outlive the deadline; the connection is closed and not reported as absent mail [1552.20ms]
(pass) pollDelivery input and deadline > STARTTLS is required off port 993: no credentials are ever sent in plaintext [55.81ms]
(pass) pollDelivery input and deadline > refused and dropped connections are explicit sanitized failures [1.80ms]
(pass) installed ImapFlow contract (pure command/encoding diagnostics, not authentication) > esm: startup discovery is opt-in suppressed, including no-NAMESPACE LIST fallback [1.22ms]
(pass) installed ImapFlow contract (pure command/encoding diagnostics, not authentication) > esm: literal EXAMINE skips metadata LIST, preserves encoding and has no failed-open fallback [12.82ms]
(pass) installed ImapFlow contract (pure command/encoding diagnostics, not authentication) > esm: installed fetch compiler requests only candidate UID and Subject PEEK [0.51ms]
(pass) installed ImapFlow contract (pure command/encoding diagnostics, not authentication) > cjs: startup discovery is opt-in suppressed, including no-NAMESPACE LIST fallback [9.17ms]
(pass) installed ImapFlow contract (pure command/encoding diagnostics, not authentication) > cjs: literal EXAMINE skips metadata LIST, preserves encoding and has no failed-open fallback [1.83ms]
(pass) installed ImapFlow contract (pure command/encoding diagnostics, not authentication) > cjs: installed fetch compiler requests only candidate UID and Subject PEEK [1.44ms]
(pass) installed ImapFlow contract (pure command/encoding diagnostics, not authentication) > unfolds and MIME-decodes one Subject, rejecting malformed/duplicate fields and near tags [0.59ms]
(pass) tag matching and folder policy > rechecks the exact tag because IMAP SUBJECT search is a case-insensitive substring match [0.04ms]
(pass) tag matching and folder policy > equal configured names are opened once and treated conservatively as spam [0.03ms]
(pass) tag matching and folder policy > a match in both folders favors spam; no match waits [0.05ms]
(pass) tag matching and folder policy > protocol evidence keeps only command names and fetch data items [0.09ms]

test/forms/playground.test.ts:
(pass) helper false fills only each designated native form without changing mail, entries or feeds; warning-only publication never accesses baselines [10347.34ms]
(pass) native upload/no-marker are unsupported; required client/server rejection; a separately designated FF run still confirms [21227.06ms]
(pass) native required GF checkbox/consent and FF checkbox/terms confirm, redirect and clean entries; helper false never submits [22576.33ms]
(pass) native GF modern AJAX and FF AJAX retain separate confirmations and native cleanup [13419.15ms]
(pass) native FF designation over both repeated scope pages: production forms run submits once and skips five (short internal deadline) [10905.04ms]
(pass) scoped CLI without a designation, with a missing designated ID, or with helper false submits nothing and publishes truthful reports [25186.97ms]
(pass) scoped production bun run forms local CLI submits only the designated form on the second listed page, once, and truthfully fails after one default five-minute deadline [310740.98ms]
(pass) production check captures both widths unchanged on both scope pages and applies the same selection: one submission, five skips [33811.06ms]

test/forms/report.test.ts:
(pass) production forms command publishes with a nonsecret folder in both run and site paths [1754.31ms]
(pass) forms-only manifest > parsePublishedManifest returns either validated mode; parseManifest stays check-only [0.74ms]
(pass) forms-only manifest > both manifest modes accept skipped; unknown outcomes still reject [0.81ms]
(pass) forms-only manifest > rejects fabricated viewports, missing forms, mixed discriminators and malformed identity [0.83ms]
(pass) form outcome gating > failed/rejected fail, spam/not-verified/unsupported warn, delivered passes, skipped is neutral [0.29ms]
(pass) form outcome gating > existing visual/health failures still fail with passing forms [0.05ms]
(pass) form outcome gating > forms-only HTML has page Forms data without image panels and escapes hostile text [0.21ms]
(pass) form outcome gating > forms-only HTML renders skipped literally as neutral and explains it [0.13ms]
(pass) form outcome gating > check pages show form-aware page and site status [0.13ms]
(pass) forms-only local and published reports > local report has only HTML and manifest, excludes traces, and renders in real Chromium [138.16ms]
(pass) forms-only local and published reports > real R2: manifest last, traces excluded, approval still selects the older check [4994.30ms]

test/plugin/adapters.test.ts:
(pass) GF marked browser submission: both notifications redirected synchronously, no feeds, entry deleted after mail [17085.04ms]
(pass) GF controls: unmarked, wrong-token and empty-token submissions keep recipients, feeds and entries [19777.64ms]
(pass) FF marked browser submission: both notifications redirected, only the email feed runs, entry and related rows deleted at request end [10981.93ms]
(pass) FF controls: unmarked, wrong-token and empty-token submissions keep recipients, feeds and entries [14902.12ms]
(pass) GF reCAPTCHA v2 with failing siteverify: marked passes, unmarked fails; other errors and honeypot still apply [22293.22ms]
(pass) FF reCAPTCHA with failing siteverify: marked passes, unmarked fails; other errors and honeypot still apply [23350.84ms]
(pass) an integration outside the suppressible feed paths blocks marked submissions; ordinary ones still run it [20229.09ms]
(pass) payment and post-creation paths are rejected for marked submissions [10233.31ms]
(pass) malformed or ambiguous markers and an invalid redirect reject safely; nothing reaches original recipients [21425.34ms]
(pass) FF queued email: marked entry kept until every job completes across requests; ordinary job in the same runner keeps its recipients [25344.88ms]
(pass) FF queued email: a job still processing elsewhere blocks FF's pending-only completion signal [17753.75ms]
(pass) FF queued email: rotating or clearing the token never turns queued test mail into client mail [23727.16ms]
(pass) FF legacy batch runner: marked and ordinary jobs in one request keep their own recipients; marked entry removed [18400.81ms]
(pass) hourly sweep: real cron deletes only old token entries across pages, with native cascade and queued-job removal, in a non-UTC site [21083.61ms]
(pass) sweep: literal token with SQL wildcards, empty token no-op, and strict one-hour boundary [10914.64ms]
(pass) retained evidence contains no token [4402.79ms]

test/plugin/core.test.ts:
(pass) build:plugin produces only the allowlisted uploadable ZIP with no tests, secrets or licensed code [24.40ms]
(pass) generated ZIP uploads and activates through wp-admin without Gravity Forms or Fluent Forms [14849.97ms]
(pass) settings mutate only for manage_options with a valid nonce and valid values [39926.44ms]
(pass) compatibility panel: admins only, read-only, every unaudited callback by hook with a real <script> closure file escaped [14960.18ms]
(pass) marker parser classifies submitted values: ordinary, marked(id) or invalid-marker [1619.16ms]
(pass) request marker and stacked worker context; nothing is inherited by another request [2305.86ms]
(pass) wp_mail in marked context is redirected, stripped and tagged; ordinary mail is untouched [6772.55ms]
(pass) a bad redirect fails before marking and marked mail is never delivered to original recipients [10688.16ms]
(pass) the core never marks a request from query strings, cookies or arbitrary POST data [2314.50ms]
(pass) deactivation unschedules, uninstall is guarded and removes options and owned events [7581.41ms]

test/plugin/harness.test.ts:
(pass) preflight names missing or invalid credentials without their values [0.40ms]
(pass) compatibility preflight requires FLUENT_FORMS_PRO_ZIP by name only; the default stack does not [0.44ms]
(pass) loopback WordPress runs licensed Gravity Forms and pinned Fluent Forms with real PHP and database [3411.19ms]
(pass) browser logs in to real wp-admin and submits unmarked forms for both plugins [27926.65ms]
(pass) stop shuts the site down [176.32ms]

test/plugin/review-regressions.test.ts:
(pass) marked wp_mail: control-prefixed Cc/Bcc header names never reach the native envelope; ordinary mail keeps them [3873.65ms]
(pass) hourly sweep deletes old FF test entries whose marker field was later renamed or removed; controls stay [13574.73ms]

test/plugin/safety.test.ts:
(pass) FF: a later PHP_INT_MAX feed-type filter registered after the plugin cannot resurrect the ledger feed on a marked submission [18195.24ms]
(pass) FF queued: a marked notification that throws inside native mail processing does not redirect the next ordinary job in the same runner request [20486.51ms]
(pass) FF queued cleanup race: a marked entry deleted natively after the runner loaded it, with the token rotated, still sends only redirected mail; ordinary jobs stay ordinary [15617.31ms]
(pass) FF unsupported marked form with reCAPTCHA and failing siteverify is rejected with the blocked message before CAPTCHA [15699.72ms]
(pass) GF sweep: an old token entry's queued notifications (entry snapshots included) and feeds are removed before deletion; ordinary queued work runs; active worker defers [21102.31ms]
(pass) compatibility gate accepts exactly GF 3.1.2 and FF 6.2.14 [691.19ms]
(pass) optional plugin pins are exact strings, and on this stack (none of them active) both reports are ready with core versions only [687.20ms]
(pass) retained evidence contains no token [4202.01ms]

test/plugin/stack-harness.test.ts:
(pass) optional plugins are real, exact, active, and activated after the safeguards [1964.30ms]
(pass) third-party WordPress HTTP is blocked and logged without the outgoing or incoming request's query strings or bodies [2660.86ms]
(pass) Pro feature fixtures write native settings that Pro's own getters read [4506.81ms]
(pass) ordinary FF and GF controls reach CleanTalk moderation, the Pro webhook and FluentSMTP's Simulator [18412.32ms]
(pass) evidence names every version and ZIP hash and retains no token, licensed path or third-party response [5239.50ms]

test/plugin/compatibility.test.ts:
(pass) full stack before marked submissions: ordinary FF and GF keep CleanTalk moderation, the Pro webhook, the GF ledger and original mail [27693.60ms]
(pass) full stack: marked FF and GF each confirm with one redirected Simulator mail, no CleanTalk moderation, no Pro webhook job or hit, and no entry left [25873.47ms]
(pass) GF modern AJAX (admin-ajax gform_submit_form): marked confirms with one redirected Simulator mail and no CleanTalk request or token-bearing HTTP; ordinary keeps CleanTalk's generic check, its entry, ledger feed and original mail [33441.41ms]
(pass) GF modern AJAX early boundary: malformed markers, invalid configuration and the token in a field input the stored form lacks are refused without CleanTalk; the token outside field inputs (query, cookie, other POST names) stays ordinary and keeps CleanTalk [38543.55ms]
(pass) GF modern AJAX: CleanTalk's generic check wrapped (unrecognizable) refuses marked submissions before it runs; ordinary ones keep it [20024.05ms]
(pass) GF modern AJAX: CleanTalk's generic check moved to plugins_loaded priority 1 refuses marked submissions before it runs; ordinary ones keep it [20355.96ms]
(pass) GF modern AJAX: the marker only in a field a GF form filter adds is refused before CleanTalk's generic check; ordinary submissions with that field keep it [20928.63ms]
(pass) GF modern AJAX before GF initializes: ordinary requests read no stored form; a marked one reads it only under the audited GF core, and another GF version refuses it before any form read or CleanTalk request [49616.60ms]
(pass) GF modern AJAX from a logged-in admin: with CleanTalk's logged-in protection off it binds no generic check; on, marked submissions have it removed and ordinary ones keep it (it runs, and skips this admin) [49247.66ms]
(pass) marked wp_mail through FluentSMTP: control-padded and folded recipient headers never reach the effective envelope or the Simulator log; ordinary mail keeps them [13711.83ms]
(pass) full stack after marked submissions: ordinary controls are unchanged [27214.36ms]
(pass) Pro double opt-in and admin approval: ordinary submissions take Pro's path; marked ones get only the redirected notification [63952.00ms]
(pass) Pro auto-delete and drafts: a marked entry outlives a failed queued mail until FF's retry and its draft survives; Pro deletes ordinary ones [33570.18ms]
(pass) one request: a marked entry's completion keeps Pro's auto-delete away, the next ordinary one gets it back, and the hook inventory ends identical [1727.43ms]
(pass) CleanTalk switched off for contact forms needs no binding; a rebound (unrecognizable) FF check blocks marked FF and the panel names it [41734.02ms]
(pass) CleanTalk re-registered during a marked submission's own dispatch is removed again; ordinary submissions keep it [42579.29ms]
(pass) admin panel on the full stack: exact versions audited per form plugin and both ready [2585.13ms]
(pass) CleanTalk at another version blocks marked FF and GF at the native gates; the panel shows the version and still lists callbacks [42013.28ms]
(pass) Fluent Forms Pro at another version blocks marked FF (not GF) at the native gates; the panel shows the version and still lists callbacks [40870.50ms]
(pass) FluentSMTP at another version blocks marked FF and GF at the native gates; the panel shows the version and still lists callbacks [40533.07ms]
(pass) an unaudited optional Pro module (Inventory) keeps blocking marked FF; the panel names its callbacks [18542.21ms]
(pass) retained evidence names every version and ZIP hash and contains no token or licensed path [5253.88ms]

 247 pass
 0 fail
 3135 expect() calls
Ran 247 tests across 22 files. [2071.99s]
