bun test v1.4.2 (744846f84)

test/plugin/stack-harness.test.ts:
53 |     $r = wp_remote_post('https://api.example.test/collect?key=pirax-query-secret', ['body' => ['field' => 'pirax-body-secret']]);
54 |     return is_wp_error($r) ? ['code' => $r->get_error_code(), 'message' => $r->get_error_message()] : ['code' => 'sent', 'message' => ''];
55 |   `);
56 |   expect(result).toEqual({ code: "http_request_failed", message: "Pirax harness: third-party HTTP is contained" });
57 |   const [record] = (await h.http()).slice(before);
58 |   expect(record).toMatchObject({ purpose: "blocked", method: "POST", host: "api.example.test", path: "/collect", request: "/wp-admin/admin.php", carriesToken: false });
                      ^
error: expect(received).toMatchObject(expected)

@@ -1,3 +1,5 @@
  {
+   "action": null,
    "carriesToken": false,
+   "hooks": [],
    "host": "api.example.test",
@@ -6,3 +8,4 @@
    "purpose": "blocked",
-   "request": "/wp-admin/admin.php",
+   "request": "/wp-admin/admin.php?page=pirax-probe&_wpnonce=pirax-inbound-nonce&q=pirax-inbound-secret",
+   "time": 1790621371.548,
  }

- Expected  - 1
+ Received  + 4

      at <anonymous> (/home/rudi/Work/Privatni/Pirax-Castrum-Maintenance/issues/worktrees/helper-compat/test/plugin/stack-harness.test.ts:58:18)
(fail) third-party WordPress HTTP is blocked and logged without the outgoing or incoming request's query strings or bodies [3104.96ms]
143 |   const secrets = [h.token, process.env.GRAVITY_FORMS_ZIP!, process.env.FLUENT_FORMS_PRO_ZIP!];
144 |   expect(await findSecret(h.artifactDir, secrets)).toEqual([]);
145 |   // Real activation and admin requests included: no retained HTTP record keeps an incoming query.
146 |   const http = (await Bun.file(`${h.artifactDir}/http.jsonl`).text()).trim().split("\n").map((l) => JSON.parse(l));
147 |   expect(http.length).toBeGreaterThan(0);
148 |   expect(http.filter((r) => r.request.includes("?") || r.path.includes("?")).length).toBe(0);
                                                                                           ^
error: expect(received).toBe(expected)

Expected: 0
Received: 1

      at <anonymous> (/home/rudi/Work/Privatni/Pirax-Castrum-Maintenance/issues/worktrees/helper-compat/test/plugin/stack-harness.test.ts:148:86)
(fail) evidence names every version and ZIP hash and retains no token, licensed path or third-party response [5980.69ms]

 0 pass
 3 filtered out
 2 fail
 13 expect() calls
Ran 2 tests across 1 file. [44.13s]
exit 1
