bun test v1.4.2 (744846f84)

test/plugin/compatibility.test.ts:
330 |     const marked = await gfAjaxSubmit(`Pirax check ${marker}`);
331 |     expect(marked).toMatchObject({ status: 200, ok: true, text: "Pirax GF thanks" });
332 |     await h.drainQueues();
333 |     let done = await since(m);
334 |     await note("marked GF modern AJAX", { http: done.http, jobs: done.jobs, added: done.added });
335 |     expect(cleantalkAttempts(done.http)).toEqual([]);
                                               ^
error: expect(received).toEqual(expected)

- []
+ [
+   {
+     "action": "gform_submit_form",
+     "api": "check_message",
+     "carriesToken": true,
+     "hooks": [
+       "plugins_loaded",
+     ],
+     "host": "moderate.cleantalk.org",
+     "method": "POST",
+     "path": "/api2.0",
+     "purpose": "cleantalk-moderation",
+     "request": "/wp-admin/admin-ajax.php",
+     "time": 1790621436.619,
+   },
+ ]

- Expected  - 1
+ Received  + 16

      at <anonymous> (/home/rudi/Work/Privatni/Pirax-Castrum-Maintenance/issues/worktrees/helper-compat/test/plugin/compatibility.test.ts:335:42)
(fail) GF modern AJAX (admin-ajax gform_submit_form): marked confirms with one redirected Simulator mail and no CleanTalk request or token-bearing HTTP; ordinary keeps CleanTalk's generic check, its entry, ledger feed and original mail [21812.99ms]
374 |     await note("GF modern AJAX refusals", { malformed: malformed.ok, invalidConfig: invalidConfig.ok, http: done.http, added: done.added });
375 |     expect(malformed.ok).toBe(false);
376 |     expect(malformed.text).toContain(INVALID_MARKER);
377 |     expect(invalidConfig.ok).toBe(false);
378 |     expect(invalidConfig.text).toContain(INVALID_CONFIG);
379 |     expect(cleantalkAttempts(done.http)).toEqual([]);
                                               ^
error: expect(received).toEqual(expected)

- []
+ [
+   {
+     "action": "gform_submit_form",
+     "api": "check_message",
+     "carriesToken": true,
+     "hooks": [
+       "plugins_loaded",
+     ],
+     "host": "moderate.cleantalk.org",
+     "method": "POST",
+     "path": "/api2.0",
+     "purpose": "cleantalk-moderation",
+     "request": "/wp-admin/admin-ajax.php",
+     "time": 1790621458.141,
+   },
+   {
+     "action": "gform_submit_form",
+     "api": "check_message",
+     "carriesToken": true,
+     "hooks": [
+       "plugins_loaded",
+     ],
+     "host": "moderate.cleantalk.org",
+     "method": "POST",
+     "path": "/api2.0",
+     "purpose": "cleantalk-moderation",
+     "request": "/wp-admin/admin-ajax.php",
+     "time": 1790621461.582,
+   },
+ ]

- Expected  - 1
+ Received  + 30

      at <anonymous> (/home/rudi/Work/Privatni/Pirax-Castrum-Maintenance/issues/worktrees/helper-compat/test/plugin/compatibility.test.ts:379:42)
(fail) GF modern AJAX early boundary: malformed markers and invalid configuration are refused without CleanTalk; the token outside the form's field values (query, cookie, other POST inputs) stays ordinary and keeps CleanTalk [22649.24ms]
404 |     const marked = await gfAjaxSubmit(`Pirax rebound ${marker}`);
405 |     const ordinary = await gfAjaxSubmit("gf ordinary with rebound generic check");
406 |     await h.drainQueues();
407 |     const done = await since(m);
408 |     await note("GF modern AJAX rebound generic check", { marked: marked.ok, ordinary: ordinary.ok, http: done.http, added: done.added });
409 |     expect(marked.ok).toBe(false);
                            ^
error: expect(received).toBe(expected)

Expected: false
Received: true

      at <anonymous> (/home/rudi/Work/Privatni/Pirax-Castrum-Maintenance/issues/worktrees/helper-compat/test/plugin/compatibility.test.ts:409:23)
(fail) GF modern AJAX: a rebound (unrecognizable) CleanTalk generic check refuses marked submissions before it runs; ordinary ones keep it [24702.57ms]
732 |         } else {
733 |           expect(ajax).toMatchObject({ ok: true, text: "Pirax GF thanks" });
734 |           expectRedirected(done2.env);
735 |         }
736 |         expect(done2.added).toEqual([]);
737 |         expect(cleantalkAttempts(done2.http)).toEqual([]);
                                                    ^
error: expect(received).toEqual(expected)

- []
+ [
+   {
+     "action": "gform_submit_form",
+     "api": "check_message",
+     "carriesToken": true,
+     "hooks": [
+       "plugins_loaded",
+     ],
+     "host": "moderate.cleantalk.org",
+     "method": "POST",
+     "path": "/api2.0",
+     "purpose": "cleantalk-moderation",
+     "request": "/wp-admin/admin-ajax.php",
+     "time": 1790621543.474,
+   },
+ ]

- Expected  - 1
+ Received  + 16

      at <anonymous> (/home/rudi/Work/Privatni/Pirax-Castrum-Maintenance/issues/worktrees/helper-compat/test/plugin/compatibility.test.ts:737:47)
      at async withAlteredFile (/home/rudi/Work/Privatni/Pirax-Castrum-Maintenance/issues/worktrees/helper-compat/test/plugin/compatibility.test.ts:270:11)
      at async <anonymous> (/home/rudi/Work/Privatni/Pirax-Castrum-Maintenance/issues/worktrees/helper-compat/test/plugin/compatibility.test.ts:689:11)
(fail) CleanTalk at another version blocks marked FF and GF at the native gates; the panel shows the version and still lists callbacks [42618.20ms]

 1 pass
 13 filtered out
 4 fail
 42 expect() calls
Ran 5 tests across 1 file. [180.73s]
exit 1
