bun test v1.4.2 (744846f84)

tests/capture.test.ts:
(pass) locked viewports and readiness limits [0.12ms]
Failed navigation fixture: {"path":"/delayed-unreachable","state":"blocked","health":{"status":null,"finalUrl":"chrome-error://chromewebdata/","criticalError":false,"consoleErrors":[],"failedRequests":[],"mixedContent":[]},"hasImage":false,"writes":0} artifacts: /home/rudi/Work/Privatni/Pirax-Castrum-Maintenance/issues/worktrees/checker-awaiting-audit/runs/capture-test-2026-10-05T15-10-27.572Z
(pass) capture in real Chromium > failed later main-document navigation from /delayed-unreachable cannot reuse HTTP 200 [1625.25ms]
Failed navigation fixture: {"path":"/delayed-post","state":"blocked","health":{"status":null,"finalUrl":"chrome-error://chromewebdata/","criticalError":false,"consoleErrors":[],"failedRequests":[],"mixedContent":[]},"hasImage":false,"writes":0} artifacts: /home/rudi/Work/Privatni/Pirax-Castrum-Maintenance/issues/worktrees/checker-awaiting-audit/runs/capture-test-2026-10-05T15-10-27.572Z
(pass) capture in real Chromium > failed later main-document navigation from /delayed-post cannot reuse HTTP 200 [1584.70ms]
(pass) capture in real Chromium > delayed main-document navigation to /missing uses final health and classification [1629.31ms]
(pass) capture in real Chromium > delayed main-document navigation to /critical uses final health and classification [1614.65ms]
(pass) capture in real Chromium > delayed main-document navigation to /forbidden uses final health and classification [1591.43ms]
(pass) capture in real Chromium > delayed main-document navigation to /challenge uses final health and classification [1575.34ms]
(pass) capture in real Chromium > delayed main-document navigation to /header-only-challenge uses final health and classification [1585.94ms]
(pass) capture in real Chromium > direct HTTP redirect retains the final document status [749.90ms]
(pass) capture in real Chromium > navigation triggered by readiness scrolling reconciles the final document [1784.60ms]
WebSocket fixture: {"mutations":0,"connections":0} artifacts: /home/rudi/Work/Privatni/Pirax-Castrum-Maintenance/issues/worktrees/checker-awaiting-audit/runs/capture-test-2026-10-05T15-10-27.572Z
(pass) capture in real Chromium > read-only policy blocks real WebSocket mutations while GET content captures [760.75ms]
(pass) capture in real Chromium > full-page PNG at both viewports includes lazy content; trace saved [2562.15ms]
(pass) capture in real Chromium > site and page masks combine; masked captures are stable, unmasked ones change [6081.23ms]
(pass) capture in real Chromium > hides combine, remove elements from the full-page size, and warn or fail like masks [6879.52ms]
(pass) capture in real Chromium > unmatched valid mask warns; invalid or non-CSS selectors are configuration errors [1540.43ms]
(pass) capture in real Chromium > health: console/pageerror, 404 assets, transport failure; policy aborts are warnings; CAPTCHA text is not blocked [779.90ms]
(pass) capture in real Chromium > 404 page and critical error are captured health failures, not blocked [1495.31ms]
(pass) capture in real Chromium > unreachable, 403 and challenge pages are blocked with reasons and a trace [2153.60ms]
(pass) capture in real Chromium > never-idle, infinitely scrolling page finishes within its limits with readiness warnings [3376.44ms]
(pass) TLS and mixed content on a real HTTPS fixture > self-signed certificate is blocked unless the internal test option is set [65.14ms]
(pass) TLS and mixed content on a real HTTPS fixture > HTTP resources on an HTTPS page are mixed content; plain HTTP links are not [1558.99ms]
(pass) challengeReason needs explicit markers [0.16ms]

tests/commands.test.ts:
(pass) command preflight without browser or storage > parses selection, optional sites and approve page; retains list order [0.19ms]
(pass) command preflight without browser or storage > rejects missing, extra, unsupported flags and approve all [0.12ms]
(pass) command preflight without browser or storage > exit 2 for configuration before work; empty all is zero with no credentials [6.10ms]
(pass) command preflight without browser or storage > CLI imports have no credential reads or exits and missing env is sanitized exit 2 [759.91ms]
(pass) root forms alias invokes production entrypoint; empty/usage need no credentials or writes [792.46ms]
(pass) direct forms/check errors sanitize trusted messages and classify config as exit 2 [416.68ms]
(pass) only canonical completed run IDs qualify, in descending order [0.43ms]
(pass) latest containing site is selected, incomplete/unrelated evidence never replaces it [0.72ms]
(pass) latest valid containing site wins over unrelated newer history without falling back from blocked pages [1.33ms]
(pass) direct approval rejects an unlisted page before touching its real lazy Store [2.84ms]
(pass) newer valid forms-only runs are skipped; a malformed newer forms manifest is still an error [0.38ms]
(pass) baseline/check entrypoints finish after the lazy command import instead of deadlocking [987.29ms]

tests/compare.test.ts:
(pass) comparePng with equal dimensions > identical images are same with ratio 0 and a decodable diff [2.82ms]
(pass) comparePng with equal dimensions > ratio below, equal to and above the allowance (100 px image, 1 px = 0.01) [2.34ms]
(pass) comparePng with equal dimensions > uses pixelmatch threshold 0.1: small colour deltas ignored, larger ones counted [1.16ms]
(pass) comparePng with different dimensions > height-only change is changed regardless of allowance, with padded diff [0.90ms]
(pass) comparePng with different dimensions > width-only change and both-axis change do not crash [1.72ms]
(pass) comparePng with undecodable input > corrupt baseline or actual PNG is an explicit error, not a crash [0.50ms]

tests/discovery.test.ts:
(pass) bare bun test skips issues/** and still discovers tests/ and test/ [4.77ms]

tests/env.test.ts:
(pass) readR2Config > maps the four variables explicitly with region auto [0.12ms]
(pass) readR2Config > names every missing or blank variable, never values [0.17ms]
(pass) readR2Config > empty env names all four [0.12ms]
(pass) readR2Config > defaults to process.env; importing helpers needs no credentials [19.87ms]

tests/health.test.ts:
(pass) normalizeHealth > deduplicates and sorts without dropping query distinctions [0.17ms]
(pass) evaluateHealth > clean page has no findings [0.06ms]
(pass) evaluateHealth > without a baseline every console and request finding fails [0.11ms]
(pass) evaluateHealth > baselined console and URL/status pairs become warnings, new ones fail, removed ones vanish [0.20ms]
(pass) evaluateHealth > benign third-party noise is not reported; the raw snapshot keeps it [0.24ms]
(pass) evaluateHealth > HTTP >= 400, critical error and mixed content fail even when baselined [0.13ms]
(pass) parseHealth > round-trips a valid snapshot and normalizes it [0.23ms]
(pass) parseHealth > rejects malformed shapes with a field name [0.31ms]

tests/sites.test.ts:
(pass) loadSites valid input > normalizes literal YAML, preserves order, applies defaults [0.32ms]
(pass) loadSites valid input > empty sites list is allowed [0.06ms]
(pass) loadSites valid input > ratio bounds 0 and 1 are inclusive [0.14ms]
(pass) loadSites valid input > shipped sites.example.yaml loads [0.31ms]
(pass) loadSites valid input > committed sites.yaml designates exactly the operator's 12 test forms, offline [1.06ms]
(pass) test_form designation > string-page and object-page designations load; absence stays absent [0.17ms]
(pass) test_form designation > page must exactly match a listed normalized path [2.36ms]
(pass) test_form designation > plugin must be gravity or fluent [0.53ms]
(pass) test_form designation > id must be a numeric integer, never a coerced string [0.61ms]
(pass) test_form designation > unknown member and malformed shape name the site [1.82ms]
(pass) loadSites required negative cases > duplicate slug [0.14ms]
(pass) loadSites required negative cases > missing url [0.08ms]
(pass) loadSites required negative cases > trailing-slash url [0.08ms]
(pass) loadSites required negative cases > empty pages [1.58ms]
(pass) loadSites required negative cases > unknown site key [0.26ms]
(pass) loadSites required negative cases > malformed masks [0.28ms]
(pass) loadSites hide > optional site and page hide lists; absent means no key [0.17ms]
(pass) loadSites hide > malformed hides name the field [0.10ms]
(pass) loadSites broader validation > root shape and unknown root key [0.11ms]
(pass) loadSites broader validation > site entry must be a mapping [0.03ms]
(pass) loadSites broader validation > slug missing or malformed uses index [0.17ms]
(pass) loadSites broader validation > url wrong type, scheme, credentials, query, fragment [0.17ms]
(pass) loadSites broader validation > form_helper required boolean [0.07ms]
(pass) loadSites broader validation > ratio type and bounds [0.17ms]
(pass) loadSites broader validation > pages wrong type and bad page entries [0.15ms]
(pass) loadSites broader validation > bad page paths [0.21ms]
(pass) loadSites broader validation > paths that URL resolution would normalize off-site or into traversal [0.44ms]
(pass) loadSites broader validation > percent-encoded non-traversal paths stay valid [0.15ms]
(pass) loadSites broader validation > duplicate page paths and key collisions [0.15ms]
(pass) loadSites broader validation > same page across different sites is fine [0.06ms]
(pass) loadSites broader validation > read and YAML errors are wrapped without file contents [0.15ms]
(pass) loadSites broader validation > default path is sites.yaml in the working directory [9.93ms]
(pass) pageKey > mandated examples [0.08ms]
(pass) pageKey > deterministic and filename safe [0.24ms]

tests/report.test.ts:
(pass) private report > embeds images and escapes all untrusted text without external assets [2.13ms]
(pass) private report > renders exact future Forms outcomes only when supplied [0.20ms]
(pass) private report > skipped forms are neutral, explained, and accepted by check manifests and approval [0.33ms]
(pass) private report > awaiting-audit is a warning with escaped versions, accepted by check manifests and approval; visual failures still fail [0.25ms]
(pass) private report > aggregates blocked, failures and warnings while keeping capture separate [0.03ms]
(pass) manifest and exact approval evidence > accepts canonical manifest and derives safe encoded page keys [0.08ms]
(pass) manifest and exact approval evidence > rejects malformed schemas, shapes, duplicate sites, run mismatch and arbitrary artifact paths [0.29ms]
(pass) manifest and exact approval evidence > requires current URL, requested pages and both complete captures from the selected run [0.27ms]
(pass) manifest and exact approval evidence > validates actual PNG and raw health bytes against recorded dimensions [1.73ms]
(pass) manifest and exact approval evidence > approval accepts full-page horizontal overflow using recorded dimensions [1.16ms]
Report browser artifact: /home/rudi/Work/Privatni/Pirax-Castrum-Maintenance/issues/worktrees/checker-awaiting-audit/runs/2026-10-05T15-11-11.854Z/index.html
(pass) local report renders all embedded images and inert hostile text in real Chromium [267.94ms]

tests/awaiting-audit.test.ts:
(pass) state key > accepts configured slugs only [0.11ms]
(pass) stored firstSeen > canonical, past or present timestamps are accepted [0.12ms]
(pass) stored firstSeen > malformed, wrong-shape, noncanonical and future values are rejected [0.11ms]
(pass) 72-hour decision > strictly greater than 72 hours fails [0.08ms]
(pass) 72-hour decision > notes state firstSeen, elapsed duration and threshold, distinguishing the boundary [0.03ms]
(pass) 72-hour decision > elapsed formatting [0.01ms]
(pass) unavailable storage > a sighting stays a first-sighting warning with safe diagnostics [0.90ms]
(pass) unavailable storage > clearing failure is disclosed on an existing row and returned; never fabricates rows [0.21ms]

tests/store.test.ts:
(pass) run IDs > canonical millisecond UTC ISO with colons replaced [0.03ms]
(pass) run IDs > rejects noncanonical and malformed IDs [0.03ms]
(pass) expiredReportKeys > keeps the newest distinct runs and removes every object of older runs [0.15ms]
(pass) expiredReportKeys > default is 10 [0.07ms]
(pass) expiredReportKeys > zero removes all recognized reports, never sentinels [0.05ms]
(pass) expiredReportKeys > count at or below keep is a no-op [0.07ms]
(pass) expiredReportKeys > input order does not matter; runs count once regardless of object count [0.06ms]
(pass) expiredReportKeys > invalid keep throws [0.07ms]
(pass) store validation before any request > createStore validates root and page size [0.13ms]
(pass) store validation before any request > unsafe keys reject with StoreError, not a network error [0.53ms]
(pass) store validation before any request > root counts toward the key length limit [0.07ms]
(pass) store validation before any request > presign validates expiry and signs the scoped key for GET [0.11ms]
(pass) store validation before any request > external folder marker of an expired run is selected but rejected, never slash-trimmed [0.12ms]
(pass) store validation before any request > invalid keep rejects before listing [0.15ms]
(pass) lazy environment > importing store needs no env; first use names missing variables [8.68ms]
(pass) store:selftest missing configuration > all blank: nonzero, names all four, no artifact [5.31ms]
(pass) store:selftest missing configuration > one blank: names only it and prints no values [6.82ms]

test/forms/config.test.ts:
(pass) readFormConfig > returns the exact token and single address without trimming or transforming [0.17ms]
(pass) readFormConfig > missing or blank names are EnvError naming each variable [0.06ms]
(pass) readFormConfig > invalid token and address formats are value-free configuration errors [8.20ms]
(pass) readImapConfig > 993 is implicit TLS, other ports require STARTTLS; password and folders are literal [0.25ms]
(pass) readImapConfig > missing or blank names list every variable [0.06ms]
(pass) readImapConfig > invalid host, port, user and non-literal folders are value-free errors [0.17ms]
(pass) importing readers needs no environment; process.env default reads lazily [73.81ms]

test/forms/evidence.test.ts:
(pass) sanitizer removes raw, percent, JSON/unicode, HTML and nested encodings [2.53ms]
(pass) automatic redaction distinguishes credentials from nonsecret configuration labels [2.10ms]
(pass) sanitized trace JSON independently decodes without astral or mixed-escaped credentials [10.13ms]
(pass) trace sanitation fails closed, deletes raw and unsafe output on invalid archive [3.72ms]

test/forms/imap.test.ts:
(pass) pollDelivery input and deadline > rejects non-canonical IDs and deadlines before any network access [0.62ms]
(pass) pollDelivery input and deadline > a silent server cannot outlive the deadline; the connection is closed and not reported as absent mail [1556.18ms]
(pass) pollDelivery input and deadline > STARTTLS is required off port 993: no credentials are ever sent in plaintext [56.46ms]
(pass) pollDelivery input and deadline > refused and dropped connections are explicit sanitized failures [1.77ms]
(pass) installed ImapFlow contract (pure command/encoding diagnostics, not authentication) > esm: startup discovery is opt-in suppressed, including no-NAMESPACE LIST fallback [0.84ms]
(pass) installed ImapFlow contract (pure command/encoding diagnostics, not authentication) > esm: literal EXAMINE skips metadata LIST, preserves encoding and has no failed-open fallback [5.54ms]
(pass) installed ImapFlow contract (pure command/encoding diagnostics, not authentication) > esm: installed fetch compiler requests only candidate UID and Subject PEEK [0.53ms]
(pass) installed ImapFlow contract (pure command/encoding diagnostics, not authentication) > cjs: startup discovery is opt-in suppressed, including no-NAMESPACE LIST fallback [5.37ms]
(pass) installed ImapFlow contract (pure command/encoding diagnostics, not authentication) > cjs: literal EXAMINE skips metadata LIST, preserves encoding and has no failed-open fallback [1.18ms]
(pass) installed ImapFlow contract (pure command/encoding diagnostics, not authentication) > cjs: installed fetch compiler requests only candidate UID and Subject PEEK [0.52ms]
(pass) installed ImapFlow contract (pure command/encoding diagnostics, not authentication) > unfolds and MIME-decodes one Subject, rejecting malformed/duplicate fields and near tags [0.62ms]
(pass) tag matching and folder policy > rechecks the exact tag because IMAP SUBJECT search is a case-insensitive substring match [0.04ms]
(pass) tag matching and folder policy > equal configured names are opened once and treated conservatively as spam [0.03ms]
(pass) tag matching and folder policy > a match in both folders favors spam; no match waits [0.05ms]
(pass) tag matching and folder policy > protocol evidence keeps only command names and fetch data items [0.10ms]

test/forms/playground.test.ts:
(pass) helper false fills only each designated native form without changing mail, entries or feeds; warning-only publication never accesses baselines [12415.01ms]
(pass) native upload/no-marker are unsupported; required client/server rejection; a separately designated FF run still confirms [23323.87ms]
(pass) native required GF checkbox/consent and FF checkbox/terms confirm, redirect and clean entries; helper false never submits [24752.47ms]
(pass) native GF modern AJAX and FF AJAX retain separate confirmations and native cleanup [15557.03ms]
(pass) native FF designation over both repeated scope pages: production forms run submits once and skips five (short internal deadline) [12076.30ms]
(pass) scoped CLI without a designation, with a missing designated ID, or with helper false submits nothing and publishes truthful reports [29804.63ms]
(pass) scoped production bun run forms local CLI submits only the designated form on the second listed page, once, and truthfully fails after one default five-minute deadline [312161.73ms]
(pass) production check captures both widths unchanged on both scope pages and applies the same selection: one submission, five skips [39224.84ms]
Native forms evidence: /home/rudi/Work/Privatni/Pirax-Castrum-Maintenance/issues/worktrees/checker-awaiting-audit/runs/forms-playground-e6d68f6a-38a4-4e11-ac15-36401d48efb8/summary.json

test/forms/report.test.ts:
Forms collision evidence: /home/rudi/Work/Privatni/Pirax-Castrum-Maintenance/issues/worktrees/checker-awaiting-audit/runs/forms-collision-8d5280f3-d9ff-472a-b88f-ba953c3e8269/synthetic-folder-collision/summary.json
(pass) production forms command publishes with a nonsecret folder in both run and site paths [1804.73ms]
(pass) forms-only manifest > parsePublishedManifest returns either validated mode; parseManifest stays check-only [0.60ms]
(pass) forms-only manifest > both manifest modes accept skipped and awaiting-audit; unknown outcomes still reject [0.91ms]
(pass) forms-only manifest > rejects fabricated viewports, missing forms, mixed discriminators and malformed identity [0.71ms]
(pass) form outcome gating > failed/rejected fail, spam/not-verified/unsupported/awaiting-audit warn, delivered passes, skipped is neutral [0.24ms]
(pass) form outcome gating > existing visual/health failures still fail with passing forms [0.03ms]
(pass) form outcome gating > forms-only HTML has page Forms data without image panels and escapes hostile text [0.17ms]
(pass) form outcome gating > forms-only HTML renders awaiting-audit as a warning with escaped versions and explains it [0.12ms]
(pass) form outcome gating > forms-only HTML renders skipped literally as neutral and explains it [0.07ms]
(pass) form outcome gating > check pages show form-aware page and site status [0.10ms]
(pass) forms-only local and published reports > local report has only HTML and manifest, excludes traces, and renders in real Chromium [131.85ms]
(pass) forms-only local and published reports > real R2: manifest last, traces excluded, approval still selects the older check [7517.66ms]
Forms report evidence: /home/rudi/Work/Privatni/Pirax-Castrum-Maintenance/issues/worktrees/checker-awaiting-audit/runs/forms-report-tests-22a3993f-5018-4c98-b925-45c2d30742ba/summary.json

test/forms/awaiting-audit.test.ts:
Awaiting-audit state evidence: /home/rudi/Work/Privatni/Pirax-Castrum-Maintenance/issues/worktrees/checker-awaiting-audit/runs/forms-awaiting-942091af-2ee4-46b6-abd5-47e8c7ca7d17/summary.json
(pass) awaiting-audit clock persists, ages, clears and degrades against real scoped R2 [30487.18ms]

test/forms/awaiting-audit-commands.test.ts:
Awaiting-audit command evidence: /home/rudi/Work/Privatni/Pirax-Castrum-Maintenance/issues/worktrees/checker-awaiting-audit/runs/forms-awaiting-commands-454b16d8-ec23-4f03-bddc-e476ae98ee2a/summary.json
(pass) production forms/check age, escalate, share and clear the awaiting-audit clock against real scoped R2 [86207.70ms]

test/forms/browser.test.ts:
(pass) detects actual distinct plugin forms once and preserves unknown identities [71.74ms]
(pass) fills basic controls with full random marker, preserving hidden/honeypot data [201.23ms]
(pass) native required checkbox groups choose one usable option; individual required and optional choices are preserved [993.82ms]
(pass) HTTP-200 explicit challenges fail discovery, ordinary CAPTCHA/Cloudflare mentions remain empty [1208.88ms]
(pass) preinspects whole form: hidden upload, marker constraints and custom flows never type [585.23ms]
(pass) no-helper blocks autonomous input/change GET/POST/image/navigation and sockets [5627.99ms]
Submission fixture /plain: confirmed
Submission fixture /ff: confirmed
Submission fixture /gf-ajax: confirmed
Submission fixture /save-trap: failed
Submission fixture /reject: rejected
Submission fixture /foreign: failed
Submission fixture /no-confirmation: failed
Submission fixture /stale: failed
Submission fixture /ff-stale: failed
Submission fixture /ff-foreign: failed
Submission fixture /ff-redirect: confirmed
Submission fixture /ff-redirect-no-entry: failed
(pass) specific new GF and associated FF confirmations; errors sanitized; no retry [6828.98ms]
Awaiting-audit fixture /gf-awaiting: awaiting-audit
Awaiting-audit fixture /gf-awaiting-multi: awaiting-audit
Awaiting-audit fixture /gf-awaiting-nested: awaiting-audit
Awaiting-audit fixture /ff-awaiting: awaiting-audit
Awaiting-audit fixture /gf-awaiting-generic-in-container: rejected
Awaiting-audit fixture /gf-awaiting-extra-in-container: rejected
Awaiting-audit fixture /gf-summary-only: rejected
Awaiting-audit fixture /gf-awaiting-only-container: awaiting-audit
Awaiting-audit fixture /gf-awaiting-field: rejected
Awaiting-audit fixture /gf-awaiting-second-helper: rejected
Awaiting-audit fixture /ff-awaiting-field: rejected
Awaiting-audit fixture /gf-awaiting-invalid: rejected
Awaiting-audit fixture /ff-awaiting-invalid: rejected
Awaiting-audit fixture /gf-generic: rejected
Awaiting-audit fixture /ff-generic: rejected
Awaiting-audit fixture /gf-lowercase: rejected
Awaiting-audit fixture /gf-blank: rejected
Awaiting-audit fixture /ff-blank: rejected
Awaiting-audit fixture /gf-no-version: rejected
Awaiting-audit fixture /gf-bad-separator: rejected
Awaiting-audit fixture /gf-mid-sentence: rejected
Awaiting-audit fixture /gf-foreign-awaiting: failed
Awaiting-audit fixture /ff-stale-awaiting: failed
Awaiting-audit fixture /ff-foreign-awaiting: failed
(pass) exact awaiting-audit refusals are classified per message; near matches, extra refusals, stale and foreign messages are not [9950.27ms]
(pass) scanner forwards awaiting-audit without polling the mailbox [2547.31ms]
(pass) marker changed after preparation is never submitted; native invalidity is rejection [403.51ms]
(pass) scanner no forms is empty, navigation error is failed, CAPTCHA is not-verified, each designation is filled in its own scan [3200.52ms]
(pass) selected submit blocks unrelated same-origin writes/GETs and autonomous native GET submit [335.68ms]
(pass) no-marker/unknown/upload requires no credentials; opted-in IMAP preflight happens before POST [45958.24ms]
(pass) omitted designation skips every form, helper true or false, with no credentials, typing or POST [1785.94ms]
(pass) the designated form on the second listed page is the only attempt, in either page order [2144.46ms]
(pass) helper false fills only the designated plugin/id: same-number GF/FF differ, other forms get no events or POST [2187.17ms]
(pass) missing, wrong-plugin, elsewhere-only, GF #0 and empty-page designations fail once on their page; scan failures stay scan failures [4687.66ms]
(pass) duplicate designated instances: only the first is attempted; rejected, unsupported and changed selections never fall through [2726.01ms]
(pass) distinct sites and a second invocation each keep their own single attempt [3069.55ms]
(pass) encoded URLs and browser exceptions are scrubbed from retained action traces [39.29ms]
(pass) direct forms command writes a truthful local report without form credentials or visual/baseline access [645.55ms]
Forms browser evidence: /home/rudi/Work/Privatni/Pirax-Castrum-Maintenance/issues/worktrees/checker-awaiting-audit/runs/forms-browser-419001b0-4971-4993-901a-ae7bba09f70c
(pass) retained action traces are secret-free with no image/DOM/source payloads [333.30ms]

test/plugin/adapters.test.ts:
(pass) GF marked browser submission: both notifications redirected synchronously, no feeds, entry deleted after mail [24383.70ms]
(pass) GF controls: unmarked, wrong-token and empty-token submissions keep recipients, feeds and entries [26766.68ms]
(pass) FF marked browser submission: both notifications redirected, only the email feed runs, entry and related rows deleted at request end [13196.97ms]
(pass) FF marked submission of an empty-type form (FF's activation demo form) is supported like type form; type post stays blocked [18212.23ms]
(pass) FF controls: unmarked, wrong-token and empty-token submissions keep recipients, feeds and entries [17006.98ms]
(pass) GF reCAPTCHA v2 with failing siteverify: marked passes, unmarked fails; other errors and honeypot still apply [26879.44ms]
(pass) FF reCAPTCHA with failing siteverify: marked passes, unmarked fails; other errors and honeypot still apply [27190.70ms]
(pass) an integration outside the suppressible feed paths blocks marked submissions; ordinary ones still run it [23717.88ms]
(pass) payment and post-creation paths are rejected for marked submissions [11905.59ms]
(pass) malformed or ambiguous markers and an invalid redirect reject safely; nothing reaches original recipients [25416.54ms]
(pass) FF queued email: marked entry kept until every job completes across requests; ordinary job in the same runner keeps its recipients [30615.87ms]
(pass) FF queued email: a job still processing elsewhere blocks FF's pending-only completion signal [20473.15ms]
(pass) FF queued email: rotating or clearing the token never turns queued test mail into client mail [28169.16ms]
(pass) FF legacy batch runner: marked and ordinary jobs in one request keep their own recipients; marked entry removed [24045.00ms]
(pass) hourly sweep: real cron deletes only old token entries across pages, with native cascade and queued-job removal, in a non-UTC site [26981.39ms]
(pass) sweep: literal token with SQL wildcards, empty token no-op, and strict one-hour boundary [12517.80ms]
(pass) retained evidence contains no token [5442.06ms]

test/plugin/compatibility.test.ts:
(pass) full stack before marked submissions: ordinary FF and GF keep CleanTalk moderation, the Pro webhook, the GF ledger and original mail [39154.86ms]
(pass) full stack: marked FF and GF each confirm with one redirected Simulator mail, no CleanTalk moderation, no Pro webhook job or hit, and no entry left [33887.88ms]
(pass) GF modern AJAX (admin-ajax gform_submit_form): marked confirms with one redirected Simulator mail and no CleanTalk request or token-bearing HTTP; ordinary keeps CleanTalk's generic check, its entry, ledger feed and original mail [44653.02ms]
(pass) GF modern AJAX early boundary: malformed markers, invalid configuration and the token in a field input the stored form lacks are refused without CleanTalk; the token outside field inputs (query, cookie, other POST names) stays ordinary and keeps CleanTalk [53179.13ms]
(pass) GF modern AJAX: CleanTalk's generic check wrapped (unrecognizable) refuses marked submissions before it runs; ordinary ones keep it [27716.36ms]
(pass) GF modern AJAX: CleanTalk's generic check moved to plugins_loaded priority 1 refuses marked submissions before it runs; ordinary ones keep it [27065.70ms]
(pass) GF modern AJAX: the marker only in a field a GF form filter adds is refused before CleanTalk's generic check; ordinary submissions with that field keep it [27462.43ms]
(pass) GF modern AJAX before GF initializes: ordinary requests read no stored form; a marked one reads it only under the audited GF core, and another GF version refuses it before any form read or CleanTalk request [63234.69ms]
(pass) GF modern AJAX from a logged-in admin: with CleanTalk's logged-in protection off it binds no generic check; on, marked submissions have it removed and ordinary ones keep it (it runs, and skips this admin) [65703.23ms]
(pass) marked wp_mail through FluentSMTP: control-padded and folded recipient headers never reach the effective envelope or the Simulator log; ordinary mail keeps them [19199.41ms]
(pass) full stack after marked submissions: ordinary controls are unchanged [40844.27ms]
