bun test v1.4.2 (744846f84)

test/forms/browser.test.ts:
Awaiting-audit fixture /gf-awaiting: awaiting-audit
Awaiting-audit fixture /gf-awaiting-multi: awaiting-audit
Awaiting-audit fixture /gf-awaiting-nested: awaiting-audit
Awaiting-audit fixture /ff-awaiting: awaiting-audit
Awaiting-audit fixture /gf-awaiting-only-container: rejected
281 |       policy.freeze(); const prepared = await fillForm(page, (await detectForms(page))[0]!, config, newSubmissionId());
282 |       expect(prepared.state).toBe("prepared"); if (prepared.state !== "prepared") return;
283 |       const before = writes;
284 |       const result = await submitForm(page, prepared, policy, { timeoutMs: 1_000, redact });
285 |       console.log(`Awaiting-audit fixture ${path}: ${result.state}`);
286 |       expect(`${path}: ${result.state}`).toBe(`${path}: ${expected}`);
                                               ^
error: expect(received).toBe(expected)

Expected: "/gf-awaiting-only-container: awaiting-audit"
Received: "/gf-awaiting-only-container: rejected"

      at <anonymous> (/home/rudi/Work/Privatni/Pirax-Castrum-Maintenance/issues/worktrees/checker-awaiting-audit-u1/test/forms/browser.test.ts:286:42)
      at async visit (/home/rudi/Work/Privatni/Pirax-Castrum-Maintenance/issues/worktrees/checker-awaiting-audit-u1/test/forms/browser.test.ts:165:158)
      at async <anonymous> (/home/rudi/Work/Privatni/Pirax-Castrum-Maintenance/issues/worktrees/checker-awaiting-audit-u1/test/forms/browser.test.ts:280:11)
(fail) exact awaiting-audit refusals are classified per message; near matches, extra refusals, stale and foreign messages are not [1960.58ms]

 0 pass
 21 filtered out
 1 fail
 22 expect() calls
Ran 1 test across 1 file. [2.22s]
bun test v1.4.2 (744846f84)

test/forms/browser.test.ts:
Awaiting-audit fixture /gf-awaiting: awaiting-audit
Awaiting-audit fixture /gf-awaiting-multi: awaiting-audit
Awaiting-audit fixture /gf-awaiting-nested: awaiting-audit
Awaiting-audit fixture /ff-awaiting: awaiting-audit
Awaiting-audit fixture /gf-awaiting-generic-in-container: awaiting-audit
281 |       policy.freeze(); const prepared = await fillForm(page, (await detectForms(page))[0]!, config, newSubmissionId());
282 |       expect(prepared.state).toBe("prepared"); if (prepared.state !== "prepared") return;
283 |       const before = writes;
284 |       const result = await submitForm(page, prepared, policy, { timeoutMs: 1_000, redact });
285 |       console.log(`Awaiting-audit fixture ${path}: ${result.state}`);
286 |       expect(`${path}: ${result.state}`).toBe(`${path}: ${expected}`);
                                               ^
error: expect(received).toBe(expected)

Expected: "/gf-awaiting-generic-in-container: rejected"
Received: "/gf-awaiting-generic-in-container: awaiting-audit"

      at <anonymous> (/home/rudi/Work/Privatni/Pirax-Castrum-Maintenance/issues/worktrees/checker-awaiting-audit-u1/test/forms/browser.test.ts:286:42)
      at async visit (/home/rudi/Work/Privatni/Pirax-Castrum-Maintenance/issues/worktrees/checker-awaiting-audit-u1/test/forms/browser.test.ts:165:158)
      at async <anonymous> (/home/rudi/Work/Privatni/Pirax-Castrum-Maintenance/issues/worktrees/checker-awaiting-audit-u1/test/forms/browser.test.ts:280:11)
(fail) exact awaiting-audit refusals are classified per message; near matches, extra refusals, stale and foreign messages are not [1484.63ms]

 0 pass
 21 filtered out
 1 fail
 22 expect() calls
Ran 1 test across 1 file. [1.75s]
